******************************************************************************
                  TI ARM Linker Unix v18.12.2                  
******************************************************************************
>> Linked Tue Dec 31 01:43:25 2019

OUTPUT FILE NAME:   <ble5_project_zero_cc26x2r1lp_app_FlashROM_Debug.out>
ENTRY POINT SYMBOL: "ResetISR"  address: 00021a0d


MEMORY CONFIGURATION

         name            origin    length      used     unused   attr    fill
----------------------  --------  ---------  --------  --------  ----  --------
  FLASH_IMG_HDR         00000000   00000050  00000038  00000018  R  X
  ENTRY                 00000050   00000040  0000003c  00000004  R  X
  FLASH                 00000090   00056090  00035486  00020c0a  R  X
  SRAM                  20000000   000134f8  0000bed5  00007623  RW X


SEGMENT ALLOCATION MAP

run origin  load origin   length   init length attrs members
----------  ----------- ---------- ----------- ----- -------
00000000    00000000    00000038   00000038    r--
  00000000    00000000    00000038   00000038    r-- .image_header
00000050    00000050    000314c8   000314c8    r-x
  00000050    00000050    0000003c   0000003c    r-- .resetVecs
  00000090    00000090    0002cfc4   0002cfc4    r-x .text
  0002d054    0002d054    0000347a   0000347a    r-- .const
  000304d0    000304d0    000009f0   000009f0    r-- .rodata
  00030ec0    00030ec0    00000658   00000658    r-- .cinit
00048000    00048000    00004000   00000000    rw-
  00048000    00048000    00004000   00000000    rw- .TI.bound:flashBuf
20001830    20001830    00000010   00000000    rw-
  20001830    20001830    00000010   00000000    rw- .TI.bound:dmaSpi0RxControlTableEntry
20001840    20001840    00000010   00000000    rw-
  20001840    20001840    00000010   00000000    rw- .TI.bound:dmaSpi0TxControlTableEntry
20001900    20001900    00000010   00000000    rw-
  20001900    20001900    00000010   00000000    rw- .TI.bound:dmaSpi1RxControlTableEntry
20001910    20001910    00000010   00000000    rw-
  20001910    20001910    00000010   00000000    rw- .TI.bound:dmaSpi1TxControlTableEntry
20001a30    20001a30    00000010   00000000    rw-
  20001a30    20001a30    00000010   00000000    rw- .TI.bound:dmaSpi0RxAltControlTableEntry
20001a40    20001a40    00000010   00000000    rw-
  20001a40    20001a40    00000010   00000000    rw- .TI.bound:dmaSpi0TxAltControlTableEntry
20001b00    20001b00    00000010   00000000    rw-
  20001b00    20001b00    00000010   00000000    rw- .TI.bound:dmaSpi1RxAltControlTableEntry
20001b10    20001b10    00000010   00000000    rw-
  20001b10    20001b10    00000010   00000000    rw- .TI.bound:dmaSpi1TxAltControlTableEntry
20001b80    20001b80    00000ed8   00000000    rw-
  20001b80    20001b80    00000ed8   00000000    rw- .data
20002a80    20002a80    0000aa7d   00000000    rw-
  20002a80    20002a80    0000aa7d   00000000    rw- .bss
200130f8    200130f8    00000400   00000000    rw-
  200130f8    200130f8    00000400   00000000    rw- .stack


SECTION ALLOCATION MAP

 output                                  attributes/
section   page    origin      length       input sections
--------  ----  ----------  ----------   ----------------
.bootVecs 
*          0    00000000    00000008     DSECT
                  00000000    00000008     boot.aem4f : boot.oem4f (.bootVecs)

.resetVecs 
*          0    00000050    0000003c     
                  00000050    0000003c     ble_debug_pem4f.oem4f (.resetVecs)

.vecs      0    20000000    000000d8     NOLOAD SECTION
                  20000000    000000d8     ble_debug_pem4f.oem4f (.vecs)

xdc.meta   0    00000000    0000010e     COPY SECTION
                  00000000    0000010e     ble_debug_pem4f.oem4f (xdc.meta)

.image_header 
*          0    00000000    00000038     
                  00000000    00000038     oad_image_header_app.obj (.image_header:retain)

.resetVecs 
*          0    00000050    00000000     UNINITIALIZED

.intvecs   0    00000050    00000000     UNINITIALIZED

EntrySection 
*          0    00000050    00000000     UNINITIALIZED

.cinit     0    00030ec0    00000658     
                  00030ec0    000005ad     (.cinit..data.load) [load image, compression = lzss]
                  0003146d    00000003     --HOLE-- [fill = 0]
                  00031470    0000000c     (__TI_handler_table)
                  0003147c    00000004     --HOLE-- [fill = 0]
                  00031480    00000008     (.cinit..TI.bound:dmaSpi0RxAltControlTableEntry.load) [load image, compression = zero_init]
                  00031488    00000008     (.cinit..TI.bound:dmaSpi0RxControlTableEntry.load) [load image, compression = zero_init]
                  00031490    00000008     (.cinit..TI.bound:dmaSpi0TxAltControlTableEntry.load) [load image, compression = zero_init]
                  00031498    00000008     (.cinit..TI.bound:dmaSpi0TxControlTableEntry.load) [load image, compression = zero_init]
                  000314a0    00000008     (.cinit..TI.bound:dmaSpi1RxAltControlTableEntry.load) [load image, compression = zero_init]
                  000314a8    00000008     (.cinit..TI.bound:dmaSpi1RxControlTableEntry.load) [load image, compression = zero_init]
                  000314b0    00000008     (.cinit..TI.bound:dmaSpi1TxAltControlTableEntry.load) [load image, compression = zero_init]
                  000314b8    00000008     (.cinit..TI.bound:dmaSpi1TxControlTableEntry.load) [load image, compression = zero_init]
                  000314c0    00000008     (.cinit..bss.load) [load image, compression = zero_init]
                  000314c8    00000050     (__TI_cinit_table)

.TI.bound:flashBuf 
*          0    00048000    00004000     UNINITIALIZED
                  00048000    00004000     CC26X2R1_LAUNCHXL.obj (.TI.bound:flashBuf)

.TI.bound:dmaSpi0RxControlTableEntry 
*          0    20001830    00000010     UNINITIALIZED
                  20001830    00000010     drivers_cc26x2_v1.aem4f : SPICC26X2DMA.oem4f (.TI.bound:dmaSpi0RxControlTableEntry)

.TI.bound:dmaSpi0TxControlTableEntry 
*          0    20001840    00000010     UNINITIALIZED
                  20001840    00000010     drivers_cc26x2_v1.aem4f : SPICC26X2DMA.oem4f (.TI.bound:dmaSpi0TxControlTableEntry)

.TI.bound:dmaSpi1RxControlTableEntry 
*          0    20001900    00000010     UNINITIALIZED
                  20001900    00000010     drivers_cc26x2_v1.aem4f : SPICC26X2DMA.oem4f (.TI.bound:dmaSpi1RxControlTableEntry)

.TI.bound:dmaSpi1TxControlTableEntry 
*          0    20001910    00000010     UNINITIALIZED
                  20001910    00000010     drivers_cc26x2_v1.aem4f : SPICC26X2DMA.oem4f (.TI.bound:dmaSpi1TxControlTableEntry)

.TI.bound:dmaSpi0RxAltControlTableEntry 
*          0    20001a30    00000010     UNINITIALIZED
                  20001a30    00000010     drivers_cc26x2_v1.aem4f : SPICC26X2DMA.oem4f (.TI.bound:dmaSpi0RxAltControlTableEntry)

.TI.bound:dmaSpi0TxAltControlTableEntry 
*          0    20001a40    00000010     UNINITIALIZED
                  20001a40    00000010     drivers_cc26x2_v1.aem4f : SPICC26X2DMA.oem4f (.TI.bound:dmaSpi0TxAltControlTableEntry)

.TI.bound:dmaSpi1RxAltControlTableEntry 
*          0    20001b00    00000010     UNINITIALIZED
                  20001b00    00000010     drivers_cc26x2_v1.aem4f : SPICC26X2DMA.oem4f (.TI.bound:dmaSpi1RxAltControlTableEntry)

.TI.bound:dmaSpi1TxAltControlTableEntry 
*          0    20001b10    00000010     UNINITIALIZED
                  20001b10    00000010     drivers_cc26x2_v1.aem4f : SPICC26X2DMA.oem4f (.TI.bound:dmaSpi1TxAltControlTableEntry)

.data      0    20001b80    00000ed8     UNINITIALIZED
                  20001b80    00000130     devinfoservice.obj (.data:devInfoAttrTbl)
                  20001cb0    00000100     ble5_project_zero_cc26x2r1lp_stack_library.lib : gapbondmgr.obj (.data:$O1$$)
                  20001db0    000000d0     oad.obj (.data:oadAttrTbl)
                  20001e80    000000c8     drivers_cc26x2_v1.aem4f : PowerCC26X2.oem4f (.data:PowerCC26X2_module)
                  20001f48    000000a0     profiles_pxxx_coc.a : gapgattserver.o (.data)
                  20001fe8    0000007c     ble5_project_zero_cc26x2r1lp_stack_library.lib : osal_cbtimer.obj (.data:$O1$$)
                  20002064    00000070     button_service.obj (.data:Button_ServiceAttrTbl)
                  200020d4    00000068     ble_debug_pem4f.oem4f (.data:ti_uia_loggers_LoggerStopMode_Object__table__V)
                  2000213c    00000060     data_service.obj (.data:Data_ServiceAttrTbl)
                  2000219c    00000050     led_service.obj (.data:LED_ServiceAttrTbl)
                  200021ec    0000004c     ll_pxxx.a : ll_config.o (.data)
                  20002238    0000004c     ble_debug_pem4f.oem4f (.data:ti_sysbios_knl_Task_Object__table__V)
                  20002284    00000048     ble_user_config.obj (.data:rfRegTbl)
                  200022cc    00000004     ble5_project_zero_cc26x2r1lp_stack_library.lib : gap.obj (.data:$O1$$)
                  200022d0    00000048     ble_debug_pem4f.oem4f (.data:ti_sysbios_family_arm_cc26xx_Timer_Object__table__V)
                  20002318    00000044     ble_debug_pem4f.oem4f (.data:ti_sysbios_knl_Task_Module__state__V)
                  2000235c    00000040     profiles_pxxx_coc.a : gattservapp.o (.data)
                  2000239c    00000035     oad.obj (.data)
                  200023d1    00000003     oad.obj (.data:oadCharVals)
                  200023d4    00000034     ble_debug_pem4f.oem4f (.data:ti_sysbios_family_arm_m3_Hwi_Module__state__V)
                  20002408    00000030     ble_debug_pem4f.oem4f (.data:ti_sysbios_knl_Swi_Module_State_0_readyQ__A)
                  20002438    00000030     ble_debug_pem4f.oem4f (.data:ti_sysbios_knl_Swi_Object__table__V)
                  20002468    00000030     ble_debug_pem4f.oem4f (.data:ti_sysbios_knl_Task_Module_State_0_readyQ__A)
                  20002498    0000002c     CC26X2R1_LAUNCHXL.obj (.data:gpioPinConfigs)
                  200024c4    0000002c     ble_debug_pem4f.oem4f (.data:ti_sysbios_knl_Clock_Module__state__V)
                  200024f0    00000028     ble5_project_zero_cc26x2r1lp_stack_library.lib : osal.obj (.data:$O1$$)
                  20002518    00000028     data_service.obj (.data:ds_StringVal)
                  20002540    00000028     icall_user_config.obj (.data:nvintfFncStruct)
                  20002568    00000028     project_zero.obj (.data:received_string$9)
                  20002590    00000024     ble_debug_pem4f.oem4f (.data:ti_sysbios_BIOS_Module__state__V)
                  200025b4    00000020     ble_user_config.obj (.data:eccParams_NISTP256)
                  200025d4    00000020     project_zero.obj (.data:localNameStr$11)
                  200025f4    00000020     ble_debug_pem4f.oem4f (.data:ti_sysbios_heaps_HeapTrack_Object__table__V)
                  20002614    00000020     ble_debug_pem4f.oem4f (.data:ti_sysbios_knl_Clock_Object__table__V)
                  20002634    00000020     ble_debug_pem4f.oem4f (.data:xdc_runtime_Error_IgnoreBlock)
                  20002654    0000001c     ble_debug_pem4f.oem4f (.data:ti_sysbios_gates_GateMutex_Object__table__V)
                  20002670    0000001c     ble_debug_pem4f.oem4f (.data:ti_sysbios_knl_Swi_Module__state__V)
                  2000268c    00000018     ble_debug_pem4f.oem4f (.data:ti_sysbios_family_arm_m3_Hwi_Object__table__V)
                  200026a4    00000018     ble_debug_pem4f.oem4f (.data:ti_sysbios_heaps_HeapMem_Object__table__V)
                  200026bc    00000015     project_zero.obj (.data:attDeviceName)
                  200026d1    00000015     devinfoservice.obj (.data:devInfoFirmwareRev)
                  200026e6    00000015     devinfoservice.obj (.data:devInfoHardwareRev)
                  200026fb    00000015     devinfoservice.obj (.data:devInfoMfrName)
                  20002710    00000015     devinfoservice.obj (.data:devInfoModelNumber)
                  20002725    00000015     devinfoservice.obj (.data:devInfoSerialNumber)
                  2000273a    00000015     devinfoservice.obj (.data:devInfoSoftwareRev)
                  2000274f    00000014     data_service.obj (.data:ds_StreamVal)
                  20002763    00000001     TRNGCC26XX.obj (.data)
                  20002764    00000014     gap_pxxx_coc.a : gap_configmgr.o (.data)
                  20002778    00000014     icall.obj (.data)
                  2000278c    00000013     project_zero.obj (.data:advertData)
                  2000279f    00000012     project_zero.obj (.data:scanRspData)
                  200027b1    00000002     drivers_cc26x2_v1.aem4f : CryptoResourceCC26XX.oem4f (.data)
                  200027b3    00000001     button_service.obj (.data:bs_BUTTON0Val)
                  200027b4    00000010     icall_user_config.obj (.data:bleAppServiceInfoTable)
                  200027c4    00000010     gap_pxxx_coc.a : gap_configmgr.o (.data)
                  200027d4    00000010     CC26X2R1_LAUNCHXL.obj (.data:gpioCallbackFunctions)
                  200027e4    00000010     icall_api_lite.obj (.data)
                  200027f4    00000010     ll_pxxx.a : ll.o (.data)
                  20002804    00000010               : ll_data.o (.data)
                  20002814    00000010     ble_user_config.obj (.data:rfRegTbl1M)
                  20002824    00000010     ble_user_config.obj (.data:rfRegTbl2M)
                  20002834    00000010     ble_user_config.obj (.data:rfRegTblCoded)
                  20002844    00000010     main.obj (.data:user0Cfg)
                  20002854    0000000e     data_service.obj (.data)
                  20002862    0000000e     devinfoservice.obj (.data:defaultDevInfo11073Cert)
                  20002870    0000000e     devinfoservice.obj (.data)
                  2000287e    00000002     drivers_cc26x2_v1.aem4f : PKAResourceCC26XX.oem4f (.data)
                  20002880    0000000c     project_zero.obj (.data:buttonPinTable)
                  2000288c    0000000c     button_service.obj (.data)
                  20002898    0000000c     project_zero.obj (.data:ledPinTable)
                  200028a4    0000000c     led_service.obj (.data)
                  200028b0    0000000c     ll_pxxx.a : ll_common.o (.data)
                  200028bc    0000000c     ble_debug_pem4f.oem4f (.data:ti_sysbios_knl_Event_Module__root__V)
                  200028c8    0000000c     ble_debug_pem4f.oem4f (.data:ti_sysbios_knl_Task_Module__root__V)
                  200028d4    0000000c     ble_debug_pem4f.oem4f (.data:ti_uia_runtime_QueueDescriptor_Module__state__V)
                  200028e0    0000000c     ble_debug_pem4f.oem4f (.data:xdc_runtime_SysMin_Module__state__V)
                  200028ec    0000000a     UartLog.obj (.data)
                  200028f6    00000002     gap_pxxx_coc.a : gap_linkmgr.o (.data)
                  200028f8    00000009     project_zero.obj (.data)
                  20002901    00000001     button_service.obj (.data:bs_BUTTON1Val)
                  20002902    00000002     gatt_pxxx_coc.a : gatt_server.o (.data)
                  20002904    00000008     ble5_project_zero_cc26x2r1lp_stack_library.lib : hal_assert.obj (.data:$O1$$)
                  2000290c    00000008                                                    : osal_clock.obj (.data:$O1$$)
                  20002914    00000008     rtsv7M4_T_le_v4SPD16_eabi.lib : _lock.c.obj (.data:$O1$$)
                  2000291c    00000008     project_zero.obj (.data:ProjectZero_BondMgrCBs)
                  20002924    00000008     project_zero.obj (.data:ProjectZero_Button_ServiceCBs)
                  2000292c    00000008     project_zero.obj (.data:ProjectZero_Data_ServiceCBs)
                  20002934    00000008     project_zero.obj (.data:ProjectZero_LED_ServiceCBs)
                  2000293c    00000008     data_service.obj (.data:SpeakerPinTable)
                  20002944    00000008     devinfoservice.obj (.data:devInfoSystemId)
                  2000294c    00000008     drivers_cc26x2_v1.aem4f : PINCC26XX.oem4f (.data)
                  20002954    00000008     icall_cc2650.obj (.data)
                  2000295c    00000008     profiles_pxxx_coc.a : gapgattserver.o (.data)
                  20002964    00000008     ti.uia.runtime.aem4f : QueueDescriptor.oem4f (.data)
                  2000296c    00000008     ble_debug_pem4f.oem4f (.data:ti_sysbios_family_arm_cc26xx_Timer_Module__state__V)
                  20002974    00000008     ble_debug_pem4f.oem4f (.data:ti_sysbios_family_arm_m3_Hwi_Module__root__V)
                  2000297c    00000008     ble_debug_pem4f.oem4f (.data:ti_sysbios_gates_GateHwi_Module__root__V)
                  20002984    00000008     ble_debug_pem4f.oem4f (.data:ti_sysbios_gates_GateHwi_Object__table__V)
                  2000298c    00000008     ble_debug_pem4f.oem4f (.data:ti_sysbios_gates_GateMutexPri_Module__root__V)
                  20002994    00000008     ble_debug_pem4f.oem4f (.data:ti_sysbios_gates_GateMutex_Module__root__V)
                  2000299c    00000008     ble_debug_pem4f.oem4f (.data:ti_sysbios_heaps_HeapMem_Module__root__V)
                  200029a4    00000008     ble_debug_pem4f.oem4f (.data:ti_sysbios_heaps_HeapTrack_Module__root__V)
                  200029ac    00000008     ble_debug_pem4f.oem4f (.data:ti_sysbios_knl_Clock_Module__root__V)
                  200029b4    00000008     ble_debug_pem4f.oem4f (.data:ti_sysbios_knl_Queue_Module__root__V)
                  200029bc    00000008     ble_debug_pem4f.oem4f (.data:ti_sysbios_knl_Semaphore_Module__root__V)
                  200029c4    00000008     ble_debug_pem4f.oem4f (.data:ti_sysbios_knl_Swi_Module__root__V)
                  200029cc    00000008     ble_debug_pem4f.oem4f (.data:ti_uia_loggers_LoggerStopMode_Module__root__V)
                  200029d4    00000008     ble_debug_pem4f.oem4f (.data:xdc_runtime_Registry_Module__state__V)
                  200029dc    00000008     ble_debug_pem4f.oem4f (.data:xdc_runtime_Startup_Module__state__V)
                  200029e4    00000008     ble_debug_pem4f.oem4f (.data:xdc_runtime_System_Module__state__V)
                  200029ec    00000007     devinfoservice.obj (.data:devInfoPnpId)
                  200029f3    00000001     drivers_cc26x2_v1.aem4f : AESCCMCC26XX.oem4f (.data)
                  200029f4    00000006     nvoctp.obj (.data)
                  200029fa    00000002     l2cap_pxxx_coc.a : l2cap_task.o (.data)
                  200029fc    00000005     drivers_cc26x2_v1.aem4f : GPIOCC26XX.oem4f (.data)
                  20002a01    00000001                             : AESECBCC26XX.oem4f (.data)
                  20002a02    00000002     l2cap_pxxx_coc.a : l2cap_task.o (.data)
                  20002a04    00000004     ble5_project_zero_cc26x2r1lp_stack_library.lib : osal_pwrmgr.obj (.data:$O1$$)
                  20002a08    00000004     icall.obj (.data:ICall_initParams)
                  20002a0c    00000004     project_zero.obj (.data:ProjectZero_oadCBs)
                  20002a10    00000004     ble5_project_zero_cc26x2r1lp_stack_library.lib : ble_user_config.obj (.data)
                  20002a14    00000004                                                    : osal_bufmgr.obj (.data)
                  20002a18    00000004     ble_user_config.obj (.data)
                  20002a1c    00000004     drivers_cc26x2_v1.aem4f : GPIOCC26XX.oem4f (.data:gpioPinTable)
                  20002a20    00000004     rtsv7M4_T_le_v4SPD16_eabi.lib : stkdepth_vars.c.obj (.data)
                  20002a24    00000004     ble_debug_pem4f.oem4f (.data:ti_sysbios_family_arm_cc26xx_TimestampProvider_Module__state__V)
                  20002a28    00000004     ble_debug_pem4f.oem4f (.data:ti_sysbios_family_arm_m3_Hwi_Module_State_0_excContext__A)
                  20002a2c    00000004     ble_debug_pem4f.oem4f (.data:ti_sysbios_family_arm_m3_Hwi_Module_State_0_excStack__A)
                  20002a30    00000004     ble_debug_pem4f.oem4f (.data:ti_sysbios_knl_Task_Module_State_0_idleTask__A)
                  20002a34    00000004     ble_debug_pem4f.oem4f (.data:xdc_runtime_Memory_Module__state__V)
                  20002a38    00000002     ll_pxxx.a : ll_ae.o (.data)
                  20002a3a    00000002     sm_pxxx_coc.a : sm_mgr.o (.data)
                  20002a3c    00000002     ble_debug_pem4f.oem4f (.data:ti_sysbios_family_arm_m3_Hwi_Module_State_0_excActive__A)
                  20002a3e    00000002     ble_debug_pem4f.oem4f (.data:xdc_runtime_Error_Module__state__V)
                  20002a40    00000001     drivers_cc26x2_v1.aem4f : ECDHCC26X2.oem4f (.data)
                  20002a41    00000001                             : NVS.oem4f (.data)
                  20002a42    00000001                             : SPI.oem4f (.data)
                  20002a43    00000001                             : UART.oem4f (.data)
                  20002a44    00000001     flash_interface_ext_rtos_NVS.obj (.data)
                  20002a45    00000001     gap_pxxx_coc.a : gap_advertiser.o (.data)
                  20002a46    00000001                    : gap_task.o (.data)
                  20002a47    00000001     gatt_pxxx_coc.a : gatt_client.o (.data)
                  20002a48    00000001                     : gatt_server.o (.data)
                  20002a49    00000001                     : gatt_task.o (.data)
                  20002a4a    00000001     l2cap_pxxx_coc.a : l2cap_task.o (.data)
                  20002a4b    00000001                      : l2cap_task.o (.data)
                  20002a4c    00000001     ll_pxxx.a : ll_ae.o (.data)
                  20002a4d    00000001               : ll_ae.o (.data)
                  20002a4e    00000001               : ll_scheduler.o (.data)
                  20002a4f    00000001     led_service.obj (.data:ls_LED0Val)
                  20002a50    00000001     led_service.obj (.data:ls_LED1Val)
                  20002a51    00000001     profiles_pxxx_coc.a : gapgattserver.o (.data)
                  20002a52    00000001                         : gapgattserver.o (.data)
                  20002a53    00000001                         : gapgattserver.o (.data)
                  20002a54    00000001                         : gapgattserver.o (.data)
                  20002a55    00000001                         : gapgattserver.o (.data)
                  20002a56    00000001                         : gattservapp.o (.data)
                  20002a57    00000001                         : gattservapp.o (.data)

.bss       0    20002a80    0000aa7d     UNINITIALIZED
                  20002a80    00007530     (.common:ti_sysbios_heaps_HeapMem_Instance_State_0_buf__A)
                  20009fb0    00000800     (.common:appTaskStack)
                  2000a7b0    00000050     (.common:pzTask)
                  2000a800    00000800     (.common:ti_uia_loggers_LoggerStopMode_Instance_State_1_packetArray__A)
                  2000b000    00000500     (.common:uartLog_evBuf)
                  2000b500    00000300     ble_debug_pem4f.oem4f (.bss:taskStackSection)
                  2000b800    00000300     (.common:xdc_runtime_SysMin_Module_State_0_outbuf__A)
                  2000bb00    00000250     (.common:uartCC26XXObjects)
                  2000bd50    00000030     rf_multiMode_cc26x2_v1.aem4f : RFCC26X2_multiMode.oem4f (.bss:RF_Sch)
                  2000bd80    00000200     (.common:ti_uia_loggers_LoggerStopMode_Instance_State_0_packetArray__A)
                  2000bf80    000001c0                                  : RFCC26X2_multiMode.oem4f (.bss:RF_cmdPool)
                  2000c140    000001a0     (.common:spiCC26X2DMAObjects)
                  2000c2e0    00000120     rtsv7M4_T_le_v4SPD16_eabi.lib : trgmsg.c.obj (.bss:_CIOBUF_)
                  2000c400    00000100     (.common:crcBuf)
                  2000c500    000000d8     (.common:ti_sysbios_family_arm_m3_Hwi_dispatchTable)
                  2000c5d8    000000c8     ll_pxxx.a : ll.o (.bss)
                  2000c6a0    000000ac     (.common:uartLog_outBuf)
                  2000c74c    0000007c     (.common:pinHandleTable)
                  2000c7c8    00000068     rf_multiMode_cc26x2_v1.aem4f : RFCC26X2_multiMode.oem4f (.bss:RF_ratModule)
                  2000c830    00000060     project_zero.obj (.bss:connList)
                  2000c890    00000054     (.common:ecdhCC26X2Objects)
                  2000c8e4    0000004c     (.common:aesccmCC26XXObjects)
                  2000c930    0000004c     (.common:aesecbCC26XXObjects)
                  2000c97c    00000048     icall.obj (.bss:ICall_entities)
                  2000c9c4    00000044     ll_pxxx.a : ll_ae.o (.bss)
                  2000ca08    00000044     sm_pxxx_coc.a : sm_pairing.o (.bss)
                  2000ca4c    00000040     CC26X2R1_LAUNCHXL.obj (.bss:verifyBuf)
                  2000ca8c    00000040     (.common:uartCC26XXRingBuffer)
                  2000cacc    00000038     oad.obj (.bss:candidateImageHeader)
                  2000cb04    00000038     ll_pxxx.a : ble.o (.bss)
                  2000cb3c    00000034     rf_multiMode_cc26x2_v1.aem4f : RFCC26X2_multiMode.oem4f (.bss:RF_swiFsmObj)
                  2000cb70    00000034                                  : RFCC26X2_multiMode.oem4f (.bss:RF_swiHwObj)
                  2000cba4    00000034     drivers_cc26x2_v1.aem4f : PINCC26XX.oem4f (.bss:pinSwi)
                  2000cbd8    00000030     gap_pxxx_coc.a : linkdb.o (.bss)
                  2000cc08    00000030     l2cap_pxxx_coc.a : l2cap_task.o (.bss)
                  2000cc38    00000028     (.common:nvFptrs)
                  2000cc60    00000020     rf_multiMode_cc26x2_v1.aem4f : RFCC26X2_multiMode.oem4f (.bss:RF_cmdQ)
                  2000cc80    00000030     (.common:ti_uia_loggers_LoggerStopMode_Instance_State_0_hdr__A)
                  2000ccb0    00000024     icall.obj (.bss:ICall_tasks)
                  2000ccd4    00000024     rf_multiMode_cc26x2_v1.aem4f : RFCC26X2_multiMode.oem4f (.bss:RF_clkPowerUpObj)
                  2000ccf8    00000008     button_service.obj (.bss)
                  2000cd00    00000030     (.common:ti_uia_loggers_LoggerStopMode_Instance_State_1_hdr__A)
                  2000cd30    00000024     project_zero.obj (.bss:button0DebounceClock)
                  2000cd54    00000024     project_zero.obj (.bss:button1DebounceClock)
                  2000cd78    00000024     ll_pxxx.a : ll.o (.bss)
                  2000cd9c    00000024               : ll_enc.o (.bss)
                  2000cdc0    00000024     oad.obj (.bss:oadActivityClk)
                  2000cde4    00000020     drivers_cc26x2_v1.aem4f : GPIOCC26XX.oem4f (.bss:gpioCallbackInfo)
                  2000ce04    00000020     ll_pxxx.a : ll_ecc.o (.bss)
                  2000ce24    00000020               : ll_enc.o (.bss)
                  2000ce44    00000020     drivers_cc26x2_v1.aem4f : PINCC26XX.oem4f (.bss:pinGpioConfigTable)
                  2000ce64    00000020     project_zero.obj (.bss)
                  2000ce84    00000020     (.common:udmaObjects)
                  2000cea4    0000001c     rf_multiMode_cc26x2_v1.aem4f : RFCC26X2_multiMode.oem4f (.bss:RF_hwiCpe0Obj)
                  2000cec0    0000001c                                  : RFCC26X2_multiMode.oem4f (.bss:RF_hwiHwObj)
                  2000cedc    0000001c     gap_pxxx_coc.a : gap_configmgr.o (.bss)
                  2000cef8    0000001c     ll_pxxx.a : ble.o (.bss)
                  2000cf14    0000001c     drivers_cc26x2_v1.aem4f : PINCC26XX.oem4f (.bss:pinHwi)
                  2000cf30    0000001c                             : PINCC26XX.oem4f (.bss:pinSemaphore)
                  2000cf4c    0000001c     (.common:CryptoResourceCC26XX_accessSemaphore)
                  2000cf68    0000001c     (.common:CryptoResourceCC26XX_hwi)
                  2000cf84    0000001c     (.common:CryptoResourceCC26XX_operationSemaphore)
                  2000cfa0    0000001c     (.common:PKAResourceCC26XX_accessSemaphore)
                  2000cfbc    0000001c     (.common:PKAResourceCC26XX_hwi)
                  2000cfd8    0000001c     (.common:PKAResourceCC26XX_operationSemaphore)
                  2000cff4    00000019     nvoctp.obj (.bss)
                  2000d00d    00000002     drivers_cc26x2_v1.aem4f : UARTCC26XX.oem4f (.bss)
                  2000d00f    00000001     att_pxxx_coc.a : att_util.o (.bss)
                  2000d010    00000018     profiles_pxxx_coc.a : gapgattserver.o (.bss)
                  2000d028    00000018                         : gattservapp.o (.bss)
                  2000d040    00000016     rf_multiMode_cc26x2_v1.aem4f : RFCC26X2_multiMode.oem4f (.bss)
                  2000d056    00000002     hci_pxxx.a : hci.o (.bss)
                  2000d058    00000014     rf_multiMode_cc26x2_v1.aem4f : RFCC26X2_multiMode.oem4f (.bss:RF_ratSyncCmd)
                  2000d06c    00000014                                  : RFCC26X2_multiMode.oem4f (.bss:RF_wakeupNotifyObj)
                  2000d080    00000014     project_zero.obj (.bss:addrStr$4)
                  2000d094    00000014     project_zero.obj (.bss:addrStr$6)
                  2000d0a8    00000014     project_zero.obj (.bss:addrStr$7)
                  2000d0bc    00000014     ll_pxxx.a : ble.o (.bss)
                  2000d0d0    00000014               : ll.o (.bss)
                  2000d0e4    00000014     oad.obj (.bss)
                  2000d0f8    00000014     driverlib.lib : osc.obj (.bss:oscHfGlobals)
                  2000d10c    00000014     drivers_cc26x2_v1.aem4f : GPIOCC26XX.oem4f (.bss:powerNotifyObj)
                  2000d120    00000010     rf_multiMode_cc26x2_v1.aem4f : RFCC26X2_multiMode.oem4f (.bss:RF_core)
                  2000d130    00000010     gap_pxxx_coc.a : gap_configmgr.o (.bss)
                  2000d140    00000010     ll_pxxx.a : ble.o (.bss)
                  2000d150    00000010               : ll_ecc.o (.bss)
                  2000d160    00000010               : ll_ecc.o (.bss)
                  2000d170    00000010               : ll_ecc.o (.bss)
                  2000d180    00000010               : ll_ecc.o (.bss)
                  2000d190    00000010               : ll_ecc.o (.bss)
                  2000d1a0    00000010               : ll_ecc.o (.bss)
                  2000d1b0    00000010               : ll_enc.o (.bss)
                  2000d1c0    00000010               : ll_enc.o (.bss)
                  2000d1d0    00000010               : ll_enc.o (.bss)
                  2000d1e0    00000010               : ll_enc.o (.bss)
                  2000d1f0    00000010     project_zero.obj (.bss:pretty_data_holder$8)
                  2000d200    00000010     drivers_cc26x2_v1.aem4f : NVSSPI25X.oem4f (.bss:spiHandles)
                  2000d210    00000010     (.common:BLE_CIPHER)
                  2000d220    00000010     (.common:BLE_GUESS)
                  2000d230    00000010     (.common:BLE_PASSWORD)
                  2000d240    0000000c     ble5_project_zero_cc26x2r1lp_stack_library.lib : osal_timers.obj (.bss:$O1$$)
                  2000d24c    0000000c     nvoctp.obj (.bss:NVOCTP_itemBuffer)
                  2000d258    0000000c     nvoctp.obj (.bss:NVOCTP_nvsAttrs)
                  2000d264    0000000c     project_zero.obj (.bss:appMsgQueue)
                  2000d270    0000000c     project_zero.obj (.bss:buttonPinState)
                  2000d27c    0000000c     drivers_cc26x2_v1.aem4f : NVSCC26XX.oem4f (.bss)
                  2000d288    0000000c                             : NVSSPI25X.oem4f (.bss)
                  2000d294    0000000c                             : GPIOCC26XX.oem4f (.bss:gpioPinState)
                  2000d2a0    0000000c     project_zero.obj (.bss:ledPinState)
                  2000d2ac    0000000c     ll_pxxx.a : ll_ecc.o (.bss)
                  2000d2b8    0000000c               : ll_enc.o (.bss)
                  2000d2c4    0000000c               : ll_scheduler.o (.bss)
                  2000d2d0    0000000c     oad.obj (.bss:oadQ)
                  2000d2dc    0000000c     flash_interface_ext_rtos_NVS.obj (.bss:regionAttrs)
                  2000d2e8    0000000c     (.common:SpeakerPinState)
                  2000d2f4    0000000c     (.common:nvsSPI25XObjects)
                  2000d300    00000008     drivers_cc26x2_v1.aem4f : GPIOCC26XX.oem4f (.bss)
                  2000d308    00000008     gap_pxxx_coc.a : gap_configmgr.o (.bss)
                  2000d310    00000008                    : gap_linkmgr.o (.bss)
                  2000d318    00000008     hci_pxxx.a : hci_event.o (.bss)
                  2000d320    00000008                : hci_event.o (.bss)
                  2000d328    00000008                : hci_event.o (.bss)
                  2000d330    00000008     ll_pxxx.a : ll.o (.bss)
                  2000d338    00000008               : ll.o (.bss)
                  2000d340    00000008               : ll.o (.bss)
                  2000d348    00000008               : ll.o (.bss)
                  2000d350    00000008               : ll.o (.bss)
                  2000d358    00000008               : ll.o (.bss)
                  2000d360    00000008               : ll_common.o (.bss)
                  2000d368    00000008               : ll_privacy.o (.bss)
                  2000d370    00000008     project_zero.obj (.bss:paramUpdateList)
                  2000d378    00000008     profiles_pxxx_coc.a : gattservapp.o (.bss)
                  2000d380    00000008     project_zero.obj (.bss:setPhyCommStatList)
                  2000d388    00000008     project_zero.obj (.bss:versionStr$1)
                  2000d390    00000008     (.common:parmbuf)
                  2000d398    00000004     att_pxxx_coc.a : att_client.o (.bss)
                  2000d39c    00000004                    : att_server.o (.bss)
                  2000d3a0    00000004     data_service.obj (.bss)
                  2000d3a4    00000004     drivers_cc26x2_v1.aem4f : ECDHCC26X2.oem4f (.bss)
                  2000d3a8    00000004                             : PINCC26XX.oem4f (.bss)
                  2000d3ac    00000004     flash_interface_ext_rtos_NVS.obj (.bss)
                  2000d3b0    00000004     gap_pxxx_coc.a : gap_advertiser.o (.bss)
                  2000d3b4    00000004                    : gap_linkmgr.o (.bss)
                  2000d3b8    00000004                    : gap_linkmgr.o (.bss)
                  2000d3bc    00000004                    : gap_linkmgr.o (.bss)
                  2000d3c0    00000004                    : gap_linkmgr.o (.bss)
                  2000d3c4    00000004                    : gap_perilinkmgr.o (.bss)
                  2000d3c8    00000004                    : gap_task.o (.bss)
                  2000d3cc    00000004                    : linkdb.o (.bss)
                  2000d3d0    00000004     gatt_pxxx_coc.a : gatt_client.o (.bss)
                  2000d3d4    00000004                     : gatt_server.o (.bss)
                  2000d3d8    00000004                     : gatt_server.o (.bss)
                  2000d3dc    00000004                     : gatt_task.o (.bss)
                  2000d3e0    00000004                     : gatt_task.o (.bss)
                  2000d3e4    00000004     icall.obj (.bss)
                  2000d3e8    00000004     l2cap_pxxx_coc.a : l2cap_task.o (.bss)
                  2000d3ec    00000004                      : l2cap_task.o (.bss)
                  2000d3f0    00000004     ll_pxxx.a : ble.o (.bss)
                  2000d3f4    00000004               : ble.o (.bss)
                  2000d3f8    00000004               : ble.o (.bss)
                  2000d3fc    00000004               : ble.o (.bss)
                  2000d400    00000004               : ble.o (.bss)
                  2000d404    00000004               : ll.o (.bss)
                  2000d408    00000004               : ll.o (.bss)
                  2000d40c    00000004               : ll.o (.bss)
                  2000d410    00000004               : ll.o (.bss)
                  2000d414    00000004               : ll.o (.bss)
                  2000d418    00000004               : ll.o (.bss)
                  2000d41c    00000004               : ll.o (.bss)
                  2000d420    00000004               : ll.o (.bss)
                  2000d424    00000004               : ll.o (.bss)
                  2000d428    00000004               : ll.o (.bss)
                  2000d42c    00000004               : ll.o (.bss)
                  2000d430    00000004               : ll.o (.bss)
                  2000d434    00000004               : ll_ae.o (.bss)
                  2000d438    00000004               : ll_ecc.o (.bss)
                  2000d43c    00000004               : ll_ecc.o (.bss)
                  2000d440    00000004               : ll_enc.o (.bss)
                  2000d444    00000004               : ll_enc.o (.bss)
                  2000d448    00000004               : ll_privacy.o (.bss)
                  2000d44c    00000004               : ll_wl.o (.bss)
                  2000d450    00000004               : ll_wl.o (.bss)
                  2000d454    00000004     flash_interface_ext_rtos_NVS.obj (.bss:nvsParams)
                  2000d458    00000004     profiles_pxxx_coc.a : gapgattserver.o (.bss)
                  2000d45c    00000004                         : gattservapp.o (.bss)
                  2000d460    00000004                         : gattservapp.o (.bss)
                  2000d464    00000004                         : gattservapp.o (.bss)
                  2000d468    00000004                         : gattservapp.o (.bss)
                  2000d46c    00000004     sm_pxxx_coc.a : sm_pairing.o (.bss)
                  2000d470    00000004                   : sm_pairing.o (.bss)
                  2000d474    00000004                   : sm_pairing.o (.bss)
                  2000d478    00000004                   : sm_rsppairing.o (.bss)
                  2000d47c    00000004     drivers_cc26x2_v1.aem4f : NVSSPI25X.oem4f (.bss:spiHandleUsers)
                  2000d480    00000004     (.common:ClockP_tickPeriod)
                  2000d484    00000004     (.common:PowerCC26XX_swiKey)
                  2000d488    00000004     (.common:PowerCC26XX_taskKey)
                  2000d48c    00000004     (.common:SpeakerPinHandle)
                  2000d490    00000004     (.common:nvsCC26xxObjects)
                  2000d494    00000004     (.common:tasksEvents)
                  2000d498    00000004     (.common:trngCC26XXObjects)
                  2000d49c    00000002     ll_pxxx.a : ll.o (.bss)
                  2000d49e    00000002               : ll.o (.bss)
                  2000d4a0    00000002               : ll.o (.bss)
                  2000d4a2    00000002               : ll.o (.bss)
                  2000d4a4    00000002               : ll.o (.bss)
                  2000d4a6    00000002               : ll.o (.bss)
                  2000d4a8    00000002               : ll.o (.bss)
                  2000d4aa    00000002               : ll.o (.bss)
                  2000d4ac    00000002               : ll.o (.bss)
                  2000d4ae    00000002               : ll.o (.bss)
                  2000d4b0    00000002               : ll.o (.bss)
                  2000d4b2    00000002               : ll.o (.bss)
                  2000d4b4    00000002               : ll.o (.bss)
                  2000d4b6    00000002               : ll_slave_end_causes.o (.bss)
                  2000d4b8    00000002     profiles_pxxx_coc.a : gapgattserver.o (.bss)
                  2000d4ba    00000002                         : gattservapp.o (.bss)
                  2000d4bc    00000001     gap_pxxx_coc.a : gap_advertiser.o (.bss)
                  2000d4bd    00000001                    : gap_advertiser.o (.bss)
                  2000d4be    00000001                    : gap_advertiser.o (.bss)
                  2000d4bf    00000001                    : gap_configmgr.o (.bss)
                  2000d4c0    00000001                    : gap_configmgr.o (.bss)
                  2000d4c1    00000001                    : gap_devmgr.o (.bss)
                  2000d4c2    00000001                    : gap_linkmgr.o (.bss)
                  2000d4c3    00000001                    : gap_task.o (.bss)
                  2000d4c4    00000001                    : linkdb.o (.bss)
                  2000d4c5    00000001                    : linkdb.o (.bss)
                  2000d4c6    00000001     gatt_pxxx_coc.a : gatt_task.o (.bss)
                  2000d4c7    00000001                     : gatt_task.o (.bss)
                  2000d4c8    00000001     hci_pxxx.a : hci.o (.bss)
                  2000d4c9    00000001                : hci.o (.bss)
                  2000d4ca    00000001     hci_tl_none.a : hci_tl.o (.bss)
                  2000d4cb    00000001                   : hci_tl.o (.bss)
                  2000d4cc    00000001                   : hci_tl.o (.bss)
                  2000d4cd    00000001                   : hci_tl.o (.bss)
                  2000d4ce    00000001                   : hci_tl.o (.bss)
                  2000d4cf    00000001     l2cap_pxxx_coc.a : l2cap_if.o (.bss)
                  2000d4d0    00000001                      : l2cap_task.o (.bss)
                  2000d4d1    00000001                      : l2cap_task.o (.bss)
                  2000d4d2    00000001                      : l2cap_task.o (.bss)
                  2000d4d3    00000001                      : l2cap_task.o (.bss)
                  2000d4d4    00000001                      : l2cap_task.o (.bss)
                  2000d4d5    00000001                      : l2cap_task.o (.bss)
                  2000d4d6    00000001                      : l2cap_util.o (.bss)
                  2000d4d7    00000001                      : l2cap_util.o (.bss)
                  2000d4d8    00000001     ll_pxxx.a : ll.o (.bss)
                  2000d4d9    00000001               : ll.o (.bss)
                  2000d4da    00000001               : ll.o (.bss)
                  2000d4db    00000001               : ll.o (.bss)
                  2000d4dc    00000001               : ll.o (.bss)
                  2000d4dd    00000001               : ll.o (.bss)
                  2000d4de    00000001               : ll.o (.bss)
                  2000d4df    00000001               : ll.o (.bss)
                  2000d4e0    00000001               : ll.o (.bss)
                  2000d4e1    00000001               : ll.o (.bss)
                  2000d4e2    00000001               : ll.o (.bss)
                  2000d4e3    00000001               : ll.o (.bss)
                  2000d4e4    00000001               : ll.o (.bss)
                  2000d4e5    00000001               : ll.o (.bss)
                  2000d4e6    00000001               : ll.o (.bss)
                  2000d4e7    00000001               : ll.o (.bss)
                  2000d4e8    00000001               : ll.o (.bss)
                  2000d4e9    00000001               : ll.o (.bss)
                  2000d4ea    00000001               : ll.o (.bss)
                  2000d4eb    00000001               : ll.o (.bss)
                  2000d4ec    00000001               : ll_ae.o (.bss)
                  2000d4ed    00000001               : ll_ae.o (.bss)
                  2000d4ee    00000001               : ll_ae.o (.bss)
                  2000d4ef    00000001               : ll_config.o (.bss)
                  2000d4f0    00000001               : ll_config.o (.bss)
                  2000d4f1    00000001     profiles_pxxx_coc.a : gapgattserver.o (.bss)
                  2000d4f2    00000001                         : gattservapp.o (.bss)
                  2000d4f3    00000001                         : gattservapp.o (.bss)
                  2000d4f4    00000001     sm_pxxx_coc.a : sm_task.o (.bss)
                  2000d4f5    00000001                   : sm_task.o (.bss)
                  2000d4f6    00000001     (.common:BLE_State)
                  2000d4f7    00000001     (.common:Connection_State)
                  2000d4f8    00000001     (.common:Lock_State)
                  2000d4f9    00000001     (.common:Register_State)
                  2000d4fa    00000001     (.common:driverlib_release_0_52354)
                  2000d4fb    00000001     (.common:icall_liteTaskId)
                  2000d4fc    00000001     (.common:osal_entity)

.vtable    0    2000d4fd    00000000     UNINITIALIZED

.vtable_ram 
*          0    2000d4fd    00000000     UNINITIALIZED

vtable_ram 
*          0    2000d4fd    00000000     UNINITIALIZED

.sysmem    0    2000d4fd    00000000     UNINITIALIZED

.nonretenvar 
*          0    2000d4fd    00000000     UNINITIALIZED

.stack     0    200130f8    00000400     UNINITIALIZED
                  200130f8    00000400     --HOLE--

.text      0    00000090    0002cfc4     
                  00000090    000012a4     ll_pxxx.a : ll.o (.text)
                  00001334    00000808               : ble.o (.text)
                  00001b3c    0000070c               : ll_adv_end_causes.o (.text)
                  00002248    00000514               : ll_slave_end_causes.o (.text)
                  0000275c    000004a4               : ll_slave_end_causes.o (.text)
                  00002c00    00000440               : ll_ae.o (.text)
                  00003040    00000420     sysbios.aem4f : BIOS.obj (.text:ti_sysbios_family_arm_m3_Hwi_excDumpRegs__I)
                  00003460    0000041c     oad.obj (.text:oadProcessExtControlCmd)
                  0000387c    00000414     project_zero.obj (.text:ProjectZero_init)
                  00003c90    0000040f     project_zero.obj (.text:ProjectZero_bootManagerCheck)
                  0000409f    00000001     --HOLE-- [fill = 0]
                  000040a0    000003e8     data_service.obj (.text:Data_Service_WriteAttrCB)
                  00004488    000003e8     ble5_project_zero_cc26x2r1lp_stack_library.lib : gapbondmgr.obj (.text:GAPBondMgr_ProcessGAPMsg)
                  00004870    00000398     ll_pxxx.a : ll.o (.text)
                  00004c08    0000037c     project_zero.obj (.text:ProjectZero_processGapMessage)
                  00004f84    0000032c     ll_pxxx.a : ll_isr.o (.text)
                  000052b0    00000314               : ll_ae.o (.text)
                  000055c4    00000314     sysbios.aem4f : BIOS.obj (.text:xdc_runtime_System_doPrint__I)
                  000058d8    0000030c                   : BIOS.obj (.text:ti_sysbios_knl_Event_pend__E)
                  00005be4    00000308     data_service.obj (.text:Data_Service_ReadAttrCB)
                  00005eec    00000300     rf_multiMode_cc26x2_v1.aem4f : RFCC26X2_multiMode.oem4f (.text:RF_fsmActiveState)
                  000061ec    000002f8     ll_pxxx.a : ll_isr.o (.text)
                  000064e4    000002bc     drivers_cc26x2_v1.aem4f : SPICC26X2DMA.oem4f (.text:SPICC26X2DMA_transfer)
                  000067a0    000002b0     ll_pxxx.a : ll_slave_end_causes.o (.text)
                  00006a50    00000284     sysbios.aem4f : BIOS.obj (.text:ti_sysbios_knl_Semaphore_pend__E)
                  00006cd4    00000260     hci_pxxx.a : hci_event.o (.text)
                  00006f34    0000025c     oad.obj (.text:oadImgBlockWrite)
                  00007190    00000258     ll_pxxx.a : ll_ae.o (.text)
                  000073e8    00000258               : ll_common.o (.text)
                  00007640    00000240     button_service.obj (.text:ButtonService_SetParameter)
                  00007880    00000240     data_service.obj (.text:DataService_SetParameter)
                  00007ac0    00000238     sysbios.aem4f : BIOS.obj (.text:ti_sysbios_heaps_HeapMem_freeUnprotected__E)
                  00007cf8    00000230     ll_pxxx.a : ll_scheduler.o (.text)
                  00007f28    00000228     drivers_cc26x2_v1.aem4f : SPICC26X2DMA.oem4f (.text:SPICC26X2DMA_hwiFxn)
                  00008150    0000021c     ll_pxxx.a : ll_ae.o (.text)
                  0000836c    00000214               : ll_ae.o (.text)
                  00008580    00000210               : ll_common.o (.text)
                  00008790    0000020c     ble5_project_zero_cc26x2r1lp_stack_library.lib : gapbondmgr.obj (.text:GAPBondMgr_ProcessEvent)
                  0000899c    00000208                                                    : gapbondmgr.obj (.text:GAPBondMgr_SetParameter)
                  00008ba4    00000208     ll_pxxx.a : ll_isr.o (.text)
                  00008dac    00000206     main.obj (.text:AssertHandler)
                  00008fb2    00000002     ble_user_config.obj (.text:DefaultAssertCback)
                  00008fb4    00000204     profiles_pxxx_coc.a : gattservapp.o (.text)
                  000091b8    00000204     sm_pxxx_coc.a : sm_pairing.o (.text)
                  000093bc    00000200     ll_pxxx.a : ll_scheduler.o (.text)
                  000095bc    00000200     project_zero.obj (.text:projectZero_eraseExternalFlash)
                  000097bc    000001f8     sysbios.aem4f : BIOS.obj (.text:ti_sysbios_heaps_HeapMem_allocUnprotected__E)
                  000099b4    000001f8                   : BIOS.obj (.text:ti_sysbios_knl_Task_Instance_finalize__E)
                  00009bac    000001f0     AES.obj (.text:InvMixColumns)
                  00009d9c    000001e4     sm_pxxx_coc.a : sm_rsppairing.o (.text)
                  00009f80    000001d8     led_service.obj (.text:LED_Service_WriteAttrCB)
                  0000a158    000001d8     project_zero.obj (.text:ProjectZero_taskFxn)
                  0000a330    000001d8     ble5_project_zero_cc26x2r1lp_stack_library.lib : gapbondmgr.obj (.text:gapBondMgrAddBond)
                  0000a508    000001d4     ll_pxxx.a : ll_common.o (.text)
                  0000a6dc    000001c8     ble5_project_zero_cc26x2r1lp_stack_library.lib : osal.obj (.text:osal_run_system)
                  0000a8a4    000001c4     nvoctp.obj (.text:NVOCTP_initNvApi)
                  0000aa68    000001c0     drivers_cc26x2_v1.aem4f : PINCC26XX.oem4f (.text:PIN_init)
                  0000ac28    000001b8     ble5_project_zero_cc26x2r1lp_stack_library.lib : gap.obj (.text:GAP_DeviceInit)
                  0000ade0    000001b0     sysbios.aem4f : BIOS.obj (.text:ti_sysbios_knl_Task_Instance_init__E)
                  0000af90    000001ac                   : BIOS.obj (.text:ti_sysbios_knl_Task_sleep__E)
                  0000b13c    000001a4     drivers_cc26x2_v1.aem4f : PowerCC26X2.oem4f (.text:Power_sleep)
                  0000b2e0    000001a4     gap_pxxx_coc.a : gap_advertiser.o (.text)
                  0000b484    0000019c     ll_pxxx.a : ll_isr.o (.text)
                  0000b620    00000194     driverlib.lib : pka.obj (.text:NOROM_PKAEccVerifyPublicKeyWeierstrassStart)
                  0000b7b4    00000194     drivers_cc26x2_v1.aem4f : PowerCC26X2_calibrateRCOSC.oem4f (.text:runCalibrateFsm)
                  0000b948    00000190                             : ECDHCC26X2.oem4f (.text:ECDHCC26X2_runFSM)
                  0000bad8    00000190     ll_pxxx.a : ll.o (.text)
                  0000bc68    0000018c     rf_multiMode_cc26x2_v1.aem4f : RFCC26X2_multiMode.oem4f (.text:RF_scheduleCmd)
                  0000bdf4    00000180     drivers_cc26x2_v1.aem4f : SPICC26X2DMA.oem4f (.text:configNextTransfer)
                  0000bf74    00000180     sysbios.aem4f : BIOS.obj (.text:ti_sysbios_gates_GateMutexPri_enter__E)
                  0000c0f4    00000180                   : BIOS.obj (.text:ti_sysbios_knl_Task_setPri__E)
                  0000c274    00000178     profiles_pxxx_coc.a : gattservapp.o (.text)
                  0000c3ec    00000170     drivers_cc26x2_v1.aem4f : SPICC26X2DMA.oem4f (.text:SPICC26X2DMA_transferCancel)
                  0000c55c    0000016c     sysbios.aem4f : BIOS.obj (.text:ti_sysbios_family_arm_m3_Hwi_excBusFault__I)
                  0000c6c8    0000016b     project_zero.obj (.text:ProjectZero_processHCIMsg)
                  0000c833    00000001     --HOLE-- [fill = 0]
                  0000c834    00000168     crc32.obj (.text:CRC32_calc)
                  0000c99c    00000168     drivers_cc26x2_v1.aem4f : NVSSPI25X.oem4f (.text:NVSSPI25X_write)
                  0000cb04    00000168     UartLog.obj (.text:uartLog_doPrint)
                  0000cc6c    00000164     button_service.obj (.text:Button_Service_ReadAttrCB)
                  0000cdd0    00000160     led_service.obj (.text:LED_Service_ReadAttrCB)
                  0000cf30    00000160     rf_multiMode_cc26x2_v1.aem4f : RFCC26X2_multiMode.oem4f (.text:RF_getInfo)
                  0000d090    00000160     gatt_pxxx_coc.a : gatt_client.o (.text)
                  0000d1f0    00000160     ll_pxxx.a : ll_data.o (.text)
                  0000d350    0000015c     drivers_cc26x2_v1.aem4f : UARTCC26XX.oem4f (.text:UARTCC26XX_open)
                  0000d4ac    0000015c                             : PowerCC26X2_calibrateRCOSC.oem4f (.text:calibrateRcoscHf1)
                  0000d608    0000015c     sm_pxxx_coc.a : sm_mgr.o (.text)
                  0000d764    00000158     sysbios.aem4f : BIOS.obj (.text:ti_sysbios_family_arm_m3_Hwi_excUsageFault__I)
                  0000d8bc    00000154     led_service.obj (.text:LedService_SetParameter)
                  0000da10    00000154     nvoctp.obj (.text:NVOCTP_compactPage)
                  0000db64    00000154     drivers_cc26x2_v1.aem4f : UARTCC26XX.oem4f (.text:UARTCC26XX_hwiIntFxn)
                  0000dcb8    00000154     gap_pxxx_coc.a : gap_advertiser.o (.text)
                  0000de0c    00000150     sysbios.aem4f : BIOS.obj (.text:ti_sysbios_heaps_HeapTrack_free__E)
                  0000df5c    0000014c     gatt_pxxx_coc.a : gatt_server.o (.text)
                  0000e0a8    00000148     nvoctp.obj (.text:NVOCTP_writeItem)
                  0000e1f0    00000148     driverlib.lib : setup.obj (.text:TrimAfterColdResetWakeupFromShutDown)
                  0000e338    00000148     l2cap_pxxx_coc.a : l2cap_task.o (.text)
                  0000e480    00000148     sm_pxxx_coc.a : sm_mgr.o (.text)
                  0000e5c8    00000144     button_service.obj (.text:Button_Service_WriteAttrCB)
                  0000e70c    00000144     oad.obj (.text:OAD_processQueue)
                  0000e850    00000140     project_zero.obj (.text:ProjectZero_LedService_ValueChangeHandler)
                  0000e990    00000140     drivers_cc26x2_v1.aem4f : SPICC26X2DMA.oem4f (.text:initIO)
                  0000ead0    00000140     ll_pxxx.a : ll_common.o (.text)
                  0000ec10    00000140               : ll_isr.o (.text)
                  0000ed50    00000140     sysbios.aem4f : BIOS.obj (.text:ti_sysbios_family_arm_m3_Hwi_excMemFault__I)
                  0000ee90    00000140                   : BIOS.obj (.text:ti_sysbios_knl_Event_post__E)
                  0000efd0    0000013c     ble5_project_zero_cc26x2r1lp_stack_library.lib : gapbondmgr.obj (.text:gapBondMgrAuthenticate)
                  0000f10c    0000013c     ble_debug_pem4f.oem4f (.text:ti_uia_loggers_LoggerStopMode_writeMemoryRange__E)
                  0000f248    00000138     drivers_cc26x2_v1.aem4f : NVSCC26XX.oem4f (.text:NVSCC26XX_write)
                  0000f380    00000138                             : UARTCC26XX.oem4f (.text:UARTCC26XX_read)
                  0000f4b8    00000138     profiles_pxxx_coc.a : gattservapp.o (.text)
                  0000f5f0    00000138     sysbios.aem4f : BIOS.obj (.text:ti_sysbios_heaps_HeapMem_Instance_init__E)
                  0000f728    00000130     drivers_cc26x2_v1.aem4f : PowerCC26X2.oem4f (.text:Power_init)
                  0000f858    00000130     sysbios.aem4f : BIOS.obj (.text:xdc_runtime_Error_policyDefault__E)
                  0000f988    0000012c     project_zero.obj (.text:ProjectZero_handleUpdateLinkEvent)
                  0000fab4    0000012c     drivers_cc26x2_v1.aem4f : SPICC26X2DMA.oem4f (.text:SPICC26X2DMA_open)
                  0000fbe0    0000012c     sysbios.aem4f : BIOS.obj (.text:ti_sysbios_knl_Semaphore_post__E)
                  0000fd0c    00000128     project_zero.obj (.text:projectZero_revertToFactoryImage)
                  0000fe34    00000124     rf_multiMode_cc26x2_v1.aem4f : RFCC26X2_multiMode.oem4f (.text:RF_abortCmd)
                  0000ff58    00000124                                  : RFCC26X2_multiMode.oem4f (.text:RF_init)
                  0001007c    00000124     ll_pxxx.a : ll_scheduler.o (.text)
                  000101a0    00000120     rf_multiMode_cc26x2_v1.aem4f : RFCC26X2_multiMode.oem4f (.text:RF_fsmSetupState)
                  000102c0    0000011c     l2cap_pxxx_coc.a : l2cap_util.o (.text)
                  000103dc    0000011c     profiles_pxxx_coc.a : gattservapp.o (.text)
                  000104f8    0000011c     sysbios.aem4f : BIOS.obj (.text:ti_sysbios_family_arm_m3_Hwi_dispatchC__I)
                  00010614    0000011a     l2cap_pxxx_coc.a : l2cap_task.o (.text)
                  0001072e    00000002     driverlib.lib : rfc.obj (.text:NOROM_RFCCpePatchReset)
                  00010730    00000118                   : sys_ctrl.obj (.text:NOROM_SysCtrlStandby)
                  00010848    00000118     rf_multiMode_cc26x2_v1.aem4f : RFCC26X2_multiMode.oem4f (.text:RF_decodeOverridePointers)
                  00010960    00000118                                  : RFCC26X2_multiMode.oem4f (.text:RF_radioOpDoneCb)
                  00010a78    00000118     profiles_pxxx_coc.a : gattservapp.o (.text)
                  00010b90    00000118     ble_debug_pem4f.oem4f (.text:ti_uia_loggers_LoggerStopMode_write8__E)
                  00010ca8    00000114     project_zero.obj (.text:ProjectZero_processPairState)
                  00010dbc    00000114     ll_pxxx.a : ll_common.o (.text)
                  00010ed0    00000114     sm_pxxx_coc.a : sm_rsppairing.o (.text)
                  00010fe4    00000114     sysbios.aem4f : BIOS.obj (.text:ti_sysbios_knl_Swi_run__I)
                  000110f8    00000110     gatt_pxxx_coc.a : gatt_server.o (.text)
                  00011208    00000110     sm_pxxx_coc.a : sm_rsppairing.o (.text)
                  00011318    00000108     rf_multiMode_cc26x2_v1.aem4f : RFCC26X2_multiMode.oem4f (.text:RF_fsmChangePhyState)
                  00011420    00000108     gap_pxxx_coc.a : gap_advertiser.o (.text)
                  00011528    00000108     ble5_project_zero_cc26x2r1lp_stack_library.lib : ble_user_config.obj (.text:setBleUserConfig)
                  00011630    00000108     sysbios.aem4f : BIOS.obj (.text:ti_sysbios_knl_Clock_Instance_init__E)
                  00011738    00000106     icall.obj (.text:ICall_waitMatch)
                  0001183e    00000002     drivers_cc26x2_v1.aem4f : NVSSPI25X.oem4f (.text:NVSSPI25X_deinitSpiCs)
                  00011840    00000104                             : AESCCMCC26XX.oem4f (.text:AESCCM_startOperation)
                  00011944    00000104     rf_multiMode_cc26x2_v1.aem4f : RFCC26X2_multiMode.oem4f (.text:RF_open)
                  00011a48    00000104     drivers_cc26x2_v1.aem4f : UARTCC26XX.oem4f (.text:UARTCC26XX_write)
                  00011b4c    00000100                             : GPIOCC26XX.oem4f (.text:GPIO_setConfig)
                  00011c4c    00000100     oad.obj (.text:OAD_open)
                  00011d4c    00000100     rf_multiMode_cc26x2_v1.aem4f : RFCC26X2_multiMode.oem4f (.text:RF_fsmPowerUpState)
                  00011e4c    00000100     ble_debug_pem4f.oem4f (.text:ti_uia_loggers_LoggerStopMode_write4__E)
                  00011f4c    000000fc     ll_pxxx.a : ll.o (.text)
                  00012048    000000fc     rtsv7M4_T_le_v4SPD16_eabi.lib : fd_mul_t2.asm.obj (.text)
                  00012144    000000fa     gatt_pxxx_coc.a : gatt_client.o (.text)
                  0001223e    00000002     ble5_project_zero_cc26x2r1lp_stack_library.lib : onboard.obj (.text:Onboard_soft_reset)
                  00012240    000000f8     drivers_cc26x2_v1.aem4f : NVSSPI25X.oem4f (.text:NVSSPI25X_open)
                  00012338    000000f8     project_zero.obj (.text:ProjectZero_ButtonService_CfgChangeHandler)
                  00012430    000000f8     oad.obj (.text:oadImgIdentifyWrite)
                  00012528    000000f8     profiles_pxxx_coc.a : gattservapp.o (.text)
                  00012620    000000f8     sysbios.aem4f : BIOS.obj (.text:ti_sysbios_family_arm_m3_Hwi_excFillContext__I)
                  00012718    000000f8                   : BIOS.obj (.text:xdc_runtime_Startup_startMods__I)
                  00012810    000000f8     ble_debug_pem4f.oem4f (.text:xdc_runtime_System_printfExtend__I)
                  00012908    000000f6     sm_pxxx_coc.a : sm_mgr.o (.text)
                  000129fe    000000f4     ble5_project_zero_cc26x2r1lp_stack_library.lib : gapbondmgr.obj (.text:gapBondMgrEraseBonding)
                  00012af2    00000002     rf_multiMode_cc26x2_v1.aem4f : RFCC26X2_multiMode.oem4f (.text:RF_defaultCallback)
                  00012af4    000000f4     gap_pxxx_coc.a : gap_linkmgr.o (.text)
                  00012be8    000000f4     sm_pxxx_coc.a : sm_task.o (.text)
                  00012cdc    000000f4     ble_debug_pem4f.oem4f (.text:ti_uia_loggers_LoggerStopMode_write2__E)
                  00012dd0    000000f0     devinfoservice.obj (.text:DevInfo_SetParameter)
                  00012ec0    000000f0     rf_multiMode_cc26x2_v1.aem4f : RFCC26X2_multiMode.oem4f (.text:RF_pendCmd)
                  00012fb0    000000f0     ble5_project_zero_cc26x2r1lp_stack_library.lib : osal_timers.obj (.text:osalTimerUpdate)
                  000130a0    000000f0     sm_pxxx_coc.a : sm_pairing.o (.text)
                  00013190    000000f0     sysbios.aem4f : m3_Hwi_asm.obj (.text:ti_sysbios_family_arm_m3_Hwi_dispatch__I)
                  00013280    000000f0     ble_debug_pem4f.oem4f (.text:ti_uia_loggers_LoggerStopMode_write1__E)
                  00013370    000000ec     ll_pxxx.a : ll_common.o (.text)
                  0001345c    000000ec     sysbios.aem4f : BIOS.obj (.text:ti_sysbios_family_arm_m3_Hwi_excHandlerMax__I)
                  00013548    000000e8     project_zero.obj (.text:ProjectZero_DataService_ValueChangeHandler)
                  00013630    000000e8     sysbios.aem4f : BIOS.obj (.text:xdc_runtime_Core_createObject__I)
                  00013718    000000e7     project_zero.obj (.text:ProjectZero_DataService_CfgChangeHandler)
                  000137ff    00000001     --HOLE-- [fill = 0]
                  00013800    000000e4     gatt_pxxx_coc.a : gatt_client.o (.text)
                  000138e4    000000e4     sm_pxxx_coc.a : sm_pairing.o (.text)
                  000139c8    000000e2     profiles_pxxx_coc.a : gapgattserver.o (.text)
                  00013aaa    00000002     ble5_project_zero_cc26x2r1lp_stack_library.lib : sm_ecc.obj (.text:SM_dhKeyCB)
                  00013aac    000000e0     drivers_cc26x2_v1.aem4f : PINCC26XX.oem4f (.text:PINCC26XX_setIoCfg)
                  00013b8c    000000e0     project_zero.obj (.text:ProjectZero_processConnEvt)
                  00013c6c    000000e0     rf_multiMode_cc26x2_v1.aem4f : RFCC26X2_multiMode.oem4f (.text:RF_hwiCpe0Active)
                  00013d4c    000000e0     ble5_project_zero_cc26x2r1lp_stack_library.lib : gapbondmgr.obj (.text:gapBondMgr_LinkEst)
                  00013e2c    000000e0     hci_pxxx.a : hci_event.o (.text)
                  00013f0c    000000e0     ll_pxxx.a : ll_ae.o (.text)
                  00013fec    000000e0     ble_debug_pem4f.oem4f (.text:ti_uia_loggers_LoggerStopMode_write0__E)
                  000140cc    000000dc     nvoctp.obj (.text:NVOCTP_readHeader)
                  000141a8    000000dc     gap_pxxx_coc.a : gap_linkmgr.o (.text)
                  00014284    000000dc                    : gap_task.o (.text)
                  00014360    000000dc     hci_pxxx.a : hci_event.o (.text)
                  0001443c    000000dc     l2cap_pxxx_coc.a : l2cap_task.o (.text)
                  00014518    000000dc     ll_pxxx.a : ll_wl.o (.text)
                  000145f4    000000dc     ble5_project_zero_cc26x2r1lp_stack_library.lib : osal.obj (.text:osal_set_event)
                  000146d0    000000dc     sm_pxxx_coc.a : sm_pairing.o (.text)
                  000147ac    000000d8     drivers_cc26x2_v1.aem4f : GPIOCC26XX.oem4f (.text:GPIO_init)
                  00014884    000000d8     rf_multiMode_cc26x2_v1.aem4f : RFCC26X2_multiMode.oem4f (.text:RF_dispatchNextCmd)
                  0001495c    000000d8     hci_pxxx.a : hci_event.o (.text)
                  00014a34    000000d8     ll_pxxx.a : ll.o (.text)
                  00014b0c    000000d8               : ll_ae.o (.text)
                  00014be4    000000d8     sysbios.aem4f : BIOS.obj (.text:ti_sysbios_knl_Clock_walkQueueDynamic__E)
                  00014cbc    000000d6     rf_multiMode_cc26x2_v1.aem4f : RFCC26X2_multiMode.oem4f (.text:RF_updatePaConfiguration)
                  00014d92    000000d6     sm_pxxx_coc.a : sm_mgr.o (.text)
                  00014e68    000000d4     rf_multiMode_cc26x2_v1.aem4f : RFCC26X2_multiMode.oem4f (.text:RF_swiHw)
                  00014f3c    000000d4     smp_pxxx_coc.a : smp.o (.text)
                  00015010    000000d0     driverlib.lib : pka.obj (.text:PKAGetECCResult)
                  000150e0    000000d0     ll_pxxx.a : ble.o (.text)
                  000151b0    000000d0     oad.obj (.text:oadResetState)
                  00015280    000000d0     sm_pxxx_coc.a : sm_mgr.o (.text)
                  00015350    000000d0                   : sm_rsppairing.o (.text)
                  00015420    000000d0     sysbios.aem4f : BIOS.obj (.text:xdc_runtime_Core_constructObject__I)
                  000154f0    000000cc     button_service.obj (.text:ButtonService_AddService)
                  000155bc    000000cc     devinfoservice.obj (.text:devInfo_ReadAttrCB)
                  00015688    000000cc     ll_pxxx.a : ll_ae.o (.text)
                  00015754    000000cc               : ll_ae.o (.text)
                  00015820    000000cc     sysbios.aem4f : BIOS.obj (.text:ti_sysbios_knl_Swi_Instance_init__E)
                  000158ec    000000cc                   : BIOS.obj (.text:ti_sysbios_knl_Task_schedule__I)
                  000159b8    000000ca     sm_pxxx_coc.a : sm_mgr.o (.text)
                  00015a82    00000002     ble5_project_zero_cc26x2r1lp_stack_library.lib : sm_ecc.obj (.text:SM_p256KeyCB)
                  00015a84    000000c8     drivers_cc26x2_v1.aem4f : AESECBCC26XX.oem4f (.text:AESECB_oneStepDecrypt)
                  00015b4c    000000c8                             : AESECBCC26XX.oem4f (.text:AESECB_oneStepEncrypt)
                  00015c14    000000c8                             : PowerCC26X2.oem4f (.text:Power_releaseDependency)
                  00015cdc    000000c8     rf_multiMode_cc26x2_v1.aem4f : RFCC26X2_multiMode.oem4f (.text:RF_control)
                  00015da4    000000c8     gap_pxxx_coc.a : gap_advertiser.o (.text)
                  00015e6c    000000c8     ll_pxxx.a : ll_scheduler.o (.text)
                  00015f34    000000c8     profiles_pxxx_coc.a : gapgattserver.o (.text)
                  00015ffc    000000c8     sm_pxxx_coc.a : sm_mgr.o (.text)
                  000160c4    000000c8                   : sm_pairing.o (.text)
                  0001618c    000000c8                   : sm_rsppairing.o (.text)
                  00016254    000000c4     drivers_cc26x2_v1.aem4f : PowerCC26X2.oem4f (.text:Power_setDependency)
                  00016318    000000c4     sm_pxxx_coc.a : sm_pairing.o (.text)
                  000163dc    000000c4     sysbios.aem4f : BIOS.obj (.text:ti_sysbios_knl_Task_startCore__E)
                  000164a0    000000c0     AES.obj (.text:KeyExpansion)
                  00016560    000000c0     drivers_cc26x2_v1.aem4f : UARTCC26XX.oem4f (.text:UARTCC26XX_initIO)
                  00016620    000000c0     hci_pxxx.a : hci_event.o (.text)
                  000166e0    000000c0     ll_pxxx.a : ll.o (.text)
                  000167a0    000000c0               : ll_data.o (.text)
                  00016860    000000c0     oad.obj (.text:oadWriteAttrCB)
                  00016920    000000c0     sm_pxxx_coc.a : sm_rsppairing.o (.text)
                  000169e0    000000bf     project_zero.obj (.text:ProjectZero_processAdvEvent)
                  00016a9f    00000001     --HOLE-- [fill = 0]
                  00016aa0    000000be     gap_pxxx_coc.a : gap_linkmgr.o (.text)
                  00016b5e    00000002     rtsv7M4_T_le_v4SPD16_eabi.lib : _lock.c.obj (.text:_nop)
                  00016b60    000000bc     button_service.obj (.text:ButtonService_RegisterAppCBs)
                  00016c1c    000000bc     ble5_project_zero_cc26x2r1lp_stack_library.lib : gapbondmgr.obj (.text:GAPBondMgr_FindAddr)
                  00016cd8    000000bc     project_zero.obj (.text:ProjectZero_DataService_ValueChangeCB)
                  00016d94    000000bc     project_zero.obj (.text:ProjectZero_processApplicationMessage)
                  00016e50    000000bc     hci_pxxx.a : hci_event.o (.text)
                  00016f0c    000000bc                : hci_event.o (.text)
                  00016fc8    000000bc                : hci_event.o (.text)
                  00017084    000000bc     l2cap_pxxx_coc.a : l2cap_util.o (.text)
                  00017140    000000bc     ll_pxxx.a : ll_common.o (.text)
                  000171fc    000000bb     project_zero.obj (.text:ProjectZero_LedService_ValueChangeCB)
                  000172b7    00000001     --HOLE-- [fill = 0]
                  000172b8    000000b8     data_service.obj (.text:DataService_RegisterAppCBs)
                  00017370    000000b8     nvoctp.obj (.text:NVOCTP_checkItem)
                  00017428    000000b8     drivers_cc26x2_v1.aem4f : UARTCC26XX.oem4f (.text:UARTCC26XX_initHw)
                  000174e0    000000b8     hci_pxxx.a : hci_event.o (.text)
                  00017598    000000b8     oad.obj (.text:oadCreateFactoryImageBackup)
                  00017650    000000b4     gattservapp_util.obj (.text:GATTServApp_ProcessCharCfg)
                  00017704    000000b4     led_service.obj (.text:LedService_RegisterAppCBs)
                  000177b8    000000b4     dpl_cc26x2_v1.aem4f : PowerCC26X2_tirtos.oem4f (.text:PowerCC26XX_standbyPolicy)
                  0001786c    000000b4     l2cap_pxxx_coc.a : l2cap_task.o (.text)
                  00017920    000000b4     ll_pxxx.a : ll_scheduler.o (.text)
                  000179d4    000000b4     profiles_pxxx_coc.a : gattservapp.o (.text)
                  00017a88    000000b4     sysbios.aem4f : BIOS.obj (.text:ti_sysbios_family_arm_m3_Hwi_excDebugMon__I)
                  00017b3c    000000b4                   : BIOS.obj (.text:ti_sysbios_family_arm_m3_Hwi_excHardFault__I)
                  00017bf0    000000b4                   : BIOS.obj (.text:ti_sysbios_knl_Task_checkStacks__E)
                  00017ca4    000000b2     gatt_pxxx_coc.a : gatt_server.o (.text)
                  00017d56    00000002     drivers_cc26x2_v1.aem4f : PowerCC26X2.oem4f (.text:emptyClockFunc)
                  00017d58    000000b0     project_zero.obj (.text:ProjectZero_ButtonService_CfgChangeCB)
                  00017e08    000000b0     rf_multiMode_cc26x2_v1.aem4f : RFCC26X2_multiMode.oem4f (.text:RF_corePowerDown)
                  00017eb8    000000b0     gap_pxxx_coc.a : gap_advertiser.o (.text)
                  00017f68    000000b0                    : gap_linkmgr.o (.text)
                  00018018    000000b0     gatt_pxxx_coc.a : gatt_server.o (.text)
                  000180c8    000000b0     oad.obj (.text:oadCheckImageID)
                  00018178    000000b0     profiles_pxxx_coc.a : gattservapp.o (.text)
                  00018228    000000b0     sysbios.aem4f : BIOS.obj (.text:ti_sysbios_gates_GateMutex_enter__E)
                  000182d8    000000b0                   : BIOS.obj (.text:ti_sysbios_knl_Swi_setPri__E)
                  00018388    000000ae     project_zero.obj (.text:ProjectZero_DataService_CfgChangeCB)
                  00018436    00000002     drivers_cc26x2_v1.aem4f : CryptoResourceCC26XX.oem4f (.text:errorSpin)
                  00018438    000000ae     project_zero.obj (.text:ProjectZero_handleButtonPress)
                  000184e6    00000002     drivers_cc26x2_v1.aem4f : PKAResourceCC26XX.oem4f (.text:errorSpin)
                  000184e8    000000ac     data_service.obj (.text:DataService_AddService)
                  00018594    000000ac     nvoctp.obj (.text:NVOCTP_findItem)
                  00018640    000000ac     rf_multiMode_cc26x2_v1.aem4f : RFCC26X2_multiMode.oem4f (.text:RF_initRadioSetup)
                  000186ec    000000ac     att_pxxx_coc.a : att_util.o (.text)
                  00018798    000000ac     l2cap_pxxx_coc.a : l2cap_util.o (.text)
                  00018844    000000aa     ll_pxxx.a : ll_common.o (.text)
                  000188ee    000000aa     sm_pxxx_coc.a : sm_mgr.o (.text)
                  00018998    000000a8     gatt_pxxx_coc.a : gatt_client.o (.text)
                  00018a40    000000a8     hci_pxxx.a : hci_data.o (.text)
                  00018ae8    000000a8                : hci_event.o (.text)
                  00018b90    000000a8     ll_pxxx.a : ll.o (.text)
                  00018c38    000000a8     profiles_pxxx_coc.a : gattservapp.o (.text)
                  00018ce0    000000a8     smp_pxxx_coc.a : smp.o (.text)
                  00018d88    000000a8     sysbios.aem4f : BIOS.obj (.text:ti_sysbios_knl_Swi_post__E)
                  00018e30    000000a6                   : BIOS.obj (.text:xdc_runtime_Text_putSite__E)
                  00018ed6    00000002     ble5_project_zero_cc26x2r1lp_stack_library.lib : hal_assert.obj (.text:halAssertSpinlock)
                  00018ed8    000000a4     driverlib.lib : aes.obj (.text:NOROM_AESWriteToKeyStore)
                  00018f7c    000000a4     project_zero.obj (.text:ProjectZero_processPasscode)
                  00019020    000000a4     project_zero.obj (.text:buttonCallbackFxn)
                  000190c4    000000a4     ble5_project_zero_cc26x2r1lp_stack_library.lib : osal_cbtimer.obj (.text:cbTimerSetup)
                  00019168    000000a4     gatt_pxxx_coc.a : gatt_task.o (.text)
                  0001920c    000000a4     ll_pxxx.a : ll_common.o (.text)
                  000192b0    000000a4               : ll_common.o (.text)
                  00019354    000000a4               : ll_common.o (.text)
                  000193f8    000000a4               : ll_ecc.o (.text)
                  0001949c    000000a0     drivers_cc26x2_v1.aem4f : UARTCC26XX.oem4f (.text:UARTCC26XX_writeCancel)
                  0001953c    000000a0     auto_init.aem4f : auto_init.oem4f (.text)
                  000195dc    000000a0     ble5_project_zero_cc26x2r1lp_stack_library.lib : gapbondmgr.obj (.text:gapBondMgrUpdateCharCfg)
                  0001967c    000000a0     sysbios.aem4f : BIOS.obj (.text:ti_sysbios_knl_Clock_Instance_finalize__E)
                  0001971c    0000009c     driverlib.lib : pka.obj (.text:PKAWritePkaParam)
                  000197b8    0000009c     drivers_cc26x2_v1.aem4f : UARTCC26XX.oem4f (.text:UARTCC26XX_swiIntFxn)
                  00019854    0000009c     UartLog.obj (.text:UartLog_log)
                  000198f0    0000009c     drivers_cc26x2_v1.aem4f : NVSSPI25X.oem4f (.text:doErase)
                  0001998c    0000009c     ble5_project_zero_cc26x2r1lp_stack_library.lib : osal_cbtimer.obj (.text:osal_CbTimerProcessEvent)
                  00019a28    0000009c     rtsv7M4_T_le_v4SPD16_eabi.lib : memcpy_t2.asm.obj (.text)
                  00019ac4    0000009c     sm_pxxx_coc.a : sm_mgr.o (.text)
                  00019b60    0000009c     sysbios.aem4f : BIOS.obj (.text:ti_sysbios_knl_Semaphore_Instance_init__E)
                  00019bfc    0000009c                   : BIOS.obj (.text:ti_sysbios_knl_Task_blockI__E)
                  00019c98    00000098     icall.obj (.text:ICall_setTimer)
                  00019d30    00000098     driverlib.lib : setup.obj (.text:NOROM_SetupTrimDevice)
                  00019dc8    00000098     project_zero.obj (.text:ProjectZero_updatePHYStat)
                  00019e60    00000098     ble5_project_zero_cc26x2r1lp_stack_library.lib : gapbondmgr.obj (.text:gapBondMgr_syncResolvingList)
                  00019ef8    00000098     ll_pxxx.a : ll_ae.o (.text)
                  00019f90    00000098     oad.obj (.text:oadFindExtFlMetaPage)
                  0001a028    00000098     sm_pxxx_coc.a : sm_task.o (.text)
                  0001a0c0    00000098     sysbios.aem4f : BIOS.obj (.text:ti_sysbios_knl_Clock_workFuncDynamic__E)
                  0001a158    00000098                   : BIOS.obj (.text:xdc_runtime_Text_putMod__E)
                  0001a1f0    00000096     rtsv7M4_T_le_v4SPD16_eabi.lib : ull_div_t2.asm.obj (.text)
                  0001a286    00000002     ll_pxxx.a : ll_common.o (.text)
                  0001a288    00000094     drivers_cc26x2_v1.aem4f : PINCC26XX.oem4f (.text:PIN_open)
                  0001a31c    00000094                             : SPICC26X2DMA.oem4f (.text:SPICC26X2DMA_control)
                  0001a3b0    00000094     TRNGCC26XX.obj (.text:TRNGCC26XX_getNumber)
                  0001a444    00000094     project_zero.obj (.text:buttonDebounceSwiFxn)
                  0001a4d8    00000094     gatt_pxxx_coc.a : gatt_client.o (.text)
                  0001a56c    00000094                     : gatt_server.o (.text)
                  0001a600    00000094     l2cap_pxxx_coc.a : l2cap_util.o (.text)
                  0001a694    00000094     ll_pxxx.a : ll.o (.text)
                  0001a728    00000094               : ll_privacy.o (.text)
                  0001a7bc    00000094     sysbios.aem4f : BIOS.obj (.text:ti_sysbios_knl_Task_exit__E)
                  0001a850    00000093     project_zero.obj (.text:ProjectZero_processCmdCompleteEvt)
                  0001a8e3    00000001     --HOLE-- [fill = 0]
                  0001a8e4    00000092     gap_pxxx_coc.a : linkdb.o (.text)
                  0001a976    00000092     ll_pxxx.a : ll_common.o (.text)
                  0001aa08    00000090     project_zero.obj (.text:ProjectZero_sendParamUpdate)
                  0001aa98    00000090     rf_multiMode_cc26x2_v1.aem4f : RFCC26X2_multiMode.oem4f (.text:RF_discardPendCmd)
                  0001ab28    00000090     gattservapp_util.obj (.text:gattServApp_SendNotiInd)
                  0001abb8    00000090     hci_pxxx.a : hci_event.o (.text)
                  0001ac48    00000090     ll_pxxx.a : ll_ecc.o (.text)
                  0001acd8    00000090     sm_pxxx_coc.a : sm_pairing.o (.text)
                  0001ad68    00000090                   : sm_pairing.o (.text)
                  0001adf8    00000090                   : sm_pairing.o (.text)
                  0001ae88    00000090     sysbios.aem4f : BIOS.obj (.text:ti_sysbios_knl_Task_unblockI__E)
                  0001af18    00000090     ti.uia.loggers.aem4f : LoggerStopMode.oem4f (.text:ti_uia_loggers_LoggerStopMode_initQueueDescriptor__E)
                  0001afa8    00000090     project_zero.obj (.text:util_arrtohex)
                  0001b038    00000090     drivers_cc26x2_v1.aem4f : UARTCC26XX.oem4f (.text:writeTxFifoFlush)
[...]
20002a4d  aeSlaveSCA                                                             
20002a4e  rfRatHandle                                                            
20002a51  periPrivacyFlag                                                        
20002a52  deviceNameCharProps                                                    
20002a53  appearanceCharProps                                                    
20002a54  periConnParamCharProps                                                 
20002a55  resolvablePrivateAddressOnlyCharProps                                  
20002a56  serviceChangedCharProps                                                
20002a57  appTaskID                                                              
20002a80  ti_sysbios_heaps_HeapMem_Instance_State_0_buf__A                       
20009fb0  appTaskStack                                                           
2000a7b0  pzTask                                                                 
2000a800  ti_uia_loggers_LoggerStopMode_Instance_State_1_packetArray__A          
2000b000  uartLog_evBuf                                                          
2000b500  ti_sysbios_knl_Task_Instance_State_0_stack__A                          
2000b800  xdc_runtime_SysMin_Module_State_0_outbuf__A                            
2000bb00  uartCC26XXObjects                                                      
2000bd80  ti_uia_loggers_LoggerStopMode_Instance_State_0_packetArray__A          
2000c140  spiCC26X2DMAObjects                                                    
2000c2e0  __CIOBUF_                                                              
2000c400  crcBuf                                                                 
2000c500  ti_sysbios_family_arm_m3_Hwi_dispatchTable                             
2000c5d8  rfObject                                                               
2000c6a0  uartLog_outBuf                                                         
2000c74c  pinHandleTable                                                         
2000c890  ecdhCC26X2Objects                                                      
2000c8e4  aesccmCC26XXObjects                                                    
2000c930  aesecbCC26XXObjects                                                    
2000c9c4  aeCBackTbl                                                             
2000ca08  localEccKeys                                                           
2000ca8c  uartCC26XXRingBuffer                                                   
2000cb04  advDataEntry                                                           
2000cbd8  linkCBs                                                                
2000cc08  l2capFixedChannels                                                     
2000cc38  nvFptrs                                                                
2000cc80  ti_uia_loggers_LoggerStopMode_Instance_State_0_hdr__A                  
2000cd00  ti_uia_loggers_LoggerStopMode_Instance_State_1_hdr__A                  
2000cd78  rfSetup                                                                
2000cd9c  operationCCM                                                           
2000ce04  localPrivKeyMaterial                                                   
2000ce24  enckey                                                                 
2000ce84  udmaObjects                                                            
2000cedc  gapParams                                                              
2000cef8  trxTestCmd                                                             
2000cf4c  CryptoResourceCC26XX_accessSemaphore                                   
2000cf68  CryptoResourceCC26XX_hwi                                               
2000cf84  CryptoResourceCC26XX_operationSemaphore                                
2000cfa0  PKAResourceCC26XX_accessSemaphore                                      
2000cfbc  PKAResourceCC26XX_hwi                                                  
2000cfd8  PKAResourceCC26XX_operationSemaphore                                   
2000d00f  att_sendRspOnly                                                        
2000d010  deviceName                                                             
2000d028  rsp                                                                    
2000d056  numHostBufs                                                            
2000d0bc  connOutput                                                             
2000d0d0  deviceFeatureSet                                                       
2000d130  gapConfig_SRK                                                          
2000d140  advDataQueue                                                           
2000d150  eccParams                                                              
2000d160  localPrivateKey                                                        
2000d170  localPublicKey                                                         
2000d180  remotePublicKey                                                        
2000d190  sharedSecret                                                           
2000d1a0  operationComputeSharedSecret                                           
2000d1b0  cryptoKey                                                              
2000d1c0  operationECB                                                           
2000d1d0  encParamsCCM                                                           
2000d1e0  encParamsECB                                                           
2000d210  BLE_CIPHER                                                             
2000d220  BLE_GUESS                                                              
2000d230  BLE_PASSWORD                                                           
2000d240  timerHead                                                              
2000d244  osal_last_timestamp                                                    
2000d2ac  operationGeneratePublicKey                                             
2000d2b8  cachedTRNGdata                                                         
2000d2c4  llTaskList                                                             
2000d2e8  SpeakerPinState                                                        
2000d2f4  nvsSPI25XObjects                                                       
2000d308  gapCurrentRandomAddr                                                   
2000d310  slaveUpdateReq                                                         
2000d318  pHciEvtMask                                                            
2000d320  pBleEvtMask                                                            
2000d328  pHciEvtMask2                                                           
2000d330  ownRandomAddr                                                          
2000d338  llConns                                                                
2000d340  ownPublicAddr                                                          
2000d348  verInfo                                                                
2000d350  ownSavedPublicAddr                                                     
2000d358  rfEvent                                                                
2000d360  llConnEvtNotice                                                        
2000d368  privInfo                                                               
2000d378  gattReTxList                                                           
2000d390  parmbuf                                                                
2000d398  attClientNotifyTxCB                                                    
2000d39c  attServerNotifyTxCB                                                    
2000d3b0  pGapAdvHostInfo                                                        
2000d3b4  connEvtCB                                                              
2000d3b8  pfnPeripheralConnCBs                                                   
2000d3bc  pAuthLink                                                              
2000d3c0  pfnCentralConnCBs                                                      
2000d3c4  pGapPeripheralConnCBs                                                  
2000d3c8  pfnBondMgrCBs                                                          
2000d3cc  linkDB                                                                 
2000d3d0  clientInfoTbl                                                          
2000d3d4  pServiceList                                                           
2000d3d8  serverInfoTbl                                                          
2000d3dc  pfnClientProcessMsgCB                                                  
2000d3e0  pfnServerProcessMsgCB                                                  
2000d3e8  l2capPsm                                                               
2000d3ec  l2capChannels                                                          
2000d3f0  linkParam                                                              
2000d3f4  linkCmd                                                                
2000d3f8  rxDataQ                                                                
2000d3fc  txDataQ                                                                
2000d400  rxRingBuf                                                              
2000d404  taskEndAction                                                          
2000d408  trngDrvTblPtr                                                          
2000d40c  rfDrvTblPtr                                                            
2000d410  rfHandle                                                               
2000d414  SysBootMsg                                                             
2000d418  sclkSrc                                                                
2000d41c  eccDrvTblPtr                                                           
2000d420  cryptoDrvTblPtr                                                        
2000d424  rtosApiTblPtr                                                          
2000d428  pRfPathComp                                                            
2000d42c  activeConns                                                            
2000d430  dtmInfo                                                                
2000d434  advSetList                                                             
2000d438  ecdhHandle                                                             
2000d43c  operationResult                                                        
2000d440  encHandleECB                                                           
2000d444  encHandleCCM                                                           
2000d448  resolvingList                                                          
2000d44c  wlTable                                                                
2000d450  wlTableScan                                                            
2000d458  ggs_AppCBs                                                             
2000d45c  indCharCfg                                                             
2000d460  serviceCBsList                                                         
2000d464  prepareWritesTbl                                                       
2000d468  pAttrValue                                                             
2000d46c  pfnResponderCBs                                                        
2000d470  pPairingParams                                                         
2000d474  pfnInitiatorCBs                                                        
2000d478  pSmResponderCBs                                                        
2000d480  ClockP_tickPeriod                                                      
2000d484  PowerCC26XX_swiKey                                                     
2000d488  PowerCC26XX_taskKey                                                    
2000d48c  SpeakerPinHandle                                                       
2000d490  nvsCC26xxObjects                                                       
2000d494  tasksEvents                                                            
2000d498  trngCC26XXObjects                                                      
2000d49c  supportedMaxTxOctets                                                   
2000d49e  supportedMaxTxTime                                                     
2000d4a0  connInitialMaxTxOctets                                                 
2000d4a2  connInitialMaxTxTime                                                   
2000d4a4  rfCmdHandle                                                            
2000d4a6  buildInfo                                                              
2000d4a8  rfCfgAdiVal                                                            
2000d4aa  postRfOperations                                                       
2000d4ac  connInitialMaxTxTimeUncoded                                            
2000d4ae  connInitialMaxTxTimeCoded                                              
2000d4b0  supportedMaxRxOctets                                                   
2000d4b2  supportedMaxRxTime                                                     
2000d4b4  taskEndStatus                                                          
2000d4b8  appearance                                                             
2000d4ba  attrLen                                                                
2000d4bc  advInit                                                                
2000d4bd  updateState                                                            
2000d4be  advCount                                                               
2000d4bf  gapDeviceAddrMode                                                      
2000d4c0  gapProfileRole                                                         
2000d4c1  gapState                                                               
2000d4c2  terminateReason                                                        
2000d4c3  gapTaskID                                                              
2000d4c4  linkDBNumConns                                                         
2000d4c5  linkDB_secureConnectionOnlyMode                                        
2000d4c6  gattNumConns                                                           
2000d4c7  gattTaskID                                                             
2000d4c8  hciPTMenabled                                                          
2000d4c9  ctrlToHostEnable                                                       
2000d4ca  hciSmpTaskID                                                           
2000d4cb  hciGapTaskID                                                           
2000d4cc  hciTaskID                                                              
2000d4cd  hciTestTaskID                                                          
2000d4ce  hciL2capTaskID                                                         
2000d4cf  l2capFlowCtrlMode                                                      
2000d4d0  l2cap_gattServAppTaskID                                                
2000d4d1  l2capTaskID                                                            
2000d4d2  l2capNumCoChannels                                                     
2000d4d3  l2capNumPSM                                                            
2000d4d4  l2capNumChannels                                                       
2000d4d5  l2capNumDataPkts                                                       
2000d4d7  l2capId                                                                
2000d4d8  llState                                                                
2000d4d9  maxNumConns                                                            
2000d4da  LL_TaskID                                                              
2000d4db  curTxPowerVal                                                          
2000d4dc  maxPduSize                                                             
2000d4dd  maxNumTxDataBufs                                                       
2000d4de  onePktPerEvt                                                           
2000d4e0  rfFeModeBias                                                           
2000d4e1  maxTxPwrForDTM                                                         
2000d4e2  numTxDataBufs                                                          
2000d4e3  defaultPhy                                                             
2000d4e4  numComplPkts                                                           
2000d4e5  numComplPktsLimit                                                      
2000d4e6  numComplPktsFlush                                                      
2000d4e7  fastTxRespTime                                                         
2000d4e8  slOverride                                                             
2000d4e9  rxFifoFlowCtrl                                                         
2000d4ea  scanReqRpt                                                             
2000d4eb  rssiCorrection                                                         
2000d4ec  aeCurAdvEnableHandle                                                   
2000d4ed  aeCurHandle                                                            
2000d4ee  aeCurConnHandle                                                        
2000d4ef  wlSize                                                                 
2000d4f0  rlSize                                                                 
2000d4f1  resolvablePrivateAddressOnly                                           
2000d4f2  GATTServApp_TaskID                                                     
2000d4f3  maxNumPrepareWrites                                                    
2000d4f4  smTaskID                                                               
2000d4f5  SM_appExpectingKey                                                     
2000d4f6  BLE_State                                                              
2000d4f7  Connection_State                                                       
2000d4f8  Lock_State                                                             
2000d4f9  Register_State                                                         
2000d4fa  driverlib_release_0_52354                                              
2000d4fb  icall_liteTaskId                                                       
2000d4fc  osal_entity                                                            
2000d4fd  heapStart                                                              
200130f8  __stack                                                                
200130f8  heapEnd                                                                
200134f8  __STACK_END                                                            
200134f8  __STACK_TOP                                                            
e000e000  ti_sysbios_family_arm_m3_Hwi_nvic                                      
ffffffff  __TI_pprof_out_hndl                                                    
ffffffff  __TI_prof_data_size                                                    
ffffffff  __TI_prof_data_start                                                   
ffffffff  __binit__                                                              
ffffffff  __c_args__                                                             
ffffffff  binit                                                                  
UNDEFED   SHT$$INIT_ARRAY$$Base                                                  
UNDEFED   SHT$$INIT_ARRAY$$Limit                                                 

[2400 symbols]
