******************************************************************************
                  TI ARM Linker Unix v18.12.2                  
******************************************************************************
>> Linked Fri Oct 25 17:17:43 2019

OUTPUT FILE NAME:   <ble5_project_zero_cc26x2r1lp_app_FlashROM_Release.out>
ENTRY POINT SYMBOL: "ResetISR"  address: 0001cf1d


MEMORY CONFIGURATION

         name            origin    length      used     unused   attr    fill
----------------------  --------  ---------  --------  --------  ----  --------
  FLASH_IMG_HDR         00000000   00000050  00000038  00000018  R  X
  ENTRY                 00000050   00000040  0000003c  00000004  R  X
  FLASH                 00000090   00056090  0002c200  00029e90  R  X
  SRAM                  20000000   000134f8  00003a2b  0000facd  RW X


SEGMENT ALLOCATION MAP

run origin  load origin   length   init length attrs members
----------  ----------- ---------- ----------- ----- -------
00000000    00000000    00000038   00000038    r--
  00000000    00000000    00000038   00000038    r-- .image_header
00000050    00000050    00028240   00028240    r-x
  00000050    00000050    0000003c   0000003c    r-- .resetVecs
  00000090    00000090    00026270   00026270    r-x .text
  00026300    00026300    00000f70   00000f70    r-- .const
  00027270    00027270    000009f0   000009f0    r-- .rodata
  00027c60    00027c60    00000630   00000630    r-- .cinit
00048000    00048000    00004000   00000000    rw-
  00048000    00048000    00004000   00000000    rw- .TI.bound:flashBuf$21
20000100    20000100    0000000c   00000000    rw-
  20000100    20000100    00000004   00000000    rw- .data:xdcRomConstPtr
  20000104    20000104    00000004   00000000    rw- .data:xdcRomExternFuncPtr
  20000108    20000108    00000004   00000000    rw- .data:xdcRomStatePtr
20001830    20001830    00000010   00000000    rw-
  20001830    20001830    00000010   00000000    rw- .TI.bound:dmaSpi0RxControlTableEntry
20001840    20001840    00000010   00000000    rw-
  20001840    20001840    00000010   00000000    rw- .TI.bound:dmaSpi0TxControlTableEntry
20001900    20001900    00000010   00000000    rw-
  20001900    20001900    00000010   00000000    rw- .TI.bound:dmaSpi1RxControlTableEntry
20001910    20001910    00000010   00000000    rw-
  20001910    20001910    00000010   00000000    rw- .TI.bound:dmaSpi1TxControlTableEntry
20001a30    20001a30    00000010   00000000    rw-
  20001a30    20001a30    00000010   00000000    rw- .TI.bound:dmaSpi0RxAltControlTableEntry
20001a40    20001a40    00000010   00000000    rw-
  20001a40    20001a40    00000010   00000000    rw- .TI.bound:dmaSpi0TxAltControlTableEntry
20001b00    20001b00    00000010   00000000    rw-
  20001b00    20001b00    00000010   00000000    rw- .TI.bound:dmaSpi1RxAltControlTableEntry
20001b10    20001b10    000034d7   00000000    rw-
  20001b10    20001b10    00000010   00000000    rw- .TI.bound:dmaSpi1TxAltControlTableEntry
  20001b20    20001b20    00001ed0   00000000    rw- .data
  200039f0    200039f0    000015f7   00000000    rw- .bss
200130f8    200130f8    00000400   00000000    rw-
  200130f8    200130f8    00000400   00000000    rw- .stack


SECTION ALLOCATION MAP

 output                                  attributes/
section   page    origin      length       input sections
--------  ----  ----------  ----------   ----------------
.data:xdcRomConstPtr 
*          0    20000100    00000004     UNINITIALIZED
                  20000100    00000004     ble_release_pem4f.oem4f (.data:xdcRomConstPtr)

.data:xdcRomExternFuncPtr 
*          0    20000104    00000004     UNINITIALIZED
                  20000104    00000004     ble_release_pem4f.oem4f (.data:xdcRomExternFuncPtr)

.data:xdcRomStatePtr 
*          0    20000108    00000004     UNINITIALIZED
                  20000108    00000004     ble_release_pem4f.oem4f (.data:xdcRomStatePtr)

.bootVecs 
*          0    00000000    00000008     DSECT
                  00000000    00000008     boot.aem4f : boot.oem4f (.bootVecs)

.resetVecs 
*          0    00000050    0000003c     
                  00000050    0000003c     ble_release_pem4f.oem4f (.resetVecs)

.vecs      0    20000000    000000d8     NOLOAD SECTION
                  20000000    000000d8     ble_release_pem4f.oem4f (.vecs)

xdc.meta   0    00000000    00000109     COPY SECTION
                  00000000    00000109     ble_release_pem4f.oem4f (xdc.meta)

xdc.noload 
*          0    00000000    00000000     COPY SECTION

.image_header 
*          0    00000000    00000038     
                  00000000    00000038     oad_image_header_app.obj (.image_header:retain)

.resetVecs 
*          0    00000050    00000000     UNINITIALIZED

.intvecs   0    00000050    00000000     UNINITIALIZED

EntrySection 
*          0    00000050    00000000     UNINITIALIZED

.cinit     0    00027c60    00000630     
                  00027c60    0000055a     (.cinit..data.load) [load image, compression = lzss]
                  000281ba    00000002     --HOLE-- [fill = 0]
                  000281bc    0000000c     (__TI_handler_table)
                  000281c8    00000008     (.cinit..TI.bound:dmaSpi0RxAltControlTableEntry.load) [load image, compression = zero_init]
                  000281d0    00000008     (.cinit..TI.bound:dmaSpi0RxControlTableEntry.load) [load image, compression = zero_init]
                  000281d8    00000008     (.cinit..TI.bound:dmaSpi0TxAltControlTableEntry.load) [load image, compression = zero_init]
                  000281e0    00000008     (.cinit..TI.bound:dmaSpi0TxControlTableEntry.load) [load image, compression = zero_init]
                  000281e8    00000008     (.cinit..TI.bound:dmaSpi1RxAltControlTableEntry.load) [load image, compression = zero_init]
                  000281f0    00000008     (.cinit..TI.bound:dmaSpi1RxControlTableEntry.load) [load image, compression = zero_init]
                  000281f8    00000008     (.cinit..TI.bound:dmaSpi1TxAltControlTableEntry.load) [load image, compression = zero_init]
                  00028200    00000008     (.cinit..TI.bound:dmaSpi1TxControlTableEntry.load) [load image, compression = zero_init]
                  00028208    00000008     (.cinit..bss.load) [load image, compression = zero_init]
                  00028210    00000008     (.cinit..data:xdcRomConstPtr.load) [load image, compression = lzss]
                  00028218    00000008     (.cinit..data:xdcRomExternFuncPtr.load) [load image, compression = lzss]
                  00028220    00000008     (.cinit..data:xdcRomStatePtr.load) [load image, compression = lzss]
                  00028228    00000068     (__TI_cinit_table)

.TI.bound:flashBuf$21 
*          0    00048000    00004000     UNINITIALIZED
                  00048000    00004000     CC26X2R1_LAUNCHXL.obj (.TI.bound:flashBuf$21)

.TI.bound:dmaSpi0RxControlTableEntry 
*          0    20001830    00000010     UNINITIALIZED
                  20001830    00000010     drivers_cc26x2_v1.aem4f : SPICC26X2DMA.oem4f (.TI.bound:dmaSpi0RxControlTableEntry)

.TI.bound:dmaSpi0TxControlTableEntry 
*          0    20001840    00000010     UNINITIALIZED
                  20001840    00000010     drivers_cc26x2_v1.aem4f : SPICC26X2DMA.oem4f (.TI.bound:dmaSpi0TxControlTableEntry)

.TI.bound:dmaSpi1RxControlTableEntry 
*          0    20001900    00000010     UNINITIALIZED
                  20001900    00000010     drivers_cc26x2_v1.aem4f : SPICC26X2DMA.oem4f (.TI.bound:dmaSpi1RxControlTableEntry)

.TI.bound:dmaSpi1TxControlTableEntry 
*          0    20001910    00000010     UNINITIALIZED
                  20001910    00000010     drivers_cc26x2_v1.aem4f : SPICC26X2DMA.oem4f (.TI.bound:dmaSpi1TxControlTableEntry)

.TI.bound:dmaSpi0RxAltControlTableEntry 
*          0    20001a30    00000010     UNINITIALIZED
                  20001a30    00000010     drivers_cc26x2_v1.aem4f : SPICC26X2DMA.oem4f (.TI.bound:dmaSpi0RxAltControlTableEntry)

.TI.bound:dmaSpi0TxAltControlTableEntry 
*          0    20001a40    00000010     UNINITIALIZED
                  20001a40    00000010     drivers_cc26x2_v1.aem4f : SPICC26X2DMA.oem4f (.TI.bound:dmaSpi0TxAltControlTableEntry)

.TI.bound:dmaSpi1RxAltControlTableEntry 
*          0    20001b00    00000010     UNINITIALIZED
                  20001b00    00000010     drivers_cc26x2_v1.aem4f : SPICC26X2DMA.oem4f (.TI.bound:dmaSpi1RxAltControlTableEntry)

.TI.bound:dmaSpi1TxAltControlTableEntry 
*          0    20001b10    00000010     UNINITIALIZED
                  20001b10    00000010     drivers_cc26x2_v1.aem4f : SPICC26X2DMA.oem4f (.TI.bound:dmaSpi1TxAltControlTableEntry)

.data      0    20001b20    00001ed0     UNINITIALIZED
                  20001b20    00000a60     project_zero.obj (.data:$O1$$)
                  20002580    000005b8     UartLog.obj (.data:$O20$$)
                  20002b38    000001d4     devinfoservice.obj (.data:$O17$$)
                  20002d0c    0000017c     oad.obj (.data:$O15$$)
                  20002e88    00000108     ble_release_pem4f.oem4f (.data:ROM_stateStruct)
                  20002f90    00000100     ble5_project_zero_cc26x2r1lp_stack_library.lib : gapbondmgr.obj (.data:$O24$$)
                  20003090    000000c8     drivers_cc26x2_v1.aem4f : PowerCC26X2.oem4f (.data:PowerCC26X2_module)
                  20003158    000000ac     data_service.obj (.data:$O5$$)
                  20003204    000000a0     profiles_pxxx_coc.a : gapgattserver.o (.data)
                  200032a4    0000009c     icall.obj (.data:$O11$$)
                  20003340    00000084     button_service.obj (.data:$O3$$)
                  200033c4    0000007c     ble5_project_zero_cc26x2r1lp_stack_library.lib : osal_cbtimer.obj (.data:$O26$$)
                  20003440    0000005c     led_service.obj (.data:$O7$$)
                  2000349c    0000004c     ll_pxxx.a : ll_config.o (.data)
                  200034e8    0000004c     ble_release_pem4f.oem4f (.data:ti_sysbios_knl_Task_Object__table__V)
                  20003534    00000048     ble_user_config.obj (.data:rfRegTbl)
                  2000357c    00000004     ble5_project_zero_cc26x2r1lp_stack_library.lib : gap.obj (.data:$O23$$)
                  20003580    00000048     ble_release_pem4f.oem4f (.data:ti_sysbios_family_arm_cc26xx_Timer_Object__table__V)
                  200035c8    00000040     profiles_pxxx_coc.a : gattservapp.o (.data)
                  20003608    00000038     nvoctp.obj (.data:$O10$$)
                  20003640    00000038     ble_release_pem4f.oem4f (.data:ti_sysbios_gates_GateMutex_Object__table__V)
                  20003678    00000030     ble_release_pem4f.oem4f (.data:ti_sysbios_knl_Swi_Module_State_0_readyQ__A)
                  200036a8    00000030     ble_release_pem4f.oem4f (.data:ti_sysbios_knl_Swi_Object__table__V)
                  200036d8    00000030     ble_release_pem4f.oem4f (.data:ti_sysbios_knl_Task_Module_State_0_readyQ__A)
                  20003708    0000002c     ble5_project_zero_cc26x2r1lp_stack_library.lib : osal.obj (.data:$O25$$)
                  20003734    0000002c     CC26X2R1_LAUNCHXL.obj (.data:gpioPinConfigs)
                  20003760    00000028     icall_user_config.obj (.data:nvintfFncStruct)
                  20003788    00000020     ble_user_config.obj (.data:eccParams_NISTP256)
                  200037a8    00000020     ble_release_pem4f.oem4f (.data:ti_sysbios_knl_Clock_Object__table__V)
                  200037c8    00000020     ble_release_pem4f.oem4f (.data:xdc_runtime_Error_IgnoreBlock)
                  200037e8    00000018     flash_interface_ext_rtos_NVS.obj (.data:$O14$$)
                  20003800    00000018     ble_release_pem4f.oem4f (.data:ti_sysbios_family_arm_m3_Hwi_Object__table__V)
                  20003818    00000014     gap_pxxx_coc.a : gap_configmgr.o (.data)
                  2000382c    00000010     icall_user_config.obj (.data:bleAppServiceInfoTable)
                  2000383c    00000010     gap_pxxx_coc.a : gap_configmgr.o (.data)
                  2000384c    00000010     CC26X2R1_LAUNCHXL.obj (.data:gpioCallbackFunctions)
                  2000385c    00000010     icall_api_lite.obj (.data)
                  2000386c    00000010     ll_pxxx.a : ll.o (.data)
                  2000387c    00000010               : ll_data.o (.data)
                  2000388c    00000010     ble_user_config.obj (.data:rfRegTbl1M)
                  2000389c    00000010     ble_user_config.obj (.data:rfRegTbl2M)
                  200038ac    00000010     ble_user_config.obj (.data:rfRegTblCoded)
                  200038bc    00000010     main.obj (.data:user0Cfg)
                  200038cc    0000000c     ll_pxxx.a : ll_common.o (.data)
                  200038d8    0000000c     ble_release_pem4f.oem4f (.data:ti_sysbios_heaps_HeapCallback_Object__table__V)
                  200038e4    00000009     devinfoservice.obj (.data)
                  200038ed    00000002     button_service.obj (.data)
                  200038ef    00000001     TRNGCC26XX.obj (.data)
                  200038f0    00000008     icall_cc2650.obj (.data:$O13$$)
                  200038f8    00000008     ble5_project_zero_cc26x2r1lp_stack_library.lib : hal_assert.obj (.data:$O22$$)
                  20003900    00000008                                                    : osal_clock.obj (.data:$O30$$)
                  20003908    00000008     rtsv7M4_T_le_v4SPD16_eabi.lib : _lock.c.obj (.data:$O31$$)
                  20003910    00000008     drivers_cc26x2_v1.aem4f : PINCC26XX.oem4f (.data)
                  20003918    00000008     profiles_pxxx_coc.a : gapgattserver.o (.data)
                  20003920    00000008     ble_release_pem4f.oem4f (.data:ti_sysbios_family_arm_m3_Hwi_Module__root__V)
                  20003928    00000008     ble_release_pem4f.oem4f (.data:ti_sysbios_gates_GateHwi_Module__root__V)
                  20003930    00000008     ble_release_pem4f.oem4f (.data:ti_sysbios_gates_GateMutexPri_Module__root__V)
                  20003938    00000008     ble_release_pem4f.oem4f (.data:ti_sysbios_gates_GateMutex_Module__root__V)
                  20003940    00000008     ble_release_pem4f.oem4f (.data:ti_sysbios_hal_Hwi_Module__root__V)
                  20003948    00000008     ble_release_pem4f.oem4f (.data:ti_sysbios_heaps_HeapCallback_Module__root__V)
                  20003950    00000008     ble_release_pem4f.oem4f (.data:ti_sysbios_heaps_HeapMem_Module__root__V)
                  20003958    00000008     ble_release_pem4f.oem4f (.data:ti_sysbios_knl_Clock_Module__root__V)
                  20003960    00000008     ble_release_pem4f.oem4f (.data:ti_sysbios_knl_Event_Module__root__V)
                  20003968    00000008     ble_release_pem4f.oem4f (.data:ti_sysbios_knl_Mailbox_Module__root__V)
                  20003970    00000008     ble_release_pem4f.oem4f (.data:ti_sysbios_knl_Queue_Module__root__V)
                  20003978    00000008     ble_release_pem4f.oem4f (.data:ti_sysbios_knl_Semaphore_Module__root__V)
                  20003980    00000008     ble_release_pem4f.oem4f (.data:ti_sysbios_knl_Swi_Module__root__V)
                  20003988    00000008     ble_release_pem4f.oem4f (.data:ti_sysbios_knl_Task_Module__root__V)
                  20003990    00000008     ble_release_pem4f.oem4f (.data:xdc_runtime_Registry_Module__state__V)
                  20003998    00000005     drivers_cc26x2_v1.aem4f : GPIOCC26XX.oem4f (.data)
                  2000399d    00000002     data_service.obj (.data)
                  2000399f    00000001     drivers_cc26x2_v1.aem4f : AESCCMCC26XX.oem4f (.data)
                  200039a0    00000004     ble5_project_zero_cc26x2r1lp_stack_library.lib : osal_pwrmgr.obj (.data:$O27$$)
                  200039a4    00000004                                                    : ble_user_config.obj (.data)
                  200039a8    00000004                                                    : osal_bufmgr.obj (.data)
                  200039ac    00000004     ble_user_config.obj (.data)
                  200039b0    00000004     drivers_cc26x2_v1.aem4f : GPIOCC26XX.oem4f (.data:gpioPinTable)
                  200039b4    00000004     rtsv7M4_T_le_v4SPD16_eabi.lib : stkdepth_vars.c.obj (.data)
                  200039b8    00000004     ble_release_pem4f.oem4f (.data:ti_sysbios_family_arm_m3_Hwi_Module_State_0_excContext__A)
                  200039bc    00000004     ble_release_pem4f.oem4f (.data:ti_sysbios_family_arm_m3_Hwi_Module_State_0_excStack__A)
                  200039c0    00000004     ble_release_pem4f.oem4f (.data:ti_sysbios_knl_Task_Module_State_0_idleTask__A)
                  200039c4    00000002     drivers_cc26x2_v1.aem4f : CryptoResourceCC26XX.oem4f (.data)
                  200039c6    00000002                             : PKAResourceCC26XX.oem4f (.data)
                  200039c8    00000002     gap_pxxx_coc.a : gap_linkmgr.o (.data)
                  200039ca    00000002     gatt_pxxx_coc.a : gatt_server.o (.data)
                  200039cc    00000002     l2cap_pxxx_coc.a : l2cap_task.o (.data)
                  200039ce    00000002                      : l2cap_task.o (.data)
                  200039d0    00000002     led_service.obj (.data)
                  200039d2    00000002     ll_pxxx.a : ll_ae.o (.data)
                  200039d4    00000002     oad.obj (.data)
                  200039d6    00000002     sm_pxxx_coc.a : sm_mgr.o (.data)
                  200039d8    00000002     ble_release_pem4f.oem4f (.data:ti_sysbios_family_arm_m3_Hwi_Module_State_0_excActive__A)
                  200039da    00000001     drivers_cc26x2_v1.aem4f : AESECBCC26XX.oem4f (.data)
                  200039db    00000001                             : ECDHCC26X2.oem4f (.data)
                  200039dc    00000001                             : NVS.oem4f (.data)
                  200039dd    00000001                             : SPI.oem4f (.data)
                  200039de    00000001                             : UART.oem4f (.data)
                  200039df    00000001     gap_pxxx_coc.a : gap_advertiser.o (.data)
                  200039e0    00000001                    : gap_task.o (.data)
                  200039e1    00000001     gatt_pxxx_coc.a : gatt_client.o (.data)
                  200039e2    00000001                     : gatt_server.o (.data)
                  200039e3    00000001                     : gatt_task.o (.data)
                  200039e4    00000001     l2cap_pxxx_coc.a : l2cap_task.o (.data)
                  200039e5    00000001                      : l2cap_task.o (.data)
                  200039e6    00000001     ll_pxxx.a : ll_ae.o (.data)
                  200039e7    00000001               : ll_ae.o (.data)
                  200039e8    00000001               : ll_scheduler.o (.data)
                  200039e9    00000001     profiles_pxxx_coc.a : gapgattserver.o (.data)
                  200039ea    00000001                         : gapgattserver.o (.data)
                  200039eb    00000001                         : gapgattserver.o (.data)
                  200039ec    00000001                         : gapgattserver.o (.data)
                  200039ed    00000001                         : gapgattserver.o (.data)
                  200039ee    00000001                         : gattservapp.o (.data)
                  200039ef    00000001                         : gattservapp.o (.data)

.bss       0    200039f0    000015f7     UNINITIALIZED
                  200039f0    00000300     ble_release_pem4f.oem4f (.bss:taskStackSection)
                  20003cf0    00000250     (.common:uartCC26XXObjects)
                  20003f40    000001c0     rf_multiMode_cc26x2_v1.aem4f : RFCC26X2_multiMode.oem4f (.bss:RF_cmdPool)
                  20004100    000001a0     (.common:spiCC26X2DMAObjects)
                  200042a0    00000100     (.common:crcBuf)
                  200043a0    000000d8     (.common:ti_sysbios_family_arm_m3_Hwi_dispatchTable)
                  20004478    000000c8     ll_pxxx.a : ll.o (.bss)
                  20004540    0000007c     (.common:pinHandleTable)
                  200045bc    00000004     att_pxxx_coc.a : att_client.o (.bss)
                  200045c0    00000068     rf_multiMode_cc26x2_v1.aem4f : RFCC26X2_multiMode.oem4f (.bss:RF_ratModule)
                  20004628    00000054     (.common:ecdhCC26X2Objects)
                  2000467c    0000004c     (.common:aesccmCC26XXObjects)
                  200046c8    0000004c     (.common:aesecbCC26XXObjects)
                  20004714    00000044     ll_pxxx.a : ll_ae.o (.bss)
                  20004758    00000044     sm_pxxx_coc.a : sm_pairing.o (.bss)
                  2000479c    00000040     CC26X2R1_LAUNCHXL.obj (.bss:verifyBuf$21)
                  200047dc    00000040     (.common:uartCC26XXRingBuffer)
                  2000481c    00000038     ll_pxxx.a : ble.o (.bss)
                  20004854    00000034     rf_multiMode_cc26x2_v1.aem4f : RFCC26X2_multiMode.oem4f (.bss:RF_swiFsmObj)
                  20004888    00000034                                  : RFCC26X2_multiMode.oem4f (.bss:RF_swiHwObj)
                  200048bc    00000034     drivers_cc26x2_v1.aem4f : PINCC26XX.oem4f (.bss:pinSwi)
                  200048f0    00000030     rf_multiMode_cc26x2_v1.aem4f : RFCC26X2_multiMode.oem4f (.bss:RF_Sch)
                  20004920    00000030     gap_pxxx_coc.a : linkdb.o (.bss)
                  20004950    00000030     l2cap_pxxx_coc.a : l2cap_task.o (.bss)
                  20004980    00000028     (.common:nvFptrs)
                  200049a8    00000024     rf_multiMode_cc26x2_v1.aem4f : RFCC26X2_multiMode.oem4f (.bss:RF_clkPowerUpObj)
                  200049cc    00000024     ll_pxxx.a : ll.o (.bss)
                  200049f0    00000024               : ll_enc.o (.bss)
                  20004a14    00000020     rf_multiMode_cc26x2_v1.aem4f : RFCC26X2_multiMode.oem4f (.bss:RF_cmdQ)
                  20004a34    00000020     drivers_cc26x2_v1.aem4f : GPIOCC26XX.oem4f (.bss:gpioCallbackInfo)
                  20004a54    00000020     ll_pxxx.a : ll_ecc.o (.bss)
                  20004a74    00000020               : ll_enc.o (.bss)
                  20004a94    00000020     drivers_cc26x2_v1.aem4f : PINCC26XX.oem4f (.bss:pinGpioConfigTable)
                  20004ab4    00000020     (.common:udmaObjects)
                  20004ad4    0000001c     rf_multiMode_cc26x2_v1.aem4f : RFCC26X2_multiMode.oem4f (.bss:RF_hwiCpe0Obj)
                  20004af0    0000001c                                  : RFCC26X2_multiMode.oem4f (.bss:RF_hwiHwObj)
                  20004b0c    0000001c     gap_pxxx_coc.a : gap_configmgr.o (.bss)
                  20004b28    0000001c     ll_pxxx.a : ble.o (.bss)
                  20004b44    0000001c     drivers_cc26x2_v1.aem4f : PINCC26XX.oem4f (.bss:pinHwi)
                  20004b60    0000001c                             : PINCC26XX.oem4f (.bss:pinSemaphore)
                  20004b7c    0000001c     (.common:CryptoResourceCC26XX_accessSemaphore)
                  20004b98    0000001c     (.common:CryptoResourceCC26XX_hwi)
                  20004bb4    0000001c     (.common:CryptoResourceCC26XX_operationSemaphore)
                  20004bd0    0000001c     (.common:PKAResourceCC26XX_accessSemaphore)
                  20004bec    0000001c     (.common:PKAResourceCC26XX_hwi)
                  20004c08    0000001c     (.common:PKAResourceCC26XX_operationSemaphore)
                  20004c24    00000018     profiles_pxxx_coc.a : gapgattserver.o (.bss)
                  20004c3c    00000018                         : gattservapp.o (.bss)
                  20004c54    00000016     rf_multiMode_cc26x2_v1.aem4f : RFCC26X2_multiMode.oem4f (.bss)
                  20004c6a    00000002     drivers_cc26x2_v1.aem4f : UARTCC26XX.oem4f (.bss)
                  20004c6c    00000014     rf_multiMode_cc26x2_v1.aem4f : RFCC26X2_multiMode.oem4f (.bss:RF_ratSyncCmd)
                  20004c80    00000014                                  : RFCC26X2_multiMode.oem4f (.bss:RF_wakeupNotifyObj)
                  20004c94    00000014     ll_pxxx.a : ble.o (.bss)
                  20004ca8    00000014               : ll.o (.bss)
                  20004cbc    00000014     driverlib.lib : osc.obj (.bss:oscHfGlobals$63)
                  20004cd0    00000014     drivers_cc26x2_v1.aem4f : GPIOCC26XX.oem4f (.bss:powerNotifyObj)
                  20004ce4    00000010     rf_multiMode_cc26x2_v1.aem4f : RFCC26X2_multiMode.oem4f (.bss:RF_core)
                  20004cf4    00000010     gap_pxxx_coc.a : gap_configmgr.o (.bss)
                  20004d04    00000010     ll_pxxx.a : ble.o (.bss)
                  20004d14    00000010               : ll_ecc.o (.bss)
                  20004d24    00000010               : ll_ecc.o (.bss)
                  20004d34    00000010               : ll_ecc.o (.bss)
                  20004d44    00000010               : ll_ecc.o (.bss)
                  20004d54    00000010               : ll_ecc.o (.bss)
                  20004d64    00000010               : ll_ecc.o (.bss)
                  20004d74    00000010               : ll_enc.o (.bss)
                  20004d84    00000010               : ll_enc.o (.bss)
                  20004d94    00000010               : ll_enc.o (.bss)
                  20004da4    00000010               : ll_enc.o (.bss)
                  20004db4    00000010     drivers_cc26x2_v1.aem4f : NVSSPI25X.oem4f (.bss:spiHandles)
                  20004dc4    0000000c     ble5_project_zero_cc26x2r1lp_stack_library.lib : osal_timers.obj (.bss:$O28$$)
                  20004dd0    0000000c     drivers_cc26x2_v1.aem4f : NVSCC26XX.oem4f (.bss)
                  20004ddc    0000000c                             : NVSSPI25X.oem4f (.bss)
                  20004de8    0000000c                             : GPIOCC26XX.oem4f (.bss:gpioPinState)
                  20004df4    0000000c     ll_pxxx.a : ll_ecc.o (.bss)
                  20004e00    0000000c               : ll_enc.o (.bss)
                  20004e0c    0000000c               : ll_scheduler.o (.bss)
                  20004e18    0000000c     (.common:nvsSPI25XObjects)
                  20004e24    00000008     drivers_cc26x2_v1.aem4f : GPIOCC26XX.oem4f (.bss)
                  20004e2c    00000008     gap_pxxx_coc.a : gap_configmgr.o (.bss)
                  20004e34    00000008                    : gap_linkmgr.o (.bss)
                  20004e3c    00000008     hci_pxxx.a : hci_event.o (.bss)
                  20004e44    00000008                : hci_event.o (.bss)
                  20004e4c    00000008                : hci_event.o (.bss)
                  20004e54    00000008     ll_pxxx.a : ll.o (.bss)
                  20004e5c    00000008               : ll.o (.bss)
                  20004e64    00000008               : ll.o (.bss)
                  20004e6c    00000008               : ll.o (.bss)
                  20004e74    00000008               : ll.o (.bss)
                  20004e7c    00000004     att_pxxx_coc.a : att_server.o (.bss)
                  20004e80    00000008     ll_pxxx.a : ll.o (.bss)
                  20004e88    00000008               : ll_common.o (.bss)
                  20004e90    00000008               : ll_privacy.o (.bss)
                  20004e98    00000008     profiles_pxxx_coc.a : gattservapp.o (.bss)
                  20004ea0    00000004     drivers_cc26x2_v1.aem4f : ECDHCC26X2.oem4f (.bss)
                  20004ea4    00000004                             : PINCC26XX.oem4f (.bss)
                  20004ea8    00000004     gap_pxxx_coc.a : gap_advertiser.o (.bss)
                  20004eac    00000004                    : gap_linkmgr.o (.bss)
                  20004eb0    00000004                    : gap_linkmgr.o (.bss)
                  20004eb4    00000004                    : gap_linkmgr.o (.bss)
                  20004eb8    00000004                    : gap_linkmgr.o (.bss)
                  20004ebc    00000004                    : gap_perilinkmgr.o (.bss)
                  20004ec0    00000004                    : gap_task.o (.bss)
                  20004ec4    00000004                    : linkdb.o (.bss)
                  20004ec8    00000004     gatt_pxxx_coc.a : gatt_client.o (.bss)
                  20004ecc    00000004                     : gatt_server.o (.bss)
                  20004ed0    00000004                     : gatt_server.o (.bss)
                  20004ed4    00000004                     : gatt_task.o (.bss)
                  20004ed8    00000004                     : gatt_task.o (.bss)
                  20004edc    00000004     l2cap_pxxx_coc.a : l2cap_task.o (.bss)
                  20004ee0    00000004                      : l2cap_task.o (.bss)
                  20004ee4    00000004     ll_pxxx.a : ble.o (.bss)
                  20004ee8    00000004               : ble.o (.bss)
                  20004eec    00000004               : ble.o (.bss)
                  20004ef0    00000004               : ble.o (.bss)
                  20004ef4    00000004               : ble.o (.bss)
                  20004ef8    00000004               : ll.o (.bss)
                  20004efc    00000004               : ll.o (.bss)
                  20004f00    00000004               : ll.o (.bss)
                  20004f04    00000004               : ll.o (.bss)
                  20004f08    00000004               : ll.o (.bss)
                  20004f0c    00000004               : ll.o (.bss)
                  20004f10    00000004               : ll.o (.bss)
                  20004f14    00000004               : ll.o (.bss)
                  20004f18    00000004               : ll.o (.bss)
                  20004f1c    00000004               : ll.o (.bss)
                  20004f20    00000004               : ll.o (.bss)
                  20004f24    00000004               : ll.o (.bss)
                  20004f28    00000004               : ll_ae.o (.bss)
                  20004f2c    00000004               : ll_ecc.o (.bss)
                  20004f30    00000004               : ll_ecc.o (.bss)
                  20004f34    00000004               : ll_enc.o (.bss)
                  20004f38    00000004               : ll_enc.o (.bss)
                  20004f3c    00000004               : ll_privacy.o (.bss)
                  20004f40    00000004               : ll_wl.o (.bss)
                  20004f44    00000004               : ll_wl.o (.bss)
                  20004f48    00000004     profiles_pxxx_coc.a : gapgattserver.o (.bss)
                  20004f4c    00000004                         : gattservapp.o (.bss)
                  20004f50    00000004                         : gattservapp.o (.bss)
                  20004f54    00000004                         : gattservapp.o (.bss)
                  20004f58    00000004                         : gattservapp.o (.bss)
                  20004f5c    00000004     sm_pxxx_coc.a : sm_pairing.o (.bss)
                  20004f60    00000004                   : sm_pairing.o (.bss)
                  20004f64    00000004                   : sm_pairing.o (.bss)
                  20004f68    00000004                   : sm_rsppairing.o (.bss)
                  20004f6c    00000004     drivers_cc26x2_v1.aem4f : NVSSPI25X.oem4f (.bss:spiHandleUsers)
                  20004f70    00000004     (.common:ClockP_tickPeriod)
                  20004f74    00000004     (.common:PowerCC26XX_swiKey)
                  20004f78    00000004     (.common:PowerCC26XX_taskKey)
                  20004f7c    00000004     (.common:nvsCC26xxObjects)
                  20004f80    00000004     (.common:tasksEvents)
                  20004f84    00000004     (.common:trngCC26XXObjects)
                  20004f88    00000002     hci_pxxx.a : hci.o (.bss)
                  20004f8a    00000002     ll_pxxx.a : ll.o (.bss)
                  20004f8c    00000002               : ll.o (.bss)
                  20004f8e    00000002               : ll.o (.bss)
                  20004f90    00000002               : ll.o (.bss)
                  20004f92    00000002               : ll.o (.bss)
                  20004f94    00000002               : ll.o (.bss)
                  20004f96    00000002               : ll.o (.bss)
                  20004f98    00000002               : ll.o (.bss)
                  20004f9a    00000002               : ll.o (.bss)
                  20004f9c    00000002               : ll.o (.bss)
                  20004f9e    00000002               : ll.o (.bss)
                  20004fa0    00000002               : ll.o (.bss)
                  20004fa2    00000002               : ll.o (.bss)
                  20004fa4    00000002               : ll_slave_end_causes.o (.bss)
                  20004fa6    00000002     profiles_pxxx_coc.a : gapgattserver.o (.bss)
                  20004fa8    00000002                         : gattservapp.o (.bss)
                  20004faa    00000001     att_pxxx_coc.a : att_util.o (.bss)
                  20004fab    00000001     gap_pxxx_coc.a : gap_advertiser.o (.bss)
                  20004fac    00000001                    : gap_advertiser.o (.bss)
                  20004fad    00000001                    : gap_advertiser.o (.bss)
                  20004fae    00000001                    : gap_configmgr.o (.bss)
                  20004faf    00000001                    : gap_configmgr.o (.bss)
                  20004fb0    00000001                    : gap_devmgr.o (.bss)
                  20004fb1    00000001                    : gap_linkmgr.o (.bss)
                  20004fb2    00000001                    : gap_task.o (.bss)
                  20004fb3    00000001                    : linkdb.o (.bss)
                  20004fb4    00000001                    : linkdb.o (.bss)
                  20004fb5    00000001     gatt_pxxx_coc.a : gatt_task.o (.bss)
                  20004fb6    00000001                     : gatt_task.o (.bss)
                  20004fb7    00000001     hci_pxxx.a : hci.o (.bss)
                  20004fb8    00000001                : hci.o (.bss)
                  20004fb9    00000001     hci_tl_none.a : hci_tl.o (.bss)
                  20004fba    00000001                   : hci_tl.o (.bss)
                  20004fbb    00000001                   : hci_tl.o (.bss)
                  20004fbc    00000001                   : hci_tl.o (.bss)
                  20004fbd    00000001                   : hci_tl.o (.bss)
                  20004fbe    00000001     l2cap_pxxx_coc.a : l2cap_if.o (.bss)
                  20004fbf    00000001                      : l2cap_task.o (.bss)
                  20004fc0    00000001                      : l2cap_task.o (.bss)
                  20004fc1    00000001                      : l2cap_task.o (.bss)
                  20004fc2    00000001                      : l2cap_task.o (.bss)
                  20004fc3    00000001                      : l2cap_task.o (.bss)
                  20004fc4    00000001                      : l2cap_task.o (.bss)
                  20004fc5    00000001                      : l2cap_util.o (.bss)
                  20004fc6    00000001                      : l2cap_util.o (.bss)
                  20004fc7    00000001     ll_pxxx.a : ll.o (.bss)
                  20004fc8    00000001               : ll.o (.bss)
                  20004fc9    00000001               : ll.o (.bss)
                  20004fca    00000001               : ll.o (.bss)
                  20004fcb    00000001               : ll.o (.bss)
                  20004fcc    00000001               : ll.o (.bss)
                  20004fcd    00000001               : ll.o (.bss)
                  20004fce    00000001               : ll.o (.bss)
                  20004fcf    00000001               : ll.o (.bss)
                  20004fd0    00000001               : ll.o (.bss)
                  20004fd1    00000001               : ll.o (.bss)
                  20004fd2    00000001               : ll.o (.bss)
                  20004fd3    00000001               : ll.o (.bss)
                  20004fd4    00000001               : ll.o (.bss)
                  20004fd5    00000001               : ll.o (.bss)
                  20004fd6    00000001               : ll.o (.bss)
                  20004fd7    00000001               : ll.o (.bss)
                  20004fd8    00000001               : ll.o (.bss)
                  20004fd9    00000001               : ll.o (.bss)
                  20004fda    00000001               : ll.o (.bss)
                  20004fdb    00000001               : ll_ae.o (.bss)
                  20004fdc    00000001               : ll_ae.o (.bss)
                  20004fdd    00000001               : ll_ae.o (.bss)
                  20004fde    00000001               : ll_config.o (.bss)
                  20004fdf    00000001               : ll_config.o (.bss)
                  20004fe0    00000001     profiles_pxxx_coc.a : gapgattserver.o (.bss)
                  20004fe1    00000001                         : gattservapp.o (.bss)
                  20004fe2    00000001                         : gattservapp.o (.bss)
                  20004fe3    00000001     sm_pxxx_coc.a : sm_task.o (.bss)
                  20004fe4    00000001                   : sm_task.o (.bss)
                  20004fe5    00000001     (.common:driverlib_release_0_52354)
                  20004fe6    00000001     (.common:icall_liteTaskId)

.vtable    0    20004fe7    00000000     UNINITIALIZED

.vtable_ram 
*          0    20004fe7    00000000     UNINITIALIZED

vtable_ram 
*          0    20004fe7    00000000     UNINITIALIZED

.sysmem    0    20004fe7    00000000     UNINITIALIZED

.nonretenvar 
*          0    20004fe7    00000000     UNINITIALIZED

.stack     0    200130f8    00000400     UNINITIALIZED
                  200130f8    00000400     --HOLE--

.text      0    00000090    00026270     
                  00000090    000012a4     ll_pxxx.a : ll.o (.text)
                  00001334    00000d04     project_zero.obj (.text:ProjectZero_taskFxn$0)
                  00002038    00000808     ll_pxxx.a : ble.o (.text)
                  00002840    0000070c               : ll_adv_end_causes.o (.text)
                  00002f4c    00000700     project_zero.obj (.text:ProjectZero_init$0)
                  0000364c    000006c7     project_zero.obj (.text:ProjectZero_bootManagerCheck$0)
                  00003d13    00000001     --HOLE-- [fill = 0]
                  00003d14    000005d0     ble5_project_zero_cc26x2r1lp_stack_library.lib : gapbondmgr.obj (.text:GAPBondMgr_ProcessEvent)
                  000042e4    00000514     ll_pxxx.a : ll_slave_end_causes.o (.text)
                  000047f8    000004a4               : ll_slave_end_causes.o (.text)
                  00004c9c    0000046c     ble5_project_zero_cc26x2r1lp_stack_library.lib : icall_startup.obj (.text:startup_entry)
                  00005108    00000458     project_zero.obj (.text:ProjectZero_processGapMessage$0)
                  00005560    00000440     ll_pxxx.a : ll_ae.o (.text)
                  000059a0    000003e8     oad.obj (.text:oadProcessExtControlCmd$16)
                  00005d88    00000398     ll_pxxx.a : ll.o (.text)
                  00006120    0000032c               : ll_isr.o (.text)
                  0000644c    00000314               : ll_ae.o (.text)
                  00006760    00000314     rom_sysbios.aem4f : rom_sysbios.obj (.text:xdc_runtime_System_doPrint__I)
                  00006a74    00000300     rf_multiMode_cc26x2_v1.aem4f : RFCC26X2_multiMode.oem4f (.text:RF_fsmActiveState)
                  00006d74    000002f8     ll_pxxx.a : ll_isr.o (.text)
                  0000706c    000002bc     drivers_cc26x2_v1.aem4f : SPICC26X2DMA.oem4f (.text:SPICC26X2DMA_transfer)
                  00007328    000002b0     ll_pxxx.a : ll_slave_end_causes.o (.text)
                  000075d8    0000029c     data_service.obj (.text:Data_Service_WriteAttrCB$3)
                  00007874    00000260     hci_pxxx.a : hci_event.o (.text)
                  00007ad4    00000258     ll_pxxx.a : ll_ae.o (.text)
                  00007d2c    00000258               : ll_common.o (.text)
                  00007f84    0000024c     oad.obj (.text:oadImgBlockWrite$16)
                  000081d0    00000244     oad.obj (.text:oadImgIdentifyWrite$16)
                  00008414    00000230     ll_pxxx.a : ll_scheduler.o (.text)
                  00008644    0000022c     driverlib.lib : setup.obj (.text:TrimAfterColdResetWakeupFromShutDown$28)
                  00008870    00000228     drivers_cc26x2_v1.aem4f : SPICC26X2DMA.oem4f (.text:SPICC26X2DMA_hwiFxn)
                  00008a98    0000021c     ll_pxxx.a : ll_ae.o (.text)
                  00008cb4    00000214               : ll_ae.o (.text)
                  00008ec8    00000210     data_service.obj (.text:DataService_SetParameter)
                  000090d8    00000210     ll_pxxx.a : ll_common.o (.text)
                  000092e8    00000208               : ll_isr.o (.text)
                  000094f0    00000204     button_service.obj (.text:ButtonService_SetParameter)
                  000096f4    00000204     profiles_pxxx_coc.a : gattservapp.o (.text)
                  000098f8    00000204     sm_pxxx_coc.a : sm_pairing.o (.text)
                  00009afc    00000200     ble5_project_zero_cc26x2r1lp_stack_library.lib : gapbondmgr.obj (.text:GAPBondMgr_SetParameter)
                  00009cfc    00000200     ll_pxxx.a : ll_scheduler.o (.text)
                  00009efc    000001fe     main.obj (.text:AssertHandler)
                  0000a0fa    00000002     ble_user_config.obj (.text:DefaultAssertCback)
                  0000a0fc    000001e4     sm_pxxx_coc.a : sm_rsppairing.o (.text)
                  0000a2e0    000001d8     led_service.obj (.text:LED_Service_WriteAttrCB$4)
                  0000a4b8    000001d4     ll_pxxx.a : ll_common.o (.text)
                  0000a68c    000001d0     ble5_project_zero_cc26x2r1lp_stack_library.lib : gapbondmgr.obj (.text:gapBondMgrAddBond$33)
                  0000a85c    000001c0     drivers_cc26x2_v1.aem4f : PINCC26XX.oem4f (.text:PIN_init)
                  0000aa1c    000001bc     UartLog.obj (.text:uartLog_flush)
                  0000abd8    000001b8     ble5_project_zero_cc26x2r1lp_stack_library.lib : gap.obj (.text:GAP_DeviceInit)
                  0000ad90    000001a4     drivers_cc26x2_v1.aem4f : PowerCC26X2.oem4f (.text:Power_sleep)
                  0000af34    000001a4     gap_pxxx_coc.a : gap_advertiser.o (.text)
                  0000b0d8    0000019c     ll_pxxx.a : ll_isr.o (.text)
                  0000b274    00000194     driverlib.lib : pka.obj (.text:NOROM_PKAEccVerifyPublicKeyWeierstrassStart)
                  0000b408    00000194     drivers_cc26x2_v1.aem4f : PowerCC26X2_calibrateRCOSC.oem4f (.text:runCalibrateFsm)
                  0000b59c    00000190                             : ECDHCC26X2.oem4f (.text:ECDHCC26X2_runFSM)
                  0000b72c    00000190     icall.obj (.text:icall_directAPI)
                  0000b8bc    00000190     ll_pxxx.a : ll.o (.text)
                  0000ba4c    0000018c     rf_multiMode_cc26x2_v1.aem4f : RFCC26X2_multiMode.oem4f (.text:RF_scheduleCmd)
                  0000bbd8    00000180     drivers_cc26x2_v1.aem4f : SPICC26X2DMA.oem4f (.text:configNextTransfer)
                  0000bd58    00000178     profiles_pxxx_coc.a : gattservapp.o (.text)
                  0000bed0    00000170     drivers_cc26x2_v1.aem4f : SPICC26X2DMA.oem4f (.text:SPICC26X2DMA_transferCancel)
                  0000c040    00000168     nvoctp.obj (.text:NVOCTP_newItem$8)
                  0000c1a8    00000168     drivers_cc26x2_v1.aem4f : NVSSPI25X.oem4f (.text:NVSSPI25X_write)
                  0000c310    00000160     button_service.obj (.text:Button_Service_ReadAttrCB$2)
                  0000c470    00000160     rf_multiMode_cc26x2_v1.aem4f : RFCC26X2_multiMode.oem4f (.text:RF_getInfo)
                  0000c5d0    00000160     gatt_pxxx_coc.a : gatt_client.o (.text)
                  0000c730    00000160     ll_pxxx.a : ll_data.o (.text)
                  0000c890    0000015c     crc32.obj (.text:CRC32_calc)
                  0000c9ec    0000015c     data_service.obj (.text:Data_Service_ReadAttrCB$3)
                  0000cb48    0000015c     led_service.obj (.text:LED_Service_ReadAttrCB$4)
                  0000cca4    0000015c     drivers_cc26x2_v1.aem4f : UARTCC26XX.oem4f (.text:UARTCC26XX_open)
                  0000ce00    0000015c                             : PowerCC26X2_calibrateRCOSC.oem4f (.text:calibrateRcoscHf1)
                  0000cf5c    0000015c     sm_pxxx_coc.a : sm_mgr.o (.text)
                  0000d0b8    00000154     drivers_cc26x2_v1.aem4f : UARTCC26XX.oem4f (.text:UARTCC26XX_hwiIntFxn)
                  0000d20c    00000154     gap_pxxx_coc.a : gap_advertiser.o (.text)
                  0000d360    00000150     ble5_project_zero_cc26x2r1lp_stack_library.lib : gapbondmgr.obj (.text:gapBondMgrAuthenticate$33)
                  0000d4b0    0000014c     gatt_pxxx_coc.a : gatt_server.o (.text)
                  0000d5fc    00000148     l2cap_pxxx_coc.a : l2cap_task.o (.text)
                  0000d744    00000148     sm_pxxx_coc.a : sm_mgr.o (.text)
                  0000d88c    00000144     button_service.obj (.text:Button_Service_WriteAttrCB$2)
                  0000d9d0    00000140     nvoctp.obj (.text:NVOCTP_initNvApi$8)
                  0000db10    00000140     drivers_cc26x2_v1.aem4f : SPICC26X2DMA.oem4f (.text:initIO)
                  0000dc50    00000140     ll_pxxx.a : ll_common.o (.text)
                  0000dd90    00000140               : ll_isr.o (.text)
                  0000ded0    00000138     led_service.obj (.text:LedService_SetParameter)
                  0000e008    00000138     drivers_cc26x2_v1.aem4f : NVSCC26XX.oem4f (.text:NVSCC26XX_write)
                  0000e140    00000138     project_zero.obj (.text:ProjectZero_handleUpdateLinkEvent$0)
                  0000e278    00000138     drivers_cc26x2_v1.aem4f : UARTCC26XX.oem4f (.text:UARTCC26XX_read)
                  0000e3b0    00000138     profiles_pxxx_coc.a : gattservapp.o (.text)
                  0000e4e8    00000134     nvoctp.obj (.text:NVOCTP_compactPage$8)
                  0000e61c    00000130     drivers_cc26x2_v1.aem4f : PowerCC26X2.oem4f (.text:Power_init)
                  0000e74c    0000012c                             : SPICC26X2DMA.oem4f (.text:SPICC26X2DMA_open)
                  0000e878    00000124     rf_multiMode_cc26x2_v1.aem4f : RFCC26X2_multiMode.oem4f (.text:RF_abortCmd)
                  0000e99c    00000124                                  : RFCC26X2_multiMode.oem4f (.text:RF_init)
                  0000eac0    00000124     ll_pxxx.a : ll_scheduler.o (.text)
                  0000ebe4    00000120     rf_multiMode_cc26x2_v1.aem4f : RFCC26X2_multiMode.oem4f (.text:RF_fsmSetupState)
                  0000ed04    0000011c     l2cap_pxxx_coc.a : l2cap_util.o (.text)
                  0000ee20    0000011c     profiles_pxxx_coc.a : gattservapp.o (.text)
                  0000ef3c    0000011a     l2cap_pxxx_coc.a : l2cap_task.o (.text)
                  0000f056    00000118     rf_multiMode_cc26x2_v1.aem4f : RFCC26X2_multiMode.oem4f (.text:RF_decodeOverridePointers)
                  0000f16e    00000002     driverlib.lib : rfc.obj (.text:NOROM_RFCCpePatchReset)
                  0000f170    00000118     rf_multiMode_cc26x2_v1.aem4f : RFCC26X2_multiMode.oem4f (.text:RF_radioOpDoneCb)
                  0000f288    00000118     profiles_pxxx_coc.a : gattservapp.o (.text)
                  0000f3a0    00000114     driverlib.lib : sys_ctrl.obj (.text:NOROM_SysCtrlStandby)
                  0000f4b4    00000114     ll_pxxx.a : ll_common.o (.text)
                  0000f5c8    00000114     sm_pxxx_coc.a : sm_rsppairing.o (.text)
                  0000f6dc    00000110     gatt_pxxx_coc.a : gatt_server.o (.text)
                  0000f7ec    00000110     sm_pxxx_coc.a : sm_rsppairing.o (.text)
                  0000f8fc    00000108     rf_multiMode_cc26x2_v1.aem4f : RFCC26X2_multiMode.oem4f (.text:RF_fsmChangePhyState)
                  0000fa04    00000108     gap_pxxx_coc.a : gap_advertiser.o (.text)
                  0000fb0c    00000104     drivers_cc26x2_v1.aem4f : AESCCMCC26XX.oem4f (.text:AESCCM_startOperation)
                  0000fc10    00000104     rf_multiMode_cc26x2_v1.aem4f : RFCC26X2_multiMode.oem4f (.text:RF_open)
                  0000fd14    00000104     drivers_cc26x2_v1.aem4f : UARTCC26XX.oem4f (.text:UARTCC26XX_write)
                  0000fe18    00000100                             : GPIOCC26XX.oem4f (.text:GPIO_setConfig)
                  0000ff18    00000100     rf_multiMode_cc26x2_v1.aem4f : RFCC26X2_multiMode.oem4f (.text:RF_fsmPowerUpState)
                  00010018    000000fc     ll_pxxx.a : ll.o (.text)
                  00010114    000000fc     rtsv7M4_T_le_v4SPD16_eabi.lib : fd_mul_t2.asm.obj (.text)
                  00010210    000000fa     gatt_pxxx_coc.a : gatt_client.o (.text)
                  0001030a    00000002     drivers_cc26x2_v1.aem4f : NVSSPI25X.oem4f (.text:NVSSPI25X_deinitSpiCs)
                  0001030c    000000f8                             : NVSSPI25X.oem4f (.text:NVSSPI25X_open)
                  00010404    000000f8     profiles_pxxx_coc.a : gattservapp.o (.text)
                  000104fc    000000f8     ble_release_pem4f.oem4f (.text:xdc_runtime_System_printfExtend__I)
                  000105f4    000000f6     sm_pxxx_coc.a : sm_mgr.o (.text)
                  000106ea    00000002     ble5_project_zero_cc26x2r1lp_stack_library.lib : onboard.obj (.text:Onboard_soft_reset)
                  000106ec    000000f4     UartLog.obj (.text:UartLog_log)
                  000107e0    000000f4     gap_pxxx_coc.a : gap_linkmgr.o (.text)
                  000108d4    000000f4     sm_pxxx_coc.a : sm_task.o (.text)
                  000109c8    000000f2     ble5_project_zero_cc26x2r1lp_stack_library.lib : gapbondmgr.obj (.text:gapBondMgrEraseBonding$33)
                  00010aba    00000002     rf_multiMode_cc26x2_v1.aem4f : RFCC26X2_multiMode.oem4f (.text:RF_defaultCallback)
                  00010abc    000000f0                                  : RFCC26X2_multiMode.oem4f (.text:RF_pendCmd)
                  00010bac    000000f0     sm_pxxx_coc.a : sm_pairing.o (.text)
                  00010c9c    000000ec     ll_pxxx.a : ll_common.o (.text)
                  00010d88    000000e8     ble5_project_zero_cc26x2r1lp_stack_library.lib : osal_timers.obj (.text:osalTimerUpdate)
                  00010e70    000000e4     gatt_pxxx_coc.a : gatt_client.o (.text)
                  00010f54    000000e4     sm_pxxx_coc.a : sm_pairing.o (.text)
                  00011038    000000e2     profiles_pxxx_coc.a : gapgattserver.o (.text)
                  0001111a    00000002     ble5_project_zero_cc26x2r1lp_stack_library.lib : sm_ecc.obj (.text:SM_dhKeyCB)
                  0001111c    000000e0     drivers_cc26x2_v1.aem4f : PINCC26XX.oem4f (.text:PINCC26XX_setIoCfg)
                  000111fc    000000e0     rf_multiMode_cc26x2_v1.aem4f : RFCC26X2_multiMode.oem4f (.text:RF_hwiCpe0Active)
                  000112dc    000000e0     hci_pxxx.a : hci_event.o (.text)
                  000113bc    000000e0     ll_pxxx.a : ll_ae.o (.text)
                  0001149c    000000dc     ble5_project_zero_cc26x2r1lp_stack_library.lib : gapbondmgr.obj (.text:gapBondMgr_LinkEst$33)
                  00011578    000000dc     gap_pxxx_coc.a : gap_linkmgr.o (.text)
                  00011654    000000dc                    : gap_task.o (.text)
                  00011730    000000dc     hci_pxxx.a : hci_event.o (.text)
                  0001180c    000000dc     l2cap_pxxx_coc.a : l2cap_task.o (.text)
                  000118e8    000000dc     ll_pxxx.a : ll_wl.o (.text)
                  000119c4    000000dc     sm_pxxx_coc.a : sm_pairing.o (.text)
                  00011aa0    000000d8     drivers_cc26x2_v1.aem4f : GPIOCC26XX.oem4f (.text:GPIO_init)
                  00011b78    000000d8     rf_multiMode_cc26x2_v1.aem4f : RFCC26X2_multiMode.oem4f (.text:RF_dispatchNextCmd)
                  00011c50    000000d8     hci_pxxx.a : hci_event.o (.text)
                  00011d28    000000d8     ll_pxxx.a : ll.o (.text)
                  00011e00    000000d8               : ll_ae.o (.text)
                  00011ed8    000000d6     rf_multiMode_cc26x2_v1.aem4f : RFCC26X2_multiMode.oem4f (.text:RF_updatePaConfiguration)
                  00011fae    000000d6     sm_pxxx_coc.a : sm_mgr.o (.text)
                  00012084    000000d4     nvoctp.obj (.text:NVOCTP_readHeader$8)
                  00012158    000000d4     rf_multiMode_cc26x2_v1.aem4f : RFCC26X2_multiMode.oem4f (.text:RF_swiHw)
                  0001222c    000000d4     main.obj (.text:main)
                  00012300    000000d4     smp_pxxx_coc.a : smp.o (.text)
                  000123d4    000000d0     driverlib.lib : pka.obj (.text:PKAGetECCResult$27)
                  000124a4    000000d0     ll_pxxx.a : ble.o (.text)
                  00012574    000000d0     sm_pxxx_coc.a : sm_mgr.o (.text)
                  00012644    000000d0                   : sm_rsppairing.o (.text)
                  00012714    000000cc     ll_pxxx.a : ll_ae.o (.text)
                  000127e0    000000cc               : ll_ae.o (.text)
                  000128ac    000000ca     sm_pxxx_coc.a : sm_mgr.o (.text)
                  00012976    00000002     ble5_project_zero_cc26x2r1lp_stack_library.lib : sm_ecc.obj (.text:SM_p256KeyCB)
                  00012978    000000c8     drivers_cc26x2_v1.aem4f : AESECBCC26XX.oem4f (.text:AESECB_oneStepDecrypt)
                  00012a40    000000c8                             : AESECBCC26XX.oem4f (.text:AESECB_oneStepEncrypt)
                  00012b08    000000c8                             : PowerCC26X2.oem4f (.text:Power_releaseDependency)
                  00012bd0    000000c8     rf_multiMode_cc26x2_v1.aem4f : RFCC26X2_multiMode.oem4f (.text:RF_control)
                  00012c98    000000c8     gap_pxxx_coc.a : gap_advertiser.o (.text)
                  00012d60    000000c8     ll_pxxx.a : ll_scheduler.o (.text)
                  00012e28    000000c8     oad.obj (.text:oadCreateFactoryImageBackup)
                  00012ef0    000000c8     profiles_pxxx_coc.a : gapgattserver.o (.text)
                  00012fb8    000000c8     sm_pxxx_coc.a : sm_mgr.o (.text)
                  00013080    000000c8                   : sm_pairing.o (.text)
                  00013148    000000c8                   : sm_rsppairing.o (.text)
                  00013210    000000c4     drivers_cc26x2_v1.aem4f : PowerCC26X2.oem4f (.text:Power_setDependency)
                  000132d4    000000c4     oad.obj (.text:oadWriteAttrCB$16)
                  00013398    000000c4     sm_pxxx_coc.a : sm_pairing.o (.text)
                  0001345c    000000c0     drivers_cc26x2_v1.aem4f : UARTCC26XX.oem4f (.text:UARTCC26XX_initIO)
                  0001351c    000000c0     hci_pxxx.a : hci_event.o (.text)
                  000135dc    000000c0     ll_pxxx.a : ll.o (.text)
                  0001369c    000000c0               : ll_data.o (.text)
                  0001375c    000000c0     ble5_project_zero_cc26x2r1lp_stack_library.lib : osal.obj (.text:osal_set_event)
                  0001381c    000000c0     sm_pxxx_coc.a : sm_rsppairing.o (.text)
                  000138dc    000000be     gap_pxxx_coc.a : gap_linkmgr.o (.text)
                  0001399a    00000002     rtsv7M4_T_le_v4SPD16_eabi.lib : _lock.c.obj (.text:_nop)
                  0001399c    000000bc     project_zero.obj (.text:ProjectZero_DataService_ValueChangeCB$0)
                  00013a58    000000bc     hci_pxxx.a : hci_event.o (.text)
                  00013b14    000000bc                : hci_event.o (.text)
                  00013bd0    000000bc                : hci_event.o (.text)
                  00013c8c    000000bc     l2cap_pxxx_coc.a : l2cap_util.o (.text)
                  00013d48    000000bc     ll_pxxx.a : ll_common.o (.text)
                  00013e04    000000bb     project_zero.obj (.text:ProjectZero_LedService_ValueChangeCB$0)
                  00013ebf    00000001     --HOLE-- [fill = 0]
                  00013ec0    000000b8     drivers_cc26x2_v1.aem4f : UARTCC26XX.oem4f (.text:UARTCC26XX_initHw)
                  00013f78    000000b8     hci_pxxx.a : hci_event.o (.text)
                  00014030    000000b4     dpl_cc26x2_v1.aem4f : PowerCC26X2_tirtos.oem4f (.text:PowerCC26XX_standbyPolicy)
                  000140e4    000000b4     devinfoservice.obj (.text:devInfo_ReadAttrCB$18)
                  00014198    000000b4     l2cap_pxxx_coc.a : l2cap_task.o (.text)
                  0001424c    000000b4     ll_pxxx.a : ll_scheduler.o (.text)
                  00014300    000000b4     profiles_pxxx_coc.a : gattservapp.o (.text)
                  000143b4    000000b2     gatt_pxxx_coc.a : gatt_server.o (.text)
                  00014466    00000002     drivers_cc26x2_v1.aem4f : PowerCC26X2.oem4f (.text:emptyClockFunc)
                  00014468    000000b0     nvoctp.obj (.text:NVOCTP_findItem$8)
                  00014518    000000b0     project_zero.obj (.text:ProjectZero_ButtonService_CfgChangeCB$0)
                  000145c8    000000b0     rf_multiMode_cc26x2_v1.aem4f : RFCC26X2_multiMode.oem4f (.text:RF_corePowerDown)
                  00014678    000000b0     TRNGCC26XX.obj (.text:TRNGCC26XX_getNumber)
                  00014728    000000b0     gap_pxxx_coc.a : gap_advertiser.o (.text)
                  000147d8    000000b0                    : gap_linkmgr.o (.text)
                  00014888    000000b0     gatt_pxxx_coc.a : gatt_server.o (.text)
                  00014938    000000b0     profiles_pxxx_coc.a : gattservapp.o (.text)
                  000149e8    000000ae     project_zero.obj (.text:ProjectZero_DataService_CfgChangeCB$0)
                  00014a96    000000ac     rf_multiMode_cc26x2_v1.aem4f : RFCC26X2_multiMode.oem4f (.text:RF_initRadioSetup)
                  00014b42    00000002     drivers_cc26x2_v1.aem4f : CryptoResourceCC26XX.oem4f (.text:errorSpin)
                  00014b44    000000ac     att_pxxx_coc.a : att_util.o (.text)
                  00014bf0    000000ac     l2cap_pxxx_coc.a : l2cap_util.o (.text)
                  00014c9c    000000aa     ll_pxxx.a : ll_common.o (.text)
                  00014d46    000000aa     sm_pxxx_coc.a : sm_mgr.o (.text)
                  00014df0    000000a8     gattservapp_util.obj (.text:GATTServApp_ProcessCharCfg)
                  00014e98    000000a8     gatt_pxxx_coc.a : gatt_client.o (.text)
                  00014f40    000000a8     hci_pxxx.a : hci_data.o (.text)
                  00014fe8    000000a8                : hci_event.o (.text)
                  00015090    000000a8     ll_pxxx.a : ll.o (.text)
                  00015138    000000a8     profiles_pxxx_coc.a : gattservapp.o (.text)
                  000151e0    000000a8     smp_pxxx_coc.a : smp.o (.text)
                  00015288    000000a6     rom_sysbios.aem4f : rom_sysbios.obj (.text:xdc_runtime_Text_putSite__E)
                  0001532e    00000002     drivers_cc26x2_v1.aem4f : PKAResourceCC26XX.oem4f (.text:errorSpin)
                  00015330    000000a4     driverlib.lib : aes.obj (.text:NOROM_AESWriteToKeyStore)
                  000153d4    000000a4                   : setup.obj (.text:NOROM_SetupTrimDevice)
                  00015478    000000a4     nvoctp.obj (.text:NVOCTP_checkItem$8)
                  0001551c    000000a4     gatt_pxxx_coc.a : gatt_task.o (.text)
                  000155c0    000000a4     ll_pxxx.a : ll_common.o (.text)
                  00015664    000000a4               : ll_common.o (.text)
                  00015708    000000a4               : ll_common.o (.text)
                  000157ac    000000a4               : ll_ecc.o (.text)
                  00015850    000000a4     ble5_project_zero_cc26x2r1lp_stack_library.lib : osal.obj (.text:osal_msg_enqueue_push$35)
                  000158f4    000000a0     driverlib.lib : pka.obj (.text:PKAWritePkaParam$27)
                  00015994    000000a0     project_zero.obj (.text:ProjectZero_updatePHYStat$0)
                  00015a34    000000a0     drivers_cc26x2_v1.aem4f : UARTCC26XX.oem4f (.text:UARTCC26XX_writeCancel)
                  00015ad4    000000a0     auto_init.aem4f : auto_init.oem4f (.text)
                  00015b74    000000a0     rom_sysbios.aem4f : rom_sysbios.obj (.text:ti_sysbios_knl_Task_setPri__E)
                  00015c14    0000009e     ble5_project_zero_cc26x2r1lp_stack_library.lib : gapbondmgr.obj (.text:gapBondMgrUpdateCharCfg$33)
                  00015cb2    00000002                                                    : hal_assert.obj (.text:halAssertSpinlock)
                  00015cb4    0000009c     drivers_cc26x2_v1.aem4f : UARTCC26XX.oem4f (.text:UARTCC26XX_swiIntFxn)
                  00015d50    0000009c     project_zero.obj (.text:buttonCallbackFxn$0)
                  00015dec    0000009c     ble5_project_zero_cc26x2r1lp_stack_library.lib : osal_cbtimer.obj (.text:cbTimerSetup$37)
                  00015e88    0000009c     drivers_cc26x2_v1.aem4f : NVSSPI25X.oem4f (.text:doErase)
                  00015f24    0000009c     rtsv7M4_T_le_v4SPD16_eabi.lib : memcpy_t2.asm.obj (.text)
                  00015fc0    0000009c     sm_pxxx_coc.a : sm_mgr.o (.text)
                  0001605c    00000098     ll_pxxx.a : ll_ae.o (.text)
                  000160f4    00000098     oad.obj (.text:oadFindExtFlMetaPage$16)
                  0001618c    00000098     ble5_project_zero_cc26x2r1lp_stack_library.lib : osal_cbtimer.obj (.text:osal_CbTimerProcessEvent)
                  00016224    00000098                                                    : osal_timers.obj (.text:osal_timer_refTimeUpdate)
                  000162bc    00000098     sm_pxxx_coc.a : sm_task.o (.text)
                  00016354    00000098     rom_sysbios.aem4f : rom_sysbios.obj (.text:ti_sysbios_knl_Clock_workFuncDynamic__E)
                  000163ec    00000098                       : rom_sysbios.obj (.text:xdc_runtime_Text_putMod__E)
                  00016484    00000096     rtsv7M4_T_le_v4SPD16_eabi.lib : ull_div_t2.asm.obj (.text)
                  0001651a    00000002     ll_pxxx.a : ll_common.o (.text)
                  0001651c    00000094     ble5_project_zero_cc26x2r1lp_stack_library.lib : gapbondmgr.obj (.text:GAPBondMgr_FindAddr)
                  000165b0    00000094     icall.obj (.text:ICall_setTimer)
                  00016644    00000094     drivers_cc26x2_v1.aem4f : PINCC26XX.oem4f (.text:PIN_open)
                  000166d8    00000094     project_zero.obj (.text:ProjectZero_sendParamUpdate$0)
                  0001676c    00000094     drivers_cc26x2_v1.aem4f : SPICC26X2DMA.oem4f (.text:SPICC26X2DMA_control)
                  00016800    00000094     ble5_project_zero_cc26x2r1lp_stack_library.lib : gapbondmgr.obj (.text:gapBondMgr_syncResolvingList)
                  00016894    00000094     gatt_pxxx_coc.a : gatt_client.o (.text)
                  00016928    00000094                     : gatt_server.o (.text)
                  000169bc    00000094     l2cap_pxxx_coc.a : l2cap_util.o (.text)
                  00016a50    00000094     ll_pxxx.a : ll.o (.text)
                  00016ae4    00000094               : ll_privacy.o (.text)
                  00016b78    00000092     gap_pxxx_coc.a : linkdb.o (.text)
                  00016c0a    00000092     ll_pxxx.a : ll_common.o (.text)
                  00016c9c    00000090     CC26X2R1_LAUNCHXL_fxns.obj (.text:CC26X2R1_LAUNCHXL_shutDownExtFlash)
                  00016d2c    00000090     rf_multiMode_cc26x2_v1.aem4f : RFCC26X2_multiMode.oem4f (.text:RF_discardPendCmd)
                  00016dbc    00000090     project_zero.obj (.text:buttonDebounceSwiFxn$0)
                  00016e4c    00000090     hci_pxxx.a : hci_event.o (.text)
                  00016edc    00000090     ll_pxxx.a : ll_ecc.o (.text)
                  00016f6c    00000090     ble5_project_zero_cc26x2r1lp_stack_library.lib : osal.obj (.text:osal_msg_receive)
                  00016ffc    00000090     sm_pxxx_coc.a : sm_pairing.o (.text)
                  0001708c    00000090                   : sm_pairing.o (.text)
                  0001711c    00000090                   : sm_pairing.o (.text)
                  000171ac    00000090     project_zero.obj (.text:util_arrtohex$0)
                  0001723c    00000090     drivers_cc26x2_v1.aem4f : UARTCC26XX.oem4f (.text:writeTxFifoFlush)
                  000172cc    0000008c                             : ECDHCC26X2.oem4f (.text:ECDH_open)
                  00017358    0000008c     icall.obj (.text:ICall_heapMalloc)
                  000173e4    0000008c     driverlib.lib : setup_rom.obj (.text:NOROM_SetupStepVddrTrimTo)
                  00017470    0000008c     gattservapp_util.obj (.text:gattServApp_SendNotiInd$20)
                  000174fc    0000008c     gatt_pxxx_coc.a : gatt_client.o (.text)
                  00017588    0000008c                     : gatt_server.o (.text)
                  00017614    0000008c     hci_pxxx.a : hci_event.o (.text)
                  000176a0    0000008c     l2cap_pxxx_coc.a : l2cap_util.o (.text)
                  0001772c    0000008c                      : l2cap_util.o (.text)
                  000177b8    0000008c                      : l2cap_util.o (.text)
                  00017844    0000008c     ll_pxxx.a : ll_enc.o (.text)
                  000178d0    0000008c               : ll_privacy.o (.text)
                  0001795c    0000008c               : ll_scheduler.o (.text)
                  000179e8    0000008c     sm_pxxx_coc.a : sm_pairing.o (.text)
                  00017a74    0000008c     rom_sysbios.aem4f : rom_sysbios.obj (.text:ti_sysbios_gates_GateMutexPri_enter__E)
                  00017b00    0000008a     rf_multiMode_cc26x2_v1.aem4f : RFCC26X2_multiMode.oem4f (.text:RF_schChkCmdInsert)
                  00017b8a    00000002     icall_api_lite.obj (.text:rfErrCb)
                  00017b8c    00000088     drivers_cc26x2_v1.aem4f : AESCCMCC26XX.oem4f (.text:AESCCM_open)
                  00017c14    00000088                             : AESECBCC26XX.oem4f (.text:AESECB_open)
                  00017c9c    00000088     driverlib.lib : osc.obj (.text:NOROM_OSCHF_AttemptToSwitchToXosc)
                  00017d24    00000088     rf_multiMode_cc26x2_v1.aem4f : RFCC26X2_multiMode.oem4f (.text:RF_ratFreeChannel)
                  00017dac    00000088     drivers_cc26x2_v1.aem4f : PowerCC26X2_calibrateRCOSC.oem4f (.text:calibrateRcoscHf2)
                  00017e34    00000088     gap_pxxx_coc.a : gap_linkmgr.o (.text)
                  00017ebc    00000088     hci_pxxx.a : hci_event.o (.text)
                  00017f44    00000088     ll_pxxx.a : ll.o (.text)
                  00017fcc    00000088     profiles_pxxx_coc.a : gattservapp.o (.text)
                  00018054    00000086     ll_pxxx.a : ll_common.o (.text)
                  000180da    00000002     rtsv7M4_T_le_v4SPD16_eabi.lib : div0.asm.obj (.text)
                  000180dc    00000084     driverlib.lib : pka.obj (.text:NOROM_PKAEccMultiplyStart)
                  00018160    00000084     drivers_cc26x2_v1.aem4f : NVSSPI25X.oem4f (.text:NVSSPI25X_close)
                  000181e4    00000084     rf_multiMode_cc26x2_v1.aem4f : RFCC26X2_multiMode.oem4f (.text:RF_hwiHw)
                  00018268    00000084     drivers_cc26x2_v1.aem4f : UARTCC26XX.oem4f (.text:UARTCC26XX_close)
                  000182ec    00000084     gap_pxxx_coc.a : gap_linkmgr.o (.text)
                  00018370    00000084     gatt_pxxx_coc.a : gatt_client.o (.text)
                  000183f4    00000084                     : gatt_server.o (.text)
                  00018478    00000084     hci_pxxx.a : hci_event.o (.text)
                  000184fc    00000084     oad.obj (.text:oadSendNotification$16)
                  00018580    00000084     profiles_pxxx_coc.a : gattservapp.o (.text)
                  00018604    00000084                         : gattservapp.o (.text)
                  00018688    00000082     ll_pxxx.a : ll.o (.text)
                  0001870a    00000082               : ll_common.o (.text)
                  0001878c    00000082     profiles_pxxx_coc.a : gattservapp.o (.text)
                  0001880e    00000002     ble_release_pem4f.oem4f (.text:ti_sysbios_BIOS_nullFunc__I)
                  00018810    00000080     nvoctp.obj (.text:NVOCTP_writeItemApi$8)
                  00018890    00000080     drivers_cc26x2_v1.aem4f : NVSCC26XX.oem4f (.text:NVSCC26XX_open)
                  00018910    00000080     gatt_pxxx_coc.a : gatt_server.o (.text)
                  00018990    00000080     hci_pxxx.a : hci_event.o (.text)
                  00018a10    00000080                : hci_event.o (.text)
                  00018a90    00000080     l2cap_pxxx_coc.a : l2cap_task.o (.text)
                  00018b10    00000080                      : l2cap_util.o (.text)
                  00018b90    00000080     ll_pxxx.a : ll_enc.o (.text)
                  00018c10    00000080     profiles_pxxx_coc.a : gattservapp.o (.text)
                  00018c90    00000080                         : gattservapp.o (.text)
                  00018d10    00000080     sm_pxxx_coc.a : sm_rsppairing.o (.text)
                  00018d90    00000080     rom_sysbios.aem4f : rom_sysbios.obj (.text:ti_sysbios_family_arm_cc26xx_Timer_start__E)
                  00018e10    0000007c     drivers_cc26x2_v1.aem4f : NVSSPI25X.oem4f (.text:doRead)
                  00018e8c    0000007c     gap_pxxx_coc.a : gap_linkmgr.o (.text)
                  00018f08    0000007c     gatt_pxxx_coc.a : gatt_client.o (.text)
                  00018f84    0000007c                     : gatt_client.o (.text)
                  00019000    0000007c                     : gatt_server.o (.text)
                  0001907c    0000007c                     : gatt_server.o (.text)
                  000190f8    0000007c     hci_pxxx.a : hci_event.o (.text)
                  00019174    0000007c                : hci_event.o (.text)
                  000191f0    0000007c                : hci_event.o (.text)
                  0001926c    0000007c     l2cap_pxxx_coc.a : l2cap_task.o (.text)
                  000192e8    0000007c     ll_pxxx.a : ll_common.o (.text)
                  00019364    0000007c               : ll_common.o (.text)
                  000193e0    0000007c     oad.obj (.text:oadResetState$16)
                  0001945c    0000007c     ble5_project_zero_cc26x2r1lp_stack_library.lib : osal.obj (.text:osal_event_send$35)
                  000194d8    0000007c     profiles_pxxx_coc.a : gapgattserver.o (.text)
                  00019554    0000007c     drivers_cc26x2_v1.aem4f : PowerCC26X2_calibrateRCOSC.oem4f (.text:updateSubSecInc)
                  000195d0    0000007a     rtsv7M4_T_le_v4SPD16_eabi.lib : memset_t2.asm.obj (.text)
                  0001964a    00000002     rom_sysbios.aem4f : rom_sysbios.obj (.text:ti_sysbios_heaps_HeapCallback_defaultDelete)
                  0001964c    00000078     icall.obj (.text:ICall_heapInit)
                  000196c4    00000078     rf_multiMode_cc26x2_v1.aem4f : RFCC26X2_multiMode.oem4f (.text:RF_howToSchedule)
                  0001973c    00000078                                  : RFCC26X2_multiMode.oem4f (.text:RF_ratDispatchTime)
                  000197b4    00000078     drivers_cc26x2_v1.aem4f : NVSSPI25X.oem4f (.text:doWriteVerify)
                  0001982c    00000078     gatt_pxxx_coc.a : gatt_task.o (.text)
                  000198a4    00000078     l2cap_pxxx_coc.a : l2cap_if.o (.text)
                  0001991c    00000078                      : l2cap_if.o (.text)
                  00019994    00000078     ll_pxxx.a : ll_ae.o (.text)
                  00019a0c    00000078               : ll_common.o (.text)
                  00019a84    00000078               : ll_common.o (.text)
                  00019afc    00000078               : ll_privacy.o (.text)
                  00019b74    00000078     profiles_pxxx_coc.a : gattservapp.o (.text)
                  00019bec    00000076     ll_pxxx.a : ll_common.o (.text)
                  00019c62    00000002     rom_sysbios.aem4f : rom_sysbios.obj (.text:xdc_runtime_SysCallback_defaultAbort)
                  00019c64    00000074     driverlib.lib : pka.obj (.text:PKAGetBigNumResult$27)
                  00019cd8    00000074                   : pka.obj (.text:PKAGetBigNumResultRemainder$27)
                  00019d4c    00000074     drivers_cc26x2_v1.aem4f : PowerCC26X2_calibrateRCOSC.oem4f (.text:PowerCC26X2_auxISR)
                  00019dc0    00000074     rf_multiMode_cc26x2_v1.aem4f : RFCC26X2_multiMode.oem4f (.text:RF_issueRadioFreeCb)
                  00019e34    00000074     gatt_pxxx_coc.a : gatt_client.o (.text)
                  00019ea8    00000074                     : gatt_server.o (.text)
                  00019f1c    00000074     ll_pxxx.a : ll_ae.o (.text)
                  00019f90    00000074               : ll_common.o (.text)
                  0001a004    00000074               : ll_common.o (.text)
                  0001a078    00000074               : ll_common.o (.text)
                  0001a0ec    00000074     sm_pxxx_coc.a : sm_pairing.o (.text)
                  0001a160    00000074     rom_sysbios.aem4f : rom_sysbios.obj (.text:ti_sysbios_gates_GateMutexPri_leave__E)
                  0001a1d4    00000072     rf_multiMode_cc26x2_v1.aem4f : RFCC26X2_multiMode.oem4f (.text:RF_detachOverrides)
                  0001a246    00000072     drivers_cc26x2_v1.aem4f : SPICC26X2DMA.oem4f (.text:csnCallback)
                  0001a2b8    00000070                             : ECDHCC26X2.oem4f (.text:ECDH_computeSharedSecret)
                  0001a328    00000070                             : ECDHCC26X2.oem4f (.text:ECDH_generatePublicKey)
                  0001a398    00000070     icall.obj (.text:ICall_heapGetStats)
                  0001a408    00000070     driverlib.lib : rfc.obj (.text:NOROM_RFCAnaDivTxOverride)
                  0001a478    00000070     ble5_project_zero_cc26x2r1lp_stack_library.lib : ble_dispatch_lite.obj (.text:ble_dispatch_liteProcess)
                  0001a4e8    00000070                                                    : gapbondmgr.obj (.text:gapBondMgrBondReq$33)
                  0001a558    00000070     gatt_pxxx_coc.a : gatt_server.o (.text)
                  0001a5c8    00000070     ll_pxxx.a : ll.o (.text)
                  0001a638    00000070               : ll_enc.o (.text)
                  0001a6a8    00000070               : ll_privacy.o (.text)
                  0001a718    00000070     sm_pxxx_coc.a : sm_pairing.o (.text)
                  0001a788    0000006e     rf_multiMode_cc26x2_v1.aem4f : RFCC26X2_multiMode.oem4f (.text:RF_attachOverrides)
                  0001a7f6    0000006e     gap_pxxx_coc.a : gap_task.o (.text)
                  0001a864    0000006e     gatt_pxxx_coc.a : gatt_server.o (.text)
                  0001a8d2    00000002     rom_sysbios.aem4f : rom_sysbios.obj (.text:xdc_runtime_SysCallback_defaultExit)
                  0001a8d4    0000006d                       : rom_sysbios.obj (.text:xdc_runtime_System_formatNum__I)
                  0001a941    00000001     --HOLE-- [fill = 0]
                  0001a942    00000002                       : rom_sysbios.obj (.text:xdc_runtime_SysCallback_defaultFlush)
                  0001a944    0000006c     driverlib.lib : pka.obj (.text:NOROM_PKAEccMontgomeryMultiplyStart)
                  0001a9b0    0000006c     drivers_cc26x2_v1.aem4f : PINCC26XX.oem4f (.text:PIN_add)
                  0001aa1c    0000006c                             : UARTCC26XX.oem4f (.text:UARTCC26XX_readCancel)
                  0001aa88    0000006c     gap_pxxx_coc.a : gap_configmgr.o (.text)
                  0001aaf4    0000006c                    : gap_perilinkmgr.o (.text)
                  0001ab60    0000006c     gatt_pxxx_coc.a : gatt_client.o (.text)
                  0001abcc    0000006c     ll_pxxx.a : ble.o (.text)
                  0001ac38    0000006c               : ll_common.o (.text)
                  0001aca4    0000006c               : ll_common.o (.text)
                  0001ad10    0000006c               : ll_common.o (.text)
                  0001ad7c    0000006c               : ll_common.o (.text)
                  0001ade8    0000006c               : ll_enc.o (.text)
                  0001ae54    0000006c               : ll_scheduler.o (.text)
                  0001aec0    0000006c               : ll_wl.o (.text)
                  0001af2c    0000006c     oad.obj (.text:oadCheckDL$16)
                  0001af98    0000006c     oad.obj (.text:oadFindCurrentImageHdr$16)
                  0001b004    0000006c     sm_pxxx_coc.a : sm_rsppairing.o (.text)
                  0001b070    0000006c                   : sm_rsppairing.o (.text)
                  0001b0dc    0000006a     ble5_project_zero_cc26x2r1lp_stack_library.lib : gapbondmgr.obj (.text:gapBondMgrEraseLocalInfo$33)
                  0001b146    00000002     rom_sysbios.aem4f : rom_sysbios.obj (.text:xdc_runtime_SysCallback_defaultPutch)
                  0001b148    00000068     ble5_project_zero_cc26x2r1lp_stack_library.lib : gapbondmgr.obj (.text:GAPBondMgr_ServiceChangeInd)
                  0001b1b0    00000068     icall.obj (.text:ICall_sendServiceComplete)
                  0001b218    00000068     driverlib.lib : osc.obj (.text:NOROM_OSCHF_SwitchToRcOscTurnOffXosc)
                  0001b280    00000068     rf_multiMode_cc26x2_v1.aem4f : RFCC26X2_multiMode.oem4f (.text:RF_getCurrentTime)
                  0001b2e8    00000068                                  : RFCC26X2_multiMode.oem4f (.text:RF_ratDisableChannel)
                  0001b350    00000068                                  : RFCC26X2_multiMode.oem4f (.text:RF_ratSetupChannel)
                  0001b3b8    00000068     rtsv7M4_T_le_v4SPD16_eabi.lib : copy_decompress_lzss.c.obj (.text:decompress:lzss:__TI_decompress_lzss)
                  0001b420    00000068     gap_pxxx_coc.a : gap_configmgr.o (.text)
                  0001b488    00000068                    : linkdb.o (.text)
                  0001b4f0    00000068     l2cap_pxxx_coc.a : l2cap_task.o (.text)
                  0001b558    00000068     ll_pxxx.a : ll_common.o (.text)
                  0001b5c0    00000068               : ll_enc.o (.text)
                  0001b628    00000068               : ll_isr.o (.text)
                  0001b690    00000068     ble5_project_zero_cc26x2r1lp_stack_library.lib : osal_cbtimer.obj (.text:osal_CbTimerUpdate)
                  0001b6f8    00000068     profiles_pxxx_coc.a : gattservapp.o (.text)
                  0001b760    00000066     rf_multiMode_cc26x2_v1.aem4f : RFCC26X2_multiMode.oem4f (.text:RF_syncCb)
                  0001b7c6    00000066     ll_pxxx.a : ll_common.o (.text)
                  0001b82c    00000066               : ll_common.o (.text)
                  0001b892    00000002     --HOLE-- [fill = 0]
                  0001b894    00000064     drivers_cc26x2_v1.aem4f : CryptoResourceCC26XX.oem4f (.text:CryptoResourceCC26XX_constructRTOSObjects)
[...]
20003980  ti_sysbios_knl_Swi_Module__root__V                                   
20003988  ti_sysbios_knl_Task_Module__root__V                                  
20003990  xdc_runtime_Registry_Module__state__V                                
200039a0  pwrmgr_initialized                                                   
200039a2  pwrmgr_attribute                                                     
200039a4  icallServiceTblPtr                                                   
200039ac  appAssertCback                                                       
200039b4  main_func_sp                                                         
200039b8  ti_sysbios_family_arm_m3_Hwi_Module_State_0_excContext__A            
200039bc  ti_sysbios_family_arm_m3_Hwi_Module_State_0_excStack__A              
200039c0  ti_sysbios_knl_Task_Module_State_0_idleTask__A                       
200039c4  CryptoResourceCC26XX_pollingFlag                                     
200039c6  PKAResourceCC26XX_pollingFlag                                        
200039c8  slaveConnHandle                                                      
200039ca  nextHandle                                                           
200039cc  l2capUserConfig                                                      
200039ce  l2capMtuSize                                                         
200039d2  maxExtAdvDataLen                                                     
200039d6  smRspWaitingConnHandle                                               
200039d8  ti_sysbios_family_arm_m3_Hwi_Module_State_0_excActive__A             
200039df  updateHandle                                                         
200039e0  gapUnwantedTaskID                                                    
200039e1  indTaskId                                                            
200039e2  reqTaskId                                                            
200039e3  gattAppTaskID                                                        
200039e4  flowCtrlTaskId                                                       
200039e5  flowCtrlFwdTaskId                                                    
200039e6  maxSupportedAdvSets                                                  
200039e7  aeSlaveSCA                                                           
200039e8  rfRatHandle                                                          
200039e9  periPrivacyFlag                                                      
200039ea  deviceNameCharProps                                                  
200039eb  appearanceCharProps                                                  
200039ec  periConnParamCharProps                                               
200039ed  resolvablePrivateAddressOnlyCharProps                                
200039ee  serviceChangedCharProps                                              
200039ef  appTaskID                                                            
200039f0  ti_sysbios_knl_Task_Instance_State_0_stack__A                        
20003cf0  uartCC26XXObjects                                                    
20004100  spiCC26X2DMAObjects                                                  
200042a0  crcBuf                                                               
200043a0  ti_sysbios_family_arm_m3_Hwi_dispatchTable                           
20004478  rfObject                                                             
20004540  pinHandleTable                                                       
200045bc  attClientNotifyTxCB                                                  
20004628  ecdhCC26X2Objects                                                    
2000467c  aesccmCC26XXObjects                                                  
200046c8  aesecbCC26XXObjects                                                  
20004714  aeCBackTbl                                                           
20004758  localEccKeys                                                         
200047dc  uartCC26XXRingBuffer                                                 
2000481c  advDataEntry                                                         
20004920  linkCBs                                                              
20004950  l2capFixedChannels                                                   
20004980  nvFptrs                                                              
200049cc  rfSetup                                                              
200049f0  operationCCM                                                         
20004a54  localPrivKeyMaterial                                                 
20004a74  enckey                                                               
20004ab4  udmaObjects                                                          
20004b0c  gapParams                                                            
20004b28  trxTestCmd                                                           
20004b7c  CryptoResourceCC26XX_accessSemaphore                                 
20004b98  CryptoResourceCC26XX_hwi                                             
20004bb4  CryptoResourceCC26XX_operationSemaphore                              
20004bd0  PKAResourceCC26XX_accessSemaphore                                    
20004bec  PKAResourceCC26XX_hwi                                                
20004c08  PKAResourceCC26XX_operationSemaphore                                 
20004c24  deviceName                                                           
20004c3c  rsp                                                                  
20004c94  connOutput                                                           
20004ca8  deviceFeatureSet                                                     
20004cf4  gapConfig_SRK                                                        
20004d04  advDataQueue                                                         
20004d14  eccParams                                                            
20004d24  localPrivateKey                                                      
20004d34  localPublicKey                                                       
20004d44  remotePublicKey                                                      
20004d54  sharedSecret                                                         
20004d64  operationComputeSharedSecret                                         
20004d74  cryptoKey                                                            
20004d84  encParamsCCM                                                         
20004d94  encParamsECB                                                         
20004da4  operationECB                                                         
20004dc4  timerHead                                                            
20004dc8  osal_last_timestamp                                                  
20004df4  operationGeneratePublicKey                                           
20004e00  cachedTRNGdata                                                       
20004e0c  llTaskList                                                           
20004e18  nvsSPI25XObjects                                                     
20004e2c  gapCurrentRandomAddr                                                 
20004e34  slaveUpdateReq                                                       
20004e3c  pHciEvtMask                                                          
20004e44  pHciEvtMask2                                                         
20004e4c  pBleEvtMask                                                          
20004e54  verInfo                                                              
20004e5c  ownPublicAddr                                                        
20004e64  ownSavedPublicAddr                                                   
20004e6c  ownRandomAddr                                                        
20004e74  llConns                                                              
20004e7c  attServerNotifyTxCB                                                  
20004e80  rfEvent                                                              
20004e88  llConnEvtNotice                                                      
20004e90  privInfo                                                             
20004e98  gattReTxList                                                         
20004ea8  pGapAdvHostInfo                                                      
20004eac  connEvtCB                                                            
20004eb0  pAuthLink                                                            
20004eb4  pfnPeripheralConnCBs                                                 
20004eb8  pfnCentralConnCBs                                                    
20004ebc  pGapPeripheralConnCBs                                                
20004ec0  pfnBondMgrCBs                                                        
20004ec4  linkDB                                                               
20004ec8  clientInfoTbl                                                        
20004ecc  serverInfoTbl                                                        
20004ed0  pServiceList                                                         
20004ed4  pfnClientProcessMsgCB                                                
20004ed8  pfnServerProcessMsgCB                                                
20004edc  l2capPsm                                                             
20004ee0  l2capChannels                                                        
20004ee4  linkCmd                                                              
20004ee8  linkParam                                                            
20004eec  rxDataQ                                                              
20004ef0  txDataQ                                                              
20004ef4  rxRingBuf                                                            
20004ef8  SysBootMsg                                                           
20004efc  sclkSrc                                                              
20004f00  rfDrvTblPtr                                                          
20004f04  eccDrvTblPtr                                                         
20004f08  cryptoDrvTblPtr                                                      
20004f0c  trngDrvTblPtr                                                        
20004f10  rtosApiTblPtr                                                        
20004f14  taskEndAction                                                        
20004f18  dtmInfo                                                              
20004f1c  activeConns                                                          
20004f20  pRfPathComp                                                          
20004f24  rfHandle                                                             
20004f28  advSetList                                                           
20004f2c  ecdhHandle                                                           
20004f30  operationResult                                                      
20004f34  encHandleCCM                                                         
20004f38  encHandleECB                                                         
20004f3c  resolvingList                                                        
20004f40  wlTable                                                              
20004f44  wlTableScan                                                          
20004f48  ggs_AppCBs                                                           
20004f4c  prepareWritesTbl                                                     
20004f50  indCharCfg                                                           
20004f54  serviceCBsList                                                       
20004f58  pAttrValue                                                           
20004f5c  pPairingParams                                                       
20004f60  pfnResponderCBs                                                      
20004f64  pfnInitiatorCBs                                                      
20004f68  pSmResponderCBs                                                      
20004f70  ClockP_tickPeriod                                                    
20004f74  PowerCC26XX_swiKey                                                   
20004f78  PowerCC26XX_taskKey                                                  
20004f7c  nvsCC26xxObjects                                                     
20004f80  tasksEvents                                                          
20004f84  trngCC26XXObjects                                                    
20004f88  numHostBufs                                                          
20004f8a  buildInfo                                                            
20004f8c  rfCfgAdiVal                                                          
20004f8e  supportedMaxTxOctets                                                 
20004f90  supportedMaxTxTime                                                   
20004f92  connInitialMaxTxOctets                                               
20004f94  connInitialMaxTxTime                                                 
20004f96  rfCmdHandle                                                          
20004f98  postRfOperations                                                     
20004f9a  connInitialMaxTxTimeUncoded                                          
20004f9c  connInitialMaxTxTimeCoded                                            
20004f9e  supportedMaxRxOctets                                                 
20004fa0  supportedMaxRxTime                                                   
20004fa2  taskEndStatus                                                        
20004fa6  appearance                                                           
20004fa8  attrLen                                                              
20004faa  att_sendRspOnly                                                      
20004fab  advInit                                                              
20004fac  updateState                                                          
20004fad  advCount                                                             
20004fae  gapDeviceAddrMode                                                    
20004faf  gapProfileRole                                                       
20004fb0  gapState                                                             
20004fb1  terminateReason                                                      
20004fb2  gapTaskID                                                            
20004fb3  linkDBNumConns                                                       
20004fb4  linkDB_secureConnectionOnlyMode                                      
20004fb5  gattTaskID                                                           
20004fb6  gattNumConns                                                         
20004fb7  hciPTMenabled                                                        
20004fb8  ctrlToHostEnable                                                     
20004fb9  hciTaskID                                                            
20004fba  hciGapTaskID                                                         
20004fbb  hciTestTaskID                                                        
20004fbc  hciL2capTaskID                                                       
20004fbd  hciSmpTaskID                                                         
20004fbe  l2capFlowCtrlMode                                                    
20004fbf  l2cap_gattServAppTaskID                                              
20004fc0  l2capTaskID                                                          
20004fc1  l2capNumCoChannels                                                   
20004fc2  l2capNumPSM                                                          
20004fc3  l2capNumChannels                                                     
20004fc4  l2capNumDataPkts                                                     
20004fc6  l2capId                                                              
20004fc8  LL_TaskID                                                            
20004fc9  rfFeModeBias                                                         
20004fca  maxNumTxDataBufs                                                     
20004fcb  maxNumConns                                                          
20004fcc  maxPduSize                                                           
20004fcd  maxTxPwrForDTM                                                       
20004fce  llState                                                              
20004fcf  curTxPowerVal                                                        
20004fd0  onePktPerEvt                                                         
20004fd1  numTxDataBufs                                                        
20004fd2  defaultPhy                                                           
20004fd3  numComplPkts                                                         
20004fd4  numComplPktsLimit                                                    
20004fd5  numComplPktsFlush                                                    
20004fd6  fastTxRespTime                                                       
20004fd7  slOverride                                                           
20004fd8  rxFifoFlowCtrl                                                       
20004fd9  scanReqRpt                                                           
20004fda  rssiCorrection                                                       
20004fdb  aeCurAdvEnableHandle                                                 
20004fdc  aeCurHandle                                                          
20004fdd  aeCurConnHandle                                                      
20004fde  wlSize                                                               
20004fdf  rlSize                                                               
20004fe0  resolvablePrivateAddressOnly                                         
20004fe1  GATTServApp_TaskID                                                   
20004fe2  maxNumPrepareWrites                                                  
20004fe3  smTaskID                                                             
20004fe4  SM_appExpectingKey                                                   
20004fe5  driverlib_release_0_52354                                            
20004fe6  icall_liteTaskId                                                     
20004fe7  heapStart                                                            
200130f8  __stack                                                              
200130f8  heapEnd                                                              
200134f8  __STACK_END                                                          
200134f8  __STACK_TOP                                                          
e000e000  ti_sysbios_family_arm_m3_Hwi_nvic                                    
ffffffff  __TI_pprof_out_hndl                                                  
ffffffff  __TI_prof_data_size                                                  
ffffffff  __TI_prof_data_start                                                 
ffffffff  __binit__                                                            
ffffffff  __c_args__                                                           
ffffffff  binit                                                                
UNDEFED   SHT$$INIT_ARRAY$$Base                                                
UNDEFED   SHT$$INIT_ARRAY$$Limit                                               

[2251 symbols]
