<?xml version="1.0" encoding="ISO-8859-1" ?>
<link_info>
   <banner>TI ARM Linker Unix v18.12.2.LTS</banner>
   <copyright>Copyright (c) 1996-2018 Texas Instruments Incorporated</copyright>
   <link_time>0x5e181a64</link_time>
   <link_errors>0x0</link_errors>
   <output_file>cc26x2r1lp_bim_offchip.out</output_file>
   <entry_point>
      <name>ResetISR</name>
      <address>0x56f51</address>
   </entry_point>
   <input_file_list>
      <input_file id="fl-2">
         <path>./Application/</path>
         <kind>object</kind>
         <file>bim_main.obj</file>
         <name>bim_main.obj</name>
      </input_file>
      <input_file id="fl-4">
         <path>./Application/</path>
         <kind>object</kind>
         <file>ccfg_app.obj</file>
         <name>ccfg_app.obj</name>
      </input_file>
      <input_file id="fl-5">
         <path>./Application/</path>
         <kind>object</kind>
         <file>crc32.obj</file>
         <name>crc32.obj</name>
      </input_file>
      <input_file id="fl-6">
         <path>./Application/</path>
         <kind>object</kind>
         <file>flash_interface_internal.obj</file>
         <name>flash_interface_internal.obj</name>
      </input_file>
      <input_file id="fl-9">
         <path>./ExternalFlash/</path>
         <kind>object</kind>
         <file>ext_flash.obj</file>
         <name>ext_flash.obj</name>
      </input_file>
      <input_file id="fl-a">
         <path>./SPI/</path>
         <kind>object</kind>
         <file>bsp_spi.obj</file>
         <name>bsp_spi.obj</name>
      </input_file>
      <input_file id="fl-11">
         <path>/home/ntuee/ti/simplelink_cc26x2_sdk_2_30_00_34/source/ti/devices/cc13x2_cc26x2_v1/driverlib/bin/ccs/</path>
         <kind>archive</kind>
         <file>driverlib.lib</file>
         <name>flash.obj</name>
      </input_file>
      <input_file id="fl-12">
         <path>/home/ntuee/ti/simplelink_cc26x2_sdk_2_30_00_34/source/ti/devices/cc13x2_cc26x2_v1/driverlib/bin/ccs/</path>
         <kind>archive</kind>
         <file>driverlib.lib</file>
         <name>setup.obj</name>
      </input_file>
      <input_file id="fl-13">
         <path>/home/ntuee/ti/simplelink_cc26x2_sdk_2_30_00_34/source/ti/devices/cc13x2_cc26x2_v1/driverlib/bin/ccs/</path>
         <kind>archive</kind>
         <file>driverlib.lib</file>
         <name>setup_rom.obj</name>
      </input_file>
      <input_file id="fl-14">
         <path>/home/ntuee/ti/simplelink_cc26x2_sdk_2_30_00_34/source/ti/devices/cc13x2_cc26x2_v1/driverlib/bin/ccs/</path>
         <kind>archive</kind>
         <file>driverlib.lib</file>
         <name>aux_sysif.obj</name>
      </input_file>
      <input_file id="fl-15">
         <path>/home/ntuee/ti/simplelink_cc26x2_sdk_2_30_00_34/source/ti/devices/cc13x2_cc26x2_v1/driverlib/bin/ccs/</path>
         <kind>archive</kind>
         <file>driverlib.lib</file>
         <name>chipinfo.obj</name>
      </input_file>
      <input_file id="fl-cb">
         <path>/home/ntuee/ti/ccs910/ccs/tools/compiler/ti-cgt-arm_18.12.2.LTS/lib/</path>
         <kind>archive</kind>
         <file>rtsv7M4_T_le_v4SPD16_eabi.lib</file>
         <name>copy_zero_init.c.obj</name>
      </input_file>
      <input_file id="fl-cc">
         <path>/home/ntuee/ti/ccs910/ccs/tools/compiler/ti-cgt-arm_18.12.2.LTS/lib/</path>
         <kind>archive</kind>
         <file>rtsv7M4_T_le_v4SPD16_eabi.lib</file>
         <name>copy_decompress_none.c.obj</name>
      </input_file>
      <input_file id="fl-cd">
         <path>/home/ntuee/ti/ccs910/ccs/tools/compiler/ti-cgt-arm_18.12.2.LTS/lib/</path>
         <kind>archive</kind>
         <file>rtsv7M4_T_le_v4SPD16_eabi.lib</file>
         <name>copy_decompress_lzss.c.obj</name>
      </input_file>
      <input_file id="fl-d2">
         <path>/home/ntuee/ti/ccs910/ccs/tools/compiler/ti-cgt-arm_18.12.2.LTS/lib/</path>
         <kind>archive</kind>
         <file>rtsv7M4_T_le_v4SPD16_eabi.lib</file>
         <name>pre_init.c.obj</name>
      </input_file>
      <input_file id="fl-d3">
         <path>/home/ntuee/ti/ccs910/ccs/tools/compiler/ti-cgt-arm_18.12.2.LTS/lib/</path>
         <kind>archive</kind>
         <file>rtsv7M4_T_le_v4SPD16_eabi.lib</file>
         <name>cpy_tbl.c.obj</name>
      </input_file>
      <input_file id="fl-d5">
         <path>/home/ntuee/ti/ccs910/ccs/tools/compiler/ti-cgt-arm_18.12.2.LTS/lib/</path>
         <kind>archive</kind>
         <file>rtsv7M4_T_le_v4SPD16_eabi.lib</file>
         <name>_lock.c.obj</name>
      </input_file>
      <input_file id="fl-d7">
         <path>/tmp/</path>
         <kind>object</kind>
         <file>TI1sslFZV31</file>
         <name>TI1sslFZV31</name>
      </input_file>
      <input_file id="fl-3">
         <path>./Application/</path>
         <kind>object</kind>
         <file>bim_util.obj</file>
         <name>bim_util.obj</name>
      </input_file>
      <input_file id="fl-7">
         <path>./Application/</path>
         <kind>object</kind>
         <file>led_debug.obj</file>
         <name>led_debug.obj</name>
      </input_file>
      <input_file id="fl-8">
         <path>./Application/</path>
         <kind>object</kind>
         <file>startup_ccs.obj</file>
         <name>startup_ccs.obj</name>
      </input_file>
      <input_file id="fl-f">
         <kind>object</kind>
         <file>&lt;internal&gt;</file>
         <name>&lt;internal&gt;</name>
      </input_file>
      <input_file id="fl-10">
         <path>/home/ntuee/ti/simplelink_cc26x2_sdk_2_30_00_34/source/ti/devices/cc13x2_cc26x2_v1/driverlib/bin/ccs/</path>
         <kind>archive</kind>
         <file>driverlib.lib</file>
         <name>cpu.obj</name>
      </input_file>
      <input_file id="fl-ce">
         <path>/home/ntuee/ti/ccs910/ccs/tools/compiler/ti-cgt-arm_18.12.2.LTS/lib/</path>
         <kind>archive</kind>
         <file>rtsv7M4_T_le_v4SPD16_eabi.lib</file>
         <name>boot_cortex_m.c.obj</name>
      </input_file>
      <input_file id="fl-cf">
         <path>/home/ntuee/ti/ccs910/ccs/tools/compiler/ti-cgt-arm_18.12.2.LTS/lib/</path>
         <kind>archive</kind>
         <file>rtsv7M4_T_le_v4SPD16_eabi.lib</file>
         <name>memset_t2.asm.obj</name>
      </input_file>
      <input_file id="fl-d0">
         <path>/home/ntuee/ti/ccs910/ccs/tools/compiler/ti-cgt-arm_18.12.2.LTS/lib/</path>
         <kind>archive</kind>
         <file>rtsv7M4_T_le_v4SPD16_eabi.lib</file>
         <name>memcpy_t2.asm.obj</name>
      </input_file>
      <input_file id="fl-d1">
         <path>/home/ntuee/ti/ccs910/ccs/tools/compiler/ti-cgt-arm_18.12.2.LTS/lib/</path>
         <kind>archive</kind>
         <file>rtsv7M4_T_le_v4SPD16_eabi.lib</file>
         <name>autoinit.c.obj</name>
      </input_file>
      <input_file id="fl-d4">
         <path>/home/ntuee/ti/ccs910/ccs/tools/compiler/ti-cgt-arm_18.12.2.LTS/lib/</path>
         <kind>archive</kind>
         <file>rtsv7M4_T_le_v4SPD16_eabi.lib</file>
         <name>exit.c.obj</name>
      </input_file>
      <input_file id="fl-d6">
         <path>/home/ntuee/ti/ccs910/ccs/tools/compiler/ti-cgt-arm_18.12.2.LTS/lib/</path>
         <kind>archive</kind>
         <file>rtsv7M4_T_le_v4SPD16_eabi.lib</file>
         <name>args_main.c.obj</name>
      </input_file>
   </input_file_list>
   <object_component_list>
      <object_component id="oc-18">
         <name>.intvecs</name>
         <load_address>0x56000</load_address>
         <run_address>0x56000</run_address>
         <size>0xd8</size>
         <input_file_ref idref="fl-8"/>
      </object_component>
      <object_component id="oc-90">
         <name>.text:TrimAfterColdResetWakeupFromShutDown$7</name>
         <load_address>0x560d8</load_address>
         <run_address>0x560d8</run_address>
         <size>0x22c</size>
         <input_file_ref idref="fl-12"/>
      </object_component>
      <object_component id="oc-12e">
         <name>.text:checkImagesExtFlash$0</name>
         <load_address>0x56304</load_address>
         <run_address>0x56304</run_address>
         <size>0x10e</size>
         <input_file_ref idref="fl-2"/>
      </object_component>
      <object_component id="oc-3b">
         <name>.text:FaultISR</name>
         <load_address>0x56412</load_address>
         <run_address>0x56412</run_address>
         <size>0x2</size>
         <input_file_ref idref="fl-8"/>
      </object_component>
      <object_component id="oc-1a2">
         <name>.text:CRC32_calc</name>
         <load_address>0x56414</load_address>
         <run_address>0x56414</run_address>
         <size>0x108</size>
         <input_file_ref idref="fl-5"/>
      </object_component>
      <object_component id="oc-184">
         <name>.text:extFlashOpen</name>
         <load_address>0x5651c</load_address>
         <run_address>0x5651c</run_address>
         <size>0x104</size>
         <input_file_ref idref="fl-9"/>
      </object_component>
      <object_component id="oc-196">
         <name>.text:Bim_copyImage$0</name>
         <load_address>0x56620</load_address>
         <run_address>0x56620</run_address>
         <size>0xe4</size>
         <input_file_ref idref="fl-2"/>
      </object_component>
      <object_component id="oc-4a">
         <name>.text:NOROM_SetupTrimDevice</name>
         <load_address>0x56704</load_address>
         <run_address>0x56704</run_address>
         <size>0xd8</size>
         <input_file_ref idref="fl-12"/>
      </object_component>
      <object_component id="oc-5d">
         <name>.text</name>
         <load_address>0x567dc</load_address>
         <run_address>0x567dc</run_address>
         <size>0x9c</size>
         <input_file_ref idref="fl-d0"/>
      </object_component>
      <object_component id="oc-105">
         <name>.text:NOROM_SetupStepVddrTrimTo</name>
         <load_address>0x56878</load_address>
         <run_address>0x56878</run_address>
         <size>0x88</size>
         <input_file_ref idref="fl-13"/>
      </object_component>
      <object_component id="oc-1ae">
         <name>.text:extFlashClose</name>
         <load_address>0x56900</load_address>
         <run_address>0x56900</run_address>
         <size>0x7c</size>
         <input_file_ref idref="fl-9"/>
      </object_component>
      <object_component id="oc-19c">
         <name>.text:extFlashWrite</name>
         <load_address>0x5697c</load_address>
         <run_address>0x5697c</run_address>
         <size>0x6e</size>
         <input_file_ref idref="fl-9"/>
      </object_component>
      <object_component id="oc-134">
         <name>.text:checkImagesIntFlash$0</name>
         <load_address>0x569ea</load_address>
         <run_address>0x569ea</run_address>
         <size>0x6c</size>
         <input_file_ref idref="fl-2"/>
      </object_component>
      <object_component id="oc-13a">
         <name>.text:Bim_revertFactoryImage$0</name>
         <load_address>0x56a56</load_address>
         <run_address>0x56a56</run_address>
         <size>0x6a</size>
         <input_file_ref idref="fl-2"/>
      </object_component>
      <object_component id="oc-21">
         <name>.text:decompress:lzss:__TI_decompress_lzss</name>
         <load_address>0x56ac0</load_address>
         <run_address>0x56ac0</run_address>
         <size>0x68</size>
         <input_file_ref idref="fl-cd"/>
      </object_component>
      <object_component id="oc-20e">
         <name>.text:extFlashVerifyPart$4</name>
         <load_address>0x56b28</load_address>
         <run_address>0x56b28</run_address>
         <size>0x68</size>
         <input_file_ref idref="fl-9"/>
      </object_component>
      <object_component id="oc-208">
         <name>.text:extFlashWaitReady$4</name>
         <load_address>0x56b90</load_address>
         <run_address>0x56b90</run_address>
         <size>0x60</size>
         <input_file_ref idref="fl-9"/>
      </object_component>
      <object_component id="oc-18a">
         <name>.text:extFlashRead</name>
         <load_address>0x56bf0</load_address>
         <run_address>0x56bf0</run_address>
         <size>0x50</size>
         <input_file_ref idref="fl-9"/>
      </object_component>
      <object_component id="oc-150">
         <name>.text:__TI_auto_init_nobinit_nopinit:__TI_auto_init_nobinit_nopinit</name>
         <load_address>0x56c40</load_address>
         <run_address>0x56c40</run_address>
         <size>0x44</size>
         <input_file_ref idref="fl-d1"/>
      </object_component>
      <object_component id="oc-215">
         <name>.text:bspSpiRead</name>
         <load_address>0x56c84</load_address>
         <run_address>0x56c84</run_address>
         <size>0x40</size>
         <input_file_ref idref="fl-a"/>
      </object_component>
      <object_component id="oc-1ba">
         <name>.text:isLastMetaData$0</name>
         <load_address>0x56cc4</load_address>
         <run_address>0x56cc4</run_address>
         <size>0x40</size>
         <input_file_ref idref="fl-2"/>
      </object_component>
      <object_component id="oc-21d">
         <name>.text:disableCache$3</name>
         <load_address>0x56d04</load_address>
         <run_address>0x56d04</run_address>
         <size>0x38</size>
         <input_file_ref idref="fl-6"/>
      </object_component>
      <object_component id="oc-a2">
         <name>.text:_c_int00_noargs:_c_int00_noargs</name>
         <load_address>0x56d3c</load_address>
         <run_address>0x56d3c</run_address>
         <size>0x34</size>
         <input_file_ref idref="fl-ce"/>
      </object_component>
      <object_component id="oc-190">
         <name>.text:Bim_findImageStartAddr$0</name>
         <load_address>0x56d70</load_address>
         <run_address>0x56d70</run_address>
         <size>0x32</size>
         <input_file_ref idref="fl-2"/>
      </object_component>
      <object_component id="oc-41">
         <name>.text:IntDefaultHandler</name>
         <load_address>0x56da2</load_address>
         <run_address>0x56da2</run_address>
         <size>0x2</size>
         <input_file_ref idref="fl-8"/>
      </object_component>
      <object_component id="oc-202">
         <name>.text:bspSpiWrite</name>
         <load_address>0x56da4</load_address>
         <run_address>0x56da4</run_address>
         <size>0x30</size>
         <input_file_ref idref="fl-a"/>
      </object_component>
      <object_component id="oc-1c6">
         <name>.text:readFlash</name>
         <load_address>0x56dd4</load_address>
         <run_address>0x56dd4</run_address>
         <size>0x2e</size>
         <input_file_ref idref="fl-6"/>
      </object_component>
      <object_component id="oc-35">
         <name>.text:NmiSR</name>
         <load_address>0x56e02</load_address>
         <run_address>0x56e02</run_address>
         <size>0x2</size>
         <input_file_ref idref="fl-8"/>
      </object_component>
      <object_component id="oc-230">
         <name>.text:extFlashWriteEnable$4</name>
         <load_address>0x56e04</load_address>
         <run_address>0x56e04</run_address>
         <size>0x2c</size>
         <input_file_ref idref="fl-9"/>
      </object_component>
      <object_component id="oc-1cc">
         <name>.text:imgIDCheck</name>
         <load_address>0x56e30</load_address>
         <run_address>0x56e30</run_address>
         <size>0x28</size>
         <input_file_ref idref="fl-3"/>
      </object_component>
      <object_component id="oc-115">
         <name>.text:main</name>
         <load_address>0x56e58</load_address>
         <run_address>0x56e58</run_address>
         <size>0x28</size>
         <input_file_ref idref="fl-2"/>
      </object_component>
      <object_component id="oc-242">
         <name>.text:metadataIDCheck</name>
         <load_address>0x56e80</load_address>
         <run_address>0x56e80</run_address>
         <size>0x24</size>
         <input_file_ref idref="fl-3"/>
      </object_component>
      <object_component id="oc-1a8">
         <name>.text:writeFlashPg</name>
         <load_address>0x56ea4</load_address>
         <run_address>0x56ea4</run_address>
         <size>0x20</size>
         <input_file_ref idref="fl-6"/>
      </object_component>
      <object_component id="oc-237">
         <name>.text:CRC32_memCpy</name>
         <load_address>0x56ec4</load_address>
         <run_address>0x56ec4</run_address>
         <size>0x1c</size>
         <input_file_ref idref="fl-5"/>
      </object_component>
      <object_component id="oc-8a">
         <name>.text:NOROM_ChipInfo_GetChipFamily</name>
         <load_address>0x56ee0</load_address>
         <run_address>0x56ee0</run_address>
         <size>0x1c</size>
         <input_file_ref idref="fl-15"/>
      </object_component>
      <object_component id="oc-229">
         <name>.text:NOROM_FlashProgram</name>
         <load_address>0x56efc</load_address>
         <run_address>0x56efc</run_address>
         <size>0x1c</size>
         <input_file_ref idref="fl-11"/>
      </object_component>
      <object_component id="oc-66">
         <name>.text:decompress:ZI:__TI_zero_init_nomemset:__TI_zero_init_nomemset</name>
         <load_address>0x56f18</load_address>
         <run_address>0x56f18</run_address>
         <size>0x1c</size>
         <input_file_ref idref="fl-cb"/>
      </object_component>
      <object_component id="oc-223">
         <name>.text:enableCache$3</name>
         <load_address>0x56f34</load_address>
         <run_address>0x56f34</run_address>
         <size>0x1c</size>
         <input_file_ref idref="fl-6"/>
      </object_component>
      <object_component id="oc-1b">
         <name>.text:ResetISR</name>
         <load_address>0x56f50</load_address>
         <run_address>0x56f50</run_address>
         <size>0x10</size>
         <input_file_ref idref="fl-8"/>
      </object_component>
      <object_component id="oc-1f6">
         <name>.text:extFlashDeselect$4</name>
         <load_address>0x56f60</load_address>
         <run_address>0x56f60</run_address>
         <size>0x10</size>
         <input_file_ref idref="fl-9"/>
      </object_component>
      <object_component id="oc-1fc">
         <name>.text:extFlashSelect$4</name>
         <load_address>0x56f70</load_address>
         <run_address>0x56f70</run_address>
         <size>0x10</size>
         <input_file_ref idref="fl-9"/>
      </object_component>
      <object_component id="oc-27">
         <name>.text:decompress:none:__TI_decompress_none</name>
         <load_address>0x56f80</load_address>
         <run_address>0x56f80</run_address>
         <size>0xe</size>
         <input_file_ref idref="fl-cc"/>
      </object_component>
      <object_component id="oc-249">
         <name>.text:NOROM_CPUcpsid</name>
         <load_address>0x56f8e</load_address>
         <run_address>0x56f8e</run_address>
         <size>0xc</size>
         <input_file_ref idref="fl-10"/>
      </object_component>
      <object_component id="oc-24f">
         <name>.text:NOROM_CPUcpsie</name>
         <load_address>0x56f9a</load_address>
         <run_address>0x56f9a</run_address>
         <size>0xc</size>
         <input_file_ref idref="fl-10"/>
      </object_component>
      <object_component id="oc-1b4">
         <name>.text:jumpToPrgEntry</name>
         <load_address>0x56fa6</load_address>
         <run_address>0x56fa6</run_address>
         <size>0xc</size>
         <input_file_ref idref="fl-3"/>
      </object_component>
      <object_component id="oc-10f">
         <name>.text:_system_pre_init</name>
         <load_address>0x56fb2</load_address>
         <run_address>0x56fb2</run_address>
         <size>0x4</size>
         <input_file_ref idref="fl-d2"/>
      </object_component>
      <object_component id="oc-144">
         <name>.text:abort:abort</name>
         <load_address>0x56fb6</load_address>
         <run_address>0x56fb6</run_address>
         <size>0x4</size>
         <input_file_ref idref="fl-d4"/>
      </object_component>
      <object_component id="oc-27b">
         <name>.const:$O2$$</name>
         <load_address>0x56fbc</load_address>
         <run_address>0x56fbc</run_address>
         <size>0x30</size>
         <input_file_ref idref="fl-9"/>
      </object_component>
      <object_component id="oc-260">
         <name>.const:$O1$$</name>
         <load_address>0x56fec</load_address>
         <run_address>0x56fec</run_address>
         <size>0x10</size>
         <input_file_ref idref="fl-3"/>
      </object_component>
      <object_component id="oc-10b">
         <name>.const:$O3$$</name>
         <load_address>0x56ffc</load_address>
         <run_address>0x56ffc</run_address>
         <size>0x8</size>
         <input_file_ref idref="fl-14"/>
      </object_component>
      <object_component id="oc-2c3">
         <name>__TI_handler_table</name>
         <load_address>0x57008</load_address>
         <run_address>0x57008</run_address>
         <size>0xc</size>
      </object_component>
      <object_component id="oc-2c6">
         <name>.cinit..bss.load</name>
         <load_address>0x57018</load_address>
         <run_address>0x57018</run_address>
         <size>0x8</size>
      </object_component>
      <object_component id="oc-2c5">
         <name>.cinit..data.load</name>
         <load_address>0x57020</load_address>
         <run_address>0x57020</run_address>
         <size>0x7</size>
      </object_component>
      <object_component id="oc-2c4">
         <name>__TI_cinit_table</name>
         <load_address>0x57028</load_address>
         <run_address>0x57028</run_address>
         <size>0x10</size>
      </object_component>
      <object_component id="oc-2f">
         <name>.ccfg:retain</name>
         <load_address>0x57fa8</load_address>
         <run_address>0x57fa8</run_address>
         <size>0x58</size>
         <input_file_ref idref="fl-4"/>
      </object_component>
      <object_component id="oc-27f">
         <name>.data:$O1$$</name>
         <load_address>0x20000104</load_address>
         <run_address>0x20000104</run_address>
         <size>0x8</size>
         <input_file_ref idref="fl-9"/>
      </object_component>
      <object_component id="oc-140">
         <name>.bss</name>
         <uninitialized>true</uninitialized>
         <run_address>0x20000100</run_address>
         <size>0x4</size>
         <input_file_ref idref="fl-2"/>
      </object_component>
      <object_component id="oc-23d">
         <name>.common:crcBuf</name>
         <uninitialized>true</uninitialized>
         <run_address>0x20000000</run_address>
         <size>0x100</size>
      </object_component>
      <object_component id="oc-32">
         <name>.stack</name>
         <uninitialized>true</uninitialized>
         <run_address>0x20013c00</run_address>
         <size>0x4</size>
         <input_file_ref idref="fl-ce"/>
      </object_component>
      <object_component id="oc-2c7">
         <name>.stack</name>
         <uninitialized>true</uninitialized>
         <run_address>0x20013c00</run_address>
         <size>0x0</size>
      </object_component>
      <object_component id="oc-128">
         <name>.debug_info</name>
         <load_address>0x0</load_address>
         <run_address>0x0</run_address>
         <size>0x4aa</size>
         <input_file_ref idref="fl-3"/>
      </object_component>
      <object_component id="oc-261">
         <name>.debug_info</name>
         <load_address>0x4aa</load_address>
         <run_address>0x4aa</run_address>
         <size>0x176</size>
         <input_file_ref idref="fl-3"/>
      </object_component>
      <object_component id="oc-243">
         <name>.debug_info</name>
         <load_address>0x620</load_address>
         <run_address>0x620</run_address>
         <size>0x247</size>
         <input_file_ref idref="fl-3"/>
      </object_component>
      <object_component id="oc-1b5">
         <name>.debug_info</name>
         <load_address>0x867</load_address>
         <run_address>0x867</run_address>
         <size>0x252</size>
         <input_file_ref idref="fl-3"/>
      </object_component>
      <object_component id="oc-1cd">
         <name>.debug_info</name>
         <load_address>0xab9</load_address>
         <run_address>0xab9</run_address>
         <size>0x23d</size>
         <input_file_ref idref="fl-3"/>
      </object_component>
      <object_component id="oc-f0">
         <name>.debug_info</name>
         <load_address>0xcf6</load_address>
         <run_address>0xcf6</run_address>
         <size>0x297</size>
         <input_file_ref idref="fl-3"/>
      </object_component>
      <object_component id="oc-80">
         <name>.debug_info</name>
         <load_address>0xf8d</load_address>
         <run_address>0xf8d</run_address>
         <size>0xbb</size>
         <input_file_ref idref="fl-3"/>
      </object_component>
      <object_component id="oc-49">
         <name>.debug_info</name>
         <load_address>0x1048</load_address>
         <run_address>0x1048</run_address>
         <size>0x40e</size>
         <input_file_ref idref="fl-8"/>
      </object_component>
      <object_component id="oc-19">
         <name>.debug_info</name>
         <load_address>0x1456</load_address>
         <run_address>0x1456</run_address>
         <size>0x169</size>
         <input_file_ref idref="fl-8"/>
      </object_component>
      <object_component id="oc-3c">
         <name>.debug_info</name>
         <load_address>0x15bf</load_address>
         <run_address>0x15bf</run_address>
         <size>0x249</size>
         <input_file_ref idref="fl-8"/>
      </object_component>
      <object_component id="oc-1c">
         <name>.debug_info</name>
         <load_address>0x1808</load_address>
         <run_address>0x1808</run_address>
         <size>0x280</size>
         <input_file_ref idref="fl-8"/>
      </object_component>
      <object_component id="oc-36">
         <name>.debug_info</name>
         <load_address>0x1a88</load_address>
         <run_address>0x1a88</run_address>
         <size>0x243</size>
         <input_file_ref idref="fl-8"/>
      </object_component>
      <object_component id="oc-42">
         <name>.debug_info</name>
         <load_address>0x1ccb</load_address>
         <run_address>0x1ccb</run_address>
         <size>0x25b</size>
         <input_file_ref idref="fl-8"/>
      </object_component>
      <object_component id="oc-76">
         <name>.debug_info</name>
         <load_address>0x1f26</load_address>
         <run_address>0x1f26</run_address>
         <size>0x84</size>
         <input_file_ref idref="fl-8"/>
      </object_component>
      <object_component id="oc-251">
         <name>.debug_info</name>
         <load_address>0x1faa</load_address>
         <run_address>0x1faa</run_address>
         <size>0x16a</size>
         <input_file_ref idref="fl-10"/>
      </object_component>
      <object_component id="oc-24b">
         <name>.debug_info</name>
         <load_address>0x2114</load_address>
         <run_address>0x2114</run_address>
         <size>0x16a</size>
         <input_file_ref idref="fl-10"/>
      </object_component>
      <object_component id="oc-33">
         <name>.debug_info</name>
         <load_address>0x227e</load_address>
         <run_address>0x227e</run_address>
         <size>0x10c</size>
         <input_file_ref idref="fl-ce"/>
      </object_component>
      <object_component id="oc-a3">
         <name>.debug_info</name>
         <load_address>0x238a</load_address>
         <run_address>0x238a</run_address>
         <size>0x1aa</size>
         <input_file_ref idref="fl-ce"/>
      </object_component>
      <object_component id="oc-5e">
         <name>.debug_info</name>
         <load_address>0x2534</load_address>
         <run_address>0x2534</run_address>
         <size>0x11a</size>
         <input_file_ref idref="fl-d0"/>
      </object_component>
      <object_component id="oc-1e1">
         <name>.debug_info</name>
         <load_address>0x264e</load_address>
         <run_address>0x264e</run_address>
         <size>0x4b4</size>
         <input_file_ref idref="fl-d1"/>
      </object_component>
      <object_component id="oc-151">
         <name>.debug_info</name>
         <load_address>0x2b02</load_address>
         <run_address>0x2b02</run_address>
         <size>0x1a7</size>
         <input_file_ref idref="fl-d1"/>
      </object_component>
      <object_component id="oc-272">
         <name>.debug_info</name>
         <load_address>0x2ca9</load_address>
         <run_address>0x2ca9</run_address>
         <size>0x39</size>
         <input_file_ref idref="fl-d1"/>
      </object_component>
      <object_component id="oc-145">
         <name>.debug_info</name>
         <load_address>0x2ce2</load_address>
         <run_address>0x2ce2</run_address>
         <size>0x123</size>
         <input_file_ref idref="fl-d4"/>
      </object_component>
      <object_component id="oc-63">
         <name>.debug_info</name>
         <load_address>0x2e05</load_address>
         <run_address>0x2e05</run_address>
         <size>0x913</size>
         <input_file_ref idref="fl-d7"/>
      </object_component>
      <object_component id="oc-141">
         <name>.debug_info</name>
         <load_address>0x3718</load_address>
         <run_address>0x3718</run_address>
         <size>0x103</size>
         <input_file_ref idref="fl-d7"/>
      </object_component>
      <object_component id="oc-30">
         <name>.debug_info</name>
         <load_address>0x381b</load_address>
         <run_address>0x381b</run_address>
         <size>0xef</size>
         <input_file_ref idref="fl-d7"/>
      </object_component>
      <object_component id="oc-280">
         <name>.debug_info</name>
         <load_address>0x390a</load_address>
         <run_address>0x390a</run_address>
         <size>0x117</size>
         <input_file_ref idref="fl-d7"/>
      </object_component>
      <object_component id="oc-27c">
         <name>.debug_info</name>
         <load_address>0x3a21</load_address>
         <run_address>0x3a21</run_address>
         <size>0x15e</size>
         <input_file_ref idref="fl-d7"/>
      </object_component>
      <object_component id="oc-10c">
         <name>.debug_info</name>
         <load_address>0x3b7f</load_address>
         <run_address>0x3b7f</run_address>
         <size>0x139</size>
         <input_file_ref idref="fl-d7"/>
      </object_component>
      <object_component id="oc-1f7">
         <name>.debug_info</name>
         <load_address>0x3cb8</load_address>
         <run_address>0x3cb8</run_address>
         <size>0x21b</size>
         <input_file_ref idref="fl-d7"/>
      </object_component>
      <object_component id="oc-1fd">
         <name>.debug_info</name>
         <load_address>0x3ed3</load_address>
         <run_address>0x3ed3</run_address>
         <size>0x217</size>
         <input_file_ref idref="fl-d7"/>
      </object_component>
      <object_component id="oc-203">
         <name>.debug_info</name>
         <load_address>0x40ea</load_address>
         <run_address>0x40ea</run_address>
         <size>0x268</size>
         <input_file_ref idref="fl-d7"/>
      </object_component>
      <object_component id="oc-216">
         <name>.debug_info</name>
         <load_address>0x4352</load_address>
         <run_address>0x4352</run_address>
         <size>0x266</size>
         <input_file_ref idref="fl-d7"/>
      </object_component>
      <object_component id="oc-209">
         <name>.debug_info</name>
         <load_address>0x45b8</load_address>
         <run_address>0x45b8</run_address>
         <size>0x2ed</size>
         <input_file_ref idref="fl-d7"/>
      </object_component>
      <object_component id="oc-20f">
         <name>.debug_info</name>
         <load_address>0x48a5</load_address>
         <run_address>0x48a5</run_address>
         <size>0x2b9</size>
         <input_file_ref idref="fl-d7"/>
      </object_component>
      <object_component id="oc-1af">
         <name>.debug_info</name>
         <load_address>0x4b5e</load_address>
         <run_address>0x4b5e</run_address>
         <size>0x2a0</size>
         <input_file_ref idref="fl-d7"/>
      </object_component>
      <object_component id="oc-185">
         <name>.debug_info</name>
         <load_address>0x4dfe</load_address>
         <run_address>0x4dfe</run_address>
         <size>0x342</size>
         <input_file_ref idref="fl-d7"/>
      </object_component>
      <object_component id="oc-18b">
         <name>.debug_info</name>
         <load_address>0x5140</load_address>
         <run_address>0x5140</run_address>
         <size>0x338</size>
         <input_file_ref idref="fl-d7"/>
      </object_component>
      <object_component id="oc-1bb">
         <name>.debug_info</name>
         <load_address>0x5478</load_address>
         <run_address>0x5478</run_address>
         <size>0x294</size>
         <input_file_ref idref="fl-d7"/>
      </object_component>
      <object_component id="oc-191">
         <name>.debug_info</name>
         <load_address>0x570c</load_address>
         <run_address>0x570c</run_address>
         <size>0x2c7</size>
         <input_file_ref idref="fl-d7"/>
      </object_component>
      <object_component id="oc-21e">
         <name>.debug_info</name>
         <load_address>0x59d3</load_address>
         <run_address>0x59d3</run_address>
         <size>0x238</size>
         <input_file_ref idref="fl-d7"/>
      </object_component>
      <object_component id="oc-224">
         <name>.debug_info</name>
         <load_address>0x5c0b</load_address>
         <run_address>0x5c0b</run_address>
         <size>0x237</size>
         <input_file_ref idref="fl-d7"/>
      </object_component>
      <object_component id="oc-22a">
         <name>.debug_info</name>
         <load_address>0x5e42</load_address>
         <run_address>0x5e42</run_address>
         <size>0x1c3</size>
         <input_file_ref idref="fl-d7"/>
      </object_component>
      <object_component id="oc-197">
         <name>.debug_info</name>
         <load_address>0x6005</load_address>
         <run_address>0x6005</run_address>
         <size>0x414</size>
         <input_file_ref idref="fl-d7"/>
      </object_component>
      <object_component id="oc-231">
         <name>.debug_info</name>
         <load_address>0x6419</load_address>
         <run_address>0x6419</run_address>
         <size>0x28b</size>
         <input_file_ref idref="fl-d7"/>
      </object_component>
      <object_component id="oc-19d">
         <name>.debug_info</name>
         <load_address>0x66a4</load_address>
         <run_address>0x66a4</run_address>
         <size>0x344</size>
         <input_file_ref idref="fl-d7"/>
      </object_component>
      <object_component id="oc-238">
         <name>.debug_info</name>
         <load_address>0x69e8</load_address>
         <run_address>0x69e8</run_address>
         <size>0x1e9</size>
         <input_file_ref idref="fl-d7"/>
      </object_component>
      <object_component id="oc-1a3">
         <name>.debug_info</name>
         <load_address>0x6bd1</load_address>
         <run_address>0x6bd1</run_address>
         <size>0x331</size>
         <input_file_ref idref="fl-d7"/>
      </object_component>
      <object_component id="oc-1a9">
         <name>.debug_info</name>
         <load_address>0x6f02</load_address>
         <run_address>0x6f02</run_address>
         <size>0x2af</size>
         <input_file_ref idref="fl-d7"/>
      </object_component>
      <object_component id="oc-12f">
         <name>.debug_info</name>
         <load_address>0x71b1</load_address>
         <run_address>0x71b1</run_address>
         <size>0x416</size>
         <input_file_ref idref="fl-d7"/>
      </object_component>
      <object_component id="oc-1c7">
         <name>.debug_info</name>
         <load_address>0x75c7</load_address>
         <run_address>0x75c7</run_address>
         <size>0x29d</size>
         <input_file_ref idref="fl-d7"/>
      </object_component>
      <object_component id="oc-135">
         <name>.debug_info</name>
         <load_address>0x7864</load_address>
         <run_address>0x7864</run_address>
         <size>0x289</size>
         <input_file_ref idref="fl-d7"/>
      </object_component>
      <object_component id="oc-13b">
         <name>.debug_info</name>
         <load_address>0x7aed</load_address>
         <run_address>0x7aed</run_address>
         <size>0x33b</size>
         <input_file_ref idref="fl-d7"/>
      </object_component>
      <object_component id="oc-116">
         <name>.debug_info</name>
         <load_address>0x7e28</load_address>
         <run_address>0x7e28</run_address>
         <size>0x277</size>
         <input_file_ref idref="fl-d7"/>
      </object_component>
      <object_component id="oc-110">
         <name>.debug_info</name>
         <load_address>0x809f</load_address>
         <run_address>0x809f</run_address>
         <size>0x132</size>
         <input_file_ref idref="fl-d7"/>
      </object_component>
      <object_component id="oc-67">
         <name>.debug_info</name>
         <load_address>0x81d1</load_address>
         <run_address>0x81d1</run_address>
         <size>0x1ab</size>
         <input_file_ref idref="fl-d7"/>
      </object_component>
      <object_component id="oc-28">
         <name>.debug_info</name>
         <load_address>0x837c</load_address>
         <run_address>0x837c</run_address>
         <size>0x1bd</size>
         <input_file_ref idref="fl-d7"/>
      </object_component>
      <object_component id="oc-22">
         <name>.debug_info</name>
         <load_address>0x8539</load_address>
         <run_address>0x8539</run_address>
         <size>0x223</size>
         <input_file_ref idref="fl-d7"/>
      </object_component>
      <object_component id="oc-8b">
         <name>.debug_info</name>
         <load_address>0x875c</load_address>
         <run_address>0x875c</run_address>
         <size>0x18b</size>
         <input_file_ref idref="fl-d7"/>
      </object_component>
      <object_component id="oc-106">
         <name>.debug_info</name>
         <load_address>0x88e7</load_address>
         <run_address>0x88e7</run_address>
         <size>0x276</size>
         <input_file_ref idref="fl-d7"/>
      </object_component>
      <object_component id="oc-91">
         <name>.debug_info</name>
         <load_address>0x8b5d</load_address>
         <run_address>0x8b5d</run_address>
         <size>0x41a</size>
         <input_file_ref idref="fl-d7"/>
      </object_component>
      <object_component id="oc-4b">
         <name>.debug_info</name>
         <load_address>0x8f77</load_address>
         <run_address>0x8f77</run_address>
         <size>0x2a7</size>
         <input_file_ref idref="fl-d7"/>
      </object_component>
      <object_component id="oc-100">
         <name>.debug_info</name>
         <load_address>0x921e</load_address>
         <run_address>0x921e</run_address>
         <size>0x227</size>
         <input_file_ref idref="fl-d7"/>
      </object_component>
      <object_component id="oc-bc">
         <name>.debug_info</name>
         <load_address>0x9445</load_address>
         <run_address>0x9445</run_address>
         <size>0x4e5</size>
         <input_file_ref idref="fl-d7"/>
      </object_component>
      <object_component id="oc-1c1">
         <name>.debug_info</name>
         <load_address>0x992a</load_address>
         <run_address>0x992a</run_address>
         <size>0x72</size>
         <input_file_ref idref="fl-d7"/>
      </object_component>
      <object_component id="oc-85">
         <name>.debug_info</name>
         <load_address>0x999c</load_address>
         <run_address>0x999c</run_address>
         <size>0x26b</size>
         <input_file_ref idref="fl-d7"/>
      </object_component>
      <object_component id="oc-c1">
         <name>.debug_info</name>
         <load_address>0x9c07</load_address>
         <run_address>0x9c07</run_address>
         <size>0x72</size>
         <input_file_ref idref="fl-d7"/>
      </object_component>
      <object_component id="oc-c6">
         <name>.debug_info</name>
         <load_address>0x9c79</load_address>
         <run_address>0x9c79</run_address>
         <size>0x1ee</size>
         <input_file_ref idref="fl-d7"/>
      </object_component>
      <object_component id="oc-58">
         <name>.debug_info</name>
         <load_address>0x9e67</load_address>
         <run_address>0x9e67</run_address>
         <size>0x8b</size>
         <input_file_ref idref="fl-d7"/>
      </object_component>
      <object_component id="oc-d5">
         <name>.debug_info</name>
         <load_address>0x9ef2</load_address>
         <run_address>0x9ef2</run_address>
         <size>0x2c</size>
         <input_file_ref idref="fl-d7"/>
      </object_component>
      <object_component id="oc-f5">
         <name>.debug_info</name>
         <load_address>0x9f1e</load_address>
         <run_address>0x9f1e</run_address>
         <size>0x263</size>
         <input_file_ref idref="fl-d7"/>
      </object_component>
      <object_component id="oc-256">
         <name>.debug_info</name>
         <load_address>0xa181</load_address>
         <run_address>0xa181</run_address>
         <size>0xd5</size>
         <input_file_ref idref="fl-d7"/>
      </object_component>
      <object_component id="oc-d0">
         <name>.debug_info</name>
         <load_address>0xa256</load_address>
         <run_address>0xa256</run_address>
         <size>0xa1</size>
         <input_file_ref idref="fl-d7"/>
      </object_component>
      <object_component id="oc-97">
         <name>.debug_info</name>
         <load_address>0xa2f7</load_address>
         <run_address>0xa2f7</run_address>
         <size>0x18b</size>
         <input_file_ref idref="fl-d7"/>
      </object_component>
      <object_component id="oc-53">
         <name>.debug_info</name>
         <load_address>0xa482</load_address>
         <run_address>0xa482</run_address>
         <size>0x60</size>
         <input_file_ref idref="fl-d7"/>
      </object_component>
      <object_component id="oc-fa">
         <name>.debug_info</name>
         <load_address>0xa4e2</load_address>
         <run_address>0xa4e2</run_address>
         <size>0x53</size>
         <input_file_ref idref="fl-d7"/>
      </object_component>
      <object_component id="oc-cb">
         <name>.debug_info</name>
         <load_address>0xa535</load_address>
         <run_address>0xa535</run_address>
         <size>0x39</size>
         <input_file_ref idref="fl-d7"/>
      </object_component>
      <object_component id="oc-b4">
         <name>.debug_info</name>
         <load_address>0xa56e</load_address>
         <run_address>0xa56e</run_address>
         <size>0x39</size>
         <input_file_ref idref="fl-d7"/>
      </object_component>
      <object_component id="oc-25b">
         <name>.debug_info</name>
         <load_address>0xa5a7</load_address>
         <run_address>0xa5a7</run_address>
         <size>0x2c</size>
         <input_file_ref idref="fl-d7"/>
      </object_component>
      <object_component id="oc-da">
         <name>.debug_info</name>
         <load_address>0xa5d3</load_address>
         <run_address>0xa5d3</run_address>
         <size>0x2c</size>
         <input_file_ref idref="fl-d7"/>
      </object_component>
      <object_component id="oc-e5">
         <name>.debug_info</name>
         <load_address>0xa5ff</load_address>
         <run_address>0xa5ff</run_address>
         <size>0x2c</size>
         <input_file_ref idref="fl-d7"/>
      </object_component>
      <object_component id="oc-df">
         <name>.debug_info</name>
         <load_address>0xa62b</load_address>
         <run_address>0xa62b</run_address>
         <size>0xcd</size>
         <input_file_ref idref="fl-d7"/>
      </object_component>
      <object_component id="oc-2c8">
         <name>.debug_info</name>
         <load_address>0xa6f8</load_address>
         <run_address>0xa6f8</run_address>
         <size>0xcb</size>
      </object_component>
      <object_component id="oc-183">
         <name>.debug_line</name>
         <load_address>0x0</load_address>
         <run_address>0x0</run_address>
         <size>0x20</size>
         <input_file_ref idref="fl-3"/>
      </object_component>
      <object_component id="oc-28d">
         <name>.debug_line</name>
         <load_address>0x20</load_address>
         <run_address>0x20</run_address>
         <size>0x7a</size>
         <input_file_ref idref="fl-3"/>
      </object_component>
      <object_component id="oc-246">
         <name>.debug_line</name>
         <load_address>0x9a</load_address>
         <run_address>0x9a</run_address>
         <size>0x9b</size>
         <input_file_ref idref="fl-3"/>
      </object_component>
      <object_component id="oc-1b8">
         <name>.debug_line</name>
         <load_address>0x135</load_address>
         <run_address>0x135</run_address>
         <size>0x8c</size>
         <input_file_ref idref="fl-3"/>
      </object_component>
      <object_component id="oc-1d0">
         <name>.debug_line</name>
         <load_address>0x1c1</load_address>
         <run_address>0x1c1</run_address>
         <size>0x9b</size>
         <input_file_ref idref="fl-3"/>
      </object_component>
      <object_component id="oc-f3">
         <name>.debug_line</name>
         <load_address>0x25c</load_address>
         <run_address>0x25c</run_address>
         <size>0x7c</size>
         <input_file_ref idref="fl-3"/>
      </object_component>
      <object_component id="oc-83">
         <name>.debug_line</name>
         <load_address>0x2d8</load_address>
         <run_address>0x2d8</run_address>
         <size>0x79</size>
         <input_file_ref idref="fl-3"/>
      </object_component>
      <object_component id="oc-7f">
         <name>.debug_line</name>
         <load_address>0x351</load_address>
         <run_address>0x351</run_address>
         <size>0x10b</size>
         <input_file_ref idref="fl-8"/>
      </object_component>
      <object_component id="oc-48">
         <name>.debug_line</name>
         <load_address>0x45c</load_address>
         <run_address>0x45c</run_address>
         <size>0x92</size>
         <input_file_ref idref="fl-8"/>
      </object_component>
      <object_component id="oc-3f">
         <name>.debug_line</name>
         <load_address>0x4ee</load_address>
         <run_address>0x4ee</run_address>
         <size>0xa7</size>
         <input_file_ref idref="fl-8"/>
      </object_component>
      <object_component id="oc-1f">
         <name>.debug_line</name>
         <load_address>0x595</load_address>
         <run_address>0x595</run_address>
         <size>0xa8</size>
         <input_file_ref idref="fl-8"/>
      </object_component>
      <object_component id="oc-39">
         <name>.debug_line</name>
         <load_address>0x63d</load_address>
         <run_address>0x63d</run_address>
         <size>0xa7</size>
         <input_file_ref idref="fl-8"/>
      </object_component>
      <object_component id="oc-45">
         <name>.debug_line</name>
         <load_address>0x6e4</load_address>
         <run_address>0x6e4</run_address>
         <size>0xa7</size>
         <input_file_ref idref="fl-8"/>
      </object_component>
      <object_component id="oc-79">
         <name>.debug_line</name>
         <load_address>0x78b</load_address>
         <run_address>0x78b</run_address>
         <size>0x20</size>
         <input_file_ref idref="fl-8"/>
      </object_component>
      <object_component id="oc-250">
         <name>.debug_line</name>
         <load_address>0x7ab</load_address>
         <run_address>0x7ab</run_address>
         <size>0x53</size>
         <input_file_ref idref="fl-10"/>
      </object_component>
      <object_component id="oc-24a">
         <name>.debug_line</name>
         <load_address>0x7fe</load_address>
         <run_address>0x7fe</run_address>
         <size>0x53</size>
         <input_file_ref idref="fl-10"/>
      </object_component>
      <object_component id="oc-75">
         <name>.debug_line</name>
         <load_address>0x851</load_address>
         <run_address>0x851</run_address>
         <size>0x33</size>
         <input_file_ref idref="fl-ce"/>
      </object_component>
      <object_component id="oc-a6">
         <name>.debug_line</name>
         <load_address>0x884</load_address>
         <run_address>0x884</run_address>
         <size>0x45</size>
         <input_file_ref idref="fl-ce"/>
      </object_component>
      <object_component id="oc-61">
         <name>.debug_line</name>
         <load_address>0x8c9</load_address>
         <run_address>0x8c9</run_address>
         <size>0x88</size>
         <input_file_ref idref="fl-d0"/>
      </object_component>
      <object_component id="oc-271">
         <name>.debug_line</name>
         <load_address>0x951</load_address>
         <run_address>0x951</run_address>
         <size>0xbf</size>
         <input_file_ref idref="fl-d1"/>
      </object_component>
      <object_component id="oc-154">
         <name>.debug_line</name>
         <load_address>0xa10</load_address>
         <run_address>0xa10</run_address>
         <size>0x6f</size>
         <input_file_ref idref="fl-d1"/>
      </object_component>
      <object_component id="oc-275">
         <name>.debug_line</name>
         <load_address>0xa7f</load_address>
         <run_address>0xa7f</run_address>
         <size>0x2e</size>
         <input_file_ref idref="fl-d1"/>
      </object_component>
      <object_component id="oc-148">
         <name>.debug_line</name>
         <load_address>0xaad</load_address>
         <run_address>0xaad</run_address>
         <size>0x3c</size>
         <input_file_ref idref="fl-d4"/>
      </object_component>
      <object_component id="oc-bb">
         <name>.debug_line</name>
         <load_address>0xae9</load_address>
         <run_address>0xae9</run_address>
         <size>0x1b7</size>
         <input_file_ref idref="fl-d7"/>
      </object_component>
      <object_component id="oc-1d5">
         <name>.debug_line</name>
         <load_address>0xca0</load_address>
         <run_address>0xca0</run_address>
         <size>0x96</size>
         <input_file_ref idref="fl-d7"/>
      </object_component>
      <object_component id="oc-73">
         <name>.debug_line</name>
         <load_address>0xd36</load_address>
         <run_address>0xd36</run_address>
         <size>0x8b</size>
         <input_file_ref idref="fl-d7"/>
      </object_component>
      <object_component id="oc-292">
         <name>.debug_line</name>
         <load_address>0xdc1</load_address>
         <run_address>0xdc1</run_address>
         <size>0xa4</size>
         <input_file_ref idref="fl-d7"/>
      </object_component>
      <object_component id="oc-290">
         <name>.debug_line</name>
         <load_address>0xe65</load_address>
         <run_address>0xe65</run_address>
         <size>0xa4</size>
         <input_file_ref idref="fl-d7"/>
      </object_component>
      <object_component id="oc-12c">
         <name>.debug_line</name>
         <load_address>0xf09</load_address>
         <run_address>0xf09</run_address>
         <size>0x44</size>
         <input_file_ref idref="fl-d7"/>
      </object_component>
      <object_component id="oc-1fa">
         <name>.debug_line</name>
         <load_address>0xf4d</load_address>
         <run_address>0xf4d</run_address>
         <size>0x122</size>
         <input_file_ref idref="fl-d7"/>
      </object_component>
      <object_component id="oc-200">
         <name>.debug_line</name>
         <load_address>0x106f</load_address>
         <run_address>0x106f</run_address>
         <size>0x125</size>
         <input_file_ref idref="fl-d7"/>
      </object_component>
      <object_component id="oc-206">
         <name>.debug_line</name>
         <load_address>0x1194</load_address>
         <run_address>0x1194</run_address>
         <size>0xc7</size>
         <input_file_ref idref="fl-d7"/>
      </object_component>
      <object_component id="oc-219">
         <name>.debug_line</name>
         <load_address>0x125b</load_address>
         <run_address>0x125b</run_address>
         <size>0xd9</size>
         <input_file_ref idref="fl-d7"/>
      </object_component>
      <object_component id="oc-20c">
         <name>.debug_line</name>
         <load_address>0x1334</load_address>
         <run_address>0x1334</run_address>
         <size>0x15c</size>
         <input_file_ref idref="fl-d7"/>
      </object_component>
      <object_component id="oc-212">
         <name>.debug_line</name>
         <load_address>0x1490</load_address>
         <run_address>0x1490</run_address>
         <size>0xd9</size>
         <input_file_ref idref="fl-d7"/>
      </object_component>
      <object_component id="oc-1b2">
         <name>.debug_line</name>
         <load_address>0x1569</load_address>
         <run_address>0x1569</run_address>
         <size>0x1e1</size>
         <input_file_ref idref="fl-d7"/>
      </object_component>
      <object_component id="oc-188">
         <name>.debug_line</name>
         <load_address>0x174a</load_address>
         <run_address>0x174a</run_address>
         <size>0x297</size>
         <input_file_ref idref="fl-d7"/>
      </object_component>
      <object_component id="oc-18e">
         <name>.debug_line</name>
         <load_address>0x19e1</load_address>
         <run_address>0x19e1</run_address>
         <size>0xca</size>
         <input_file_ref idref="fl-d7"/>
      </object_component>
      <object_component id="oc-1be">
         <name>.debug_line</name>
         <load_address>0x1aab</load_address>
         <run_address>0x1aab</run_address>
         <size>0xbb</size>
         <input_file_ref idref="fl-d7"/>
      </object_component>
      <object_component id="oc-194">
         <name>.debug_line</name>
         <load_address>0x1b66</load_address>
         <run_address>0x1b66</run_address>
         <size>0xc5</size>
         <input_file_ref idref="fl-d7"/>
      </object_component>
      <object_component id="oc-221">
         <name>.debug_line</name>
         <load_address>0x1c2b</load_address>
         <run_address>0x1c2b</run_address>
         <size>0xc3</size>
         <input_file_ref idref="fl-d7"/>
      </object_component>
      <object_component id="oc-227">
         <name>.debug_line</name>
         <load_address>0x1cee</load_address>
         <run_address>0x1cee</run_address>
         <size>0xb7</size>
         <input_file_ref idref="fl-d7"/>
      </object_component>
      <object_component id="oc-22d">
         <name>.debug_line</name>
         <load_address>0x1da5</load_address>
         <run_address>0x1da5</run_address>
         <size>0x56</size>
         <input_file_ref idref="fl-d7"/>
      </object_component>
      <object_component id="oc-19a">
         <name>.debug_line</name>
         <load_address>0x1dfb</load_address>
         <run_address>0x1dfb</run_address>
         <size>0x1ec</size>
         <input_file_ref idref="fl-d7"/>
      </object_component>
      <object_component id="oc-234">
         <name>.debug_line</name>
         <load_address>0x1fe7</load_address>
         <run_address>0x1fe7</run_address>
         <size>0xc5</size>
         <input_file_ref idref="fl-d7"/>
      </object_component>
      <object_component id="oc-1a0">
         <name>.debug_line</name>
         <load_address>0x20ac</load_address>
         <run_address>0x20ac</run_address>
         <size>0xe3</size>
         <input_file_ref idref="fl-d7"/>
      </object_component>
      <object_component id="oc-23b">
         <name>.debug_line</name>
         <load_address>0x218f</load_address>
         <run_address>0x218f</run_address>
         <size>0x98</size>
         <input_file_ref idref="fl-d7"/>
      </object_component>
      <object_component id="oc-1a6">
         <name>.debug_line</name>
         <load_address>0x2227</load_address>
         <run_address>0x2227</run_address>
         <size>0x153</size>
         <input_file_ref idref="fl-d7"/>
      </object_component>
      <object_component id="oc-1ac">
         <name>.debug_line</name>
         <load_address>0x237a</load_address>
         <run_address>0x237a</run_address>
         <size>0xb6</size>
         <input_file_ref idref="fl-d7"/>
      </object_component>
      <object_component id="oc-132">
         <name>.debug_line</name>
         <load_address>0x2430</load_address>
         <run_address>0x2430</run_address>
         <size>0x13c</size>
         <input_file_ref idref="fl-d7"/>
      </object_component>
      <object_component id="oc-1ca">
         <name>.debug_line</name>
         <load_address>0x256c</load_address>
         <run_address>0x256c</run_address>
         <size>0x142</size>
         <input_file_ref idref="fl-d7"/>
      </object_component>
      <object_component id="oc-138">
         <name>.debug_line</name>
         <load_address>0x26ae</load_address>
         <run_address>0x26ae</run_address>
         <size>0xbe</size>
         <input_file_ref idref="fl-d7"/>
      </object_component>
      <object_component id="oc-13e">
         <name>.debug_line</name>
         <load_address>0x276c</load_address>
         <run_address>0x276c</run_address>
         <size>0xd7</size>
         <input_file_ref idref="fl-d7"/>
      </object_component>
      <object_component id="oc-119">
         <name>.debug_line</name>
         <load_address>0x2843</load_address>
         <run_address>0x2843</run_address>
         <size>0x12f</size>
         <input_file_ref idref="fl-d7"/>
      </object_component>
      <object_component id="oc-113">
         <name>.debug_line</name>
         <load_address>0x2972</load_address>
         <run_address>0x2972</run_address>
         <size>0x40</size>
         <input_file_ref idref="fl-d7"/>
      </object_component>
      <object_component id="oc-6a">
         <name>.debug_line</name>
         <load_address>0x29b2</load_address>
         <run_address>0x29b2</run_address>
         <size>0x56</size>
         <input_file_ref idref="fl-d7"/>
      </object_component>
      <object_component id="oc-2b">
         <name>.debug_line</name>
         <load_address>0x2a08</load_address>
         <run_address>0x2a08</run_address>
         <size>0x55</size>
         <input_file_ref idref="fl-d7"/>
      </object_component>
      <object_component id="oc-25">
         <name>.debug_line</name>
         <load_address>0x2a5d</load_address>
         <run_address>0x2a5d</run_address>
         <size>0xa9</size>
         <input_file_ref idref="fl-d7"/>
      </object_component>
      <object_component id="oc-8e">
         <name>.debug_line</name>
         <load_address>0x2b06</load_address>
         <run_address>0x2b06</run_address>
         <size>0x5e</size>
         <input_file_ref idref="fl-d7"/>
      </object_component>
      <object_component id="oc-109">
         <name>.debug_line</name>
         <load_address>0x2b64</load_address>
         <run_address>0x2b64</run_address>
         <size>0xbd</size>
         <input_file_ref idref="fl-d7"/>
      </object_component>
      <object_component id="oc-94">
         <name>.debug_line</name>
         <load_address>0x2c21</load_address>
         <run_address>0x2c21</run_address>
         <size>0x215</size>
         <input_file_ref idref="fl-d7"/>
      </object_component>
      <object_component id="oc-4e">
         <name>.debug_line</name>
         <load_address>0x2e36</load_address>
         <run_address>0x2e36</run_address>
         <size>0x116</size>
         <input_file_ref idref="fl-d7"/>
      </object_component>
      <object_component id="oc-103">
         <name>.debug_line</name>
         <load_address>0x2f4c</load_address>
         <run_address>0x2f4c</run_address>
         <size>0x43</size>
         <input_file_ref idref="fl-d7"/>
      </object_component>
      <object_component id="oc-bf">
         <name>.debug_line</name>
         <load_address>0x2f8f</load_address>
         <run_address>0x2f8f</run_address>
         <size>0x82</size>
         <input_file_ref idref="fl-d7"/>
      </object_component>
      <object_component id="oc-1c4">
         <name>.debug_line</name>
         <load_address>0x3011</load_address>
         <run_address>0x3011</run_address>
         <size>0x82</size>
         <input_file_ref idref="fl-d7"/>
      </object_component>
      <object_component id="oc-88">
         <name>.debug_line</name>
         <load_address>0x3093</load_address>
         <run_address>0x3093</run_address>
         <size>0x78</size>
         <input_file_ref idref="fl-d7"/>
      </object_component>
      <object_component id="oc-c4">
         <name>.debug_line</name>
         <load_address>0x310b</load_address>
         <run_address>0x310b</run_address>
         <size>0xa4</size>
         <input_file_ref idref="fl-d7"/>
      </object_component>
      <object_component id="oc-c9">
         <name>.debug_line</name>
         <load_address>0x31af</load_address>
         <run_address>0x31af</run_address>
         <size>0xa3</size>
         <input_file_ref idref="fl-d7"/>
      </object_component>
      <object_component id="oc-5b">
         <name>.debug_line</name>
         <load_address>0x3252</load_address>
         <run_address>0x3252</run_address>
         <size>0x20</size>
         <input_file_ref idref="fl-d7"/>
      </object_component>
      <object_component id="oc-d8">
         <name>.debug_line</name>
         <load_address>0x3272</load_address>
         <run_address>0x3272</run_address>
         <size>0x2e</size>
         <input_file_ref idref="fl-d7"/>
      </object_component>
      <object_component id="oc-f8">
         <name>.debug_line</name>
         <load_address>0x32a0</load_address>
         <run_address>0x32a0</run_address>
         <size>0x7c</size>
         <input_file_ref idref="fl-d7"/>
      </object_component>
      <object_component id="oc-259">
         <name>.debug_line</name>
         <load_address>0x331c</load_address>
         <run_address>0x331c</run_address>
         <size>0x78</size>
         <input_file_ref idref="fl-d7"/>
      </object_component>
      <object_component id="oc-d3">
         <name>.debug_line</name>
         <load_address>0x3394</load_address>
         <run_address>0x3394</run_address>
         <size>0x79</size>
         <input_file_ref idref="fl-d7"/>
      </object_component>
      <object_component id="oc-9a">
         <name>.debug_line</name>
         <load_address>0x340d</load_address>
         <run_address>0x340d</run_address>
         <size>0x81</size>
         <input_file_ref idref="fl-d7"/>
      </object_component>
      <object_component id="oc-56">
         <name>.debug_line</name>
         <load_address>0x348e</load_address>
         <run_address>0x348e</run_address>
         <size>0x3a</size>
         <input_file_ref idref="fl-d7"/>
      </object_component>
      <object_component id="oc-fd">
         <name>.debug_line</name>
         <load_address>0x34c8</load_address>
         <run_address>0x34c8</run_address>
         <size>0x9a</size>
         <input_file_ref idref="fl-d7"/>
      </object_component>
      <object_component id="oc-ce">
         <name>.debug_line</name>
         <load_address>0x3562</load_address>
         <run_address>0x3562</run_address>
         <size>0x97</size>
         <input_file_ref idref="fl-d7"/>
      </object_component>
      <object_component id="oc-b7">
         <name>.debug_line</name>
         <load_address>0x35f9</load_address>
         <run_address>0x35f9</run_address>
         <size>0x96</size>
         <input_file_ref idref="fl-d7"/>
      </object_component>
      <object_component id="oc-25e">
         <name>.debug_line</name>
         <load_address>0x368f</load_address>
         <run_address>0x368f</run_address>
         <size>0x9f</size>
         <input_file_ref idref="fl-d7"/>
      </object_component>
      <object_component id="oc-dd">
         <name>.debug_line</name>
         <load_address>0x372e</load_address>
         <run_address>0x372e</run_address>
         <size>0x92</size>
         <input_file_ref idref="fl-d7"/>
      </object_component>
      <object_component id="oc-e8">
         <name>.debug_line</name>
         <load_address>0x37c0</load_address>
         <run_address>0x37c0</run_address>
         <size>0x3a</size>
         <input_file_ref idref="fl-d7"/>
      </object_component>
      <object_component id="oc-e2">
         <name>.debug_line</name>
         <load_address>0x37fa</load_address>
         <run_address>0x37fa</run_address>
         <size>0x93</size>
         <input_file_ref idref="fl-d7"/>
      </object_component>
      <object_component id="oc-247">
         <name>.debug_frame</name>
         <load_address>0x0</load_address>
         <run_address>0x0</run_address>
         <size>0x58</size>
         <input_file_ref idref="fl-3"/>
      </object_component>
      <object_component id="oc-1b9">
         <name>.debug_frame</name>
         <load_address>0x58</load_address>
         <run_address>0x58</run_address>
         <size>0x58</size>
         <input_file_ref idref="fl-3"/>
      </object_component>
      <object_component id="oc-1d1">
         <name>.debug_frame</name>
         <load_address>0xb0</load_address>
         <run_address>0xb0</run_address>
         <size>0x58</size>
         <input_file_ref idref="fl-3"/>
      </object_component>
      <object_component id="oc-40">
         <name>.debug_frame</name>
         <load_address>0x108</load_address>
         <run_address>0x108</run_address>
         <size>0x54</size>
         <input_file_ref idref="fl-8"/>
      </object_component>
      <object_component id="oc-20">
         <name>.debug_frame</name>
         <load_address>0x15c</load_address>
         <run_address>0x15c</run_address>
         <size>0x58</size>
         <input_file_ref idref="fl-8"/>
      </object_component>
      <object_component id="oc-3a">
         <name>.debug_frame</name>
         <load_address>0x1b4</load_address>
         <run_address>0x1b4</run_address>
         <size>0x54</size>
         <input_file_ref idref="fl-8"/>
      </object_component>
      <object_component id="oc-46">
         <name>.debug_frame</name>
         <load_address>0x208</load_address>
         <run_address>0x208</run_address>
         <size>0x54</size>
         <input_file_ref idref="fl-8"/>
      </object_component>
      <object_component id="oc-254">
         <name>.debug_frame</name>
         <load_address>0xf9c</load_address>
         <run_address>0xf9c</run_address>
         <size>0x7f</size>
         <input_file_ref idref="fl-10"/>
      </object_component>
      <object_component id="oc-24e">
         <name>.debug_frame</name>
         <load_address>0x101b</load_address>
         <run_address>0x101b</run_address>
         <size>0x7f</size>
         <input_file_ref idref="fl-10"/>
      </object_component>
      <object_component id="oc-a7">
         <name>.debug_frame</name>
         <load_address>0x25c</load_address>
         <run_address>0x25c</run_address>
         <size>0x50</size>
         <input_file_ref idref="fl-ce"/>
      </object_component>
      <object_component id="oc-155">
         <name>.debug_frame</name>
         <load_address>0x2ac</load_address>
         <run_address>0x2ac</run_address>
         <size>0x5c</size>
         <input_file_ref idref="fl-d1"/>
      </object_component>
      <object_component id="oc-149">
         <name>.debug_frame</name>
         <load_address>0x308</load_address>
         <run_address>0x308</run_address>
         <size>0x54</size>
         <input_file_ref idref="fl-d4"/>
      </object_component>
      <object_component id="oc-1fb">
         <name>.debug_frame</name>
         <load_address>0x35c</load_address>
         <run_address>0x35c</run_address>
         <size>0x54</size>
         <input_file_ref idref="fl-d7"/>
      </object_component>
      <object_component id="oc-201">
         <name>.debug_frame</name>
         <load_address>0x3b0</load_address>
         <run_address>0x3b0</run_address>
         <size>0x54</size>
         <input_file_ref idref="fl-d7"/>
      </object_component>
      <object_component id="oc-207">
         <name>.debug_frame</name>
         <load_address>0x404</load_address>
         <run_address>0x404</run_address>
         <size>0x60</size>
         <input_file_ref idref="fl-d7"/>
      </object_component>
      <object_component id="oc-21a">
         <name>.debug_frame</name>
         <load_address>0x464</load_address>
         <run_address>0x464</run_address>
         <size>0x60</size>
         <input_file_ref idref="fl-d7"/>
      </object_component>
      <object_component id="oc-20d">
         <name>.debug_frame</name>
         <load_address>0x4c4</load_address>
         <run_address>0x4c4</run_address>
         <size>0x60</size>
         <input_file_ref idref="fl-d7"/>
      </object_component>
      <object_component id="oc-213">
         <name>.debug_frame</name>
         <load_address>0x524</load_address>
         <run_address>0x524</run_address>
         <size>0x64</size>
         <input_file_ref idref="fl-d7"/>
      </object_component>
      <object_component id="oc-1b3">
         <name>.debug_frame</name>
         <load_address>0x588</load_address>
         <run_address>0x588</run_address>
         <size>0x60</size>
         <input_file_ref idref="fl-d7"/>
      </object_component>
      <object_component id="oc-189">
         <name>.debug_frame</name>
         <load_address>0x5e8</load_address>
         <run_address>0x5e8</run_address>
         <size>0x68</size>
         <input_file_ref idref="fl-d7"/>
      </object_component>
      <object_component id="oc-18f">
         <name>.debug_frame</name>
         <load_address>0x650</load_address>
         <run_address>0x650</run_address>
         <size>0x64</size>
         <input_file_ref idref="fl-d7"/>
      </object_component>
      <object_component id="oc-1bf">
         <name>.debug_frame</name>
         <load_address>0x6b4</load_address>
         <run_address>0x6b4</run_address>
         <size>0x60</size>
         <input_file_ref idref="fl-d7"/>
      </object_component>
      <object_component id="oc-195">
         <name>.debug_frame</name>
         <load_address>0x714</load_address>
         <run_address>0x714</run_address>
         <size>0x64</size>
         <input_file_ref idref="fl-d7"/>
      </object_component>
      <object_component id="oc-222">
         <name>.debug_frame</name>
         <load_address>0x778</load_address>
         <run_address>0x778</run_address>
         <size>0x5c</size>
         <input_file_ref idref="fl-d7"/>
      </object_component>
      <object_component id="oc-228">
         <name>.debug_frame</name>
         <load_address>0x7d4</load_address>
         <run_address>0x7d4</run_address>
         <size>0x58</size>
         <input_file_ref idref="fl-d7"/>
      </object_component>
      <object_component id="oc-22e">
         <name>.debug_frame</name>
         <load_address>0x82c</load_address>
         <run_address>0x82c</run_address>
         <size>0x58</size>
         <input_file_ref idref="fl-d7"/>
      </object_component>
      <object_component id="oc-19b">
         <name>.debug_frame</name>
         <load_address>0x884</load_address>
         <run_address>0x884</run_address>
         <size>0x70</size>
         <input_file_ref idref="fl-d7"/>
      </object_component>
      <object_component id="oc-235">
         <name>.debug_frame</name>
         <load_address>0x8f4</load_address>
         <run_address>0x8f4</run_address>
         <size>0x58</size>
         <input_file_ref idref="fl-d7"/>
      </object_component>
      <object_component id="oc-1a1">
         <name>.debug_frame</name>
         <load_address>0x94c</load_address>
         <run_address>0x94c</run_address>
         <size>0x68</size>
         <input_file_ref idref="fl-d7"/>
      </object_component>
      <object_component id="oc-23c">
         <name>.debug_frame</name>
         <load_address>0x9b4</load_address>
         <run_address>0x9b4</run_address>
         <size>0x54</size>
         <input_file_ref idref="fl-d7"/>
      </object_component>
      <object_component id="oc-1a7">
         <name>.debug_frame</name>
         <load_address>0xa08</load_address>
         <run_address>0xa08</run_address>
         <size>0x6c</size>
         <input_file_ref idref="fl-d7"/>
      </object_component>
      <object_component id="oc-1ad">
         <name>.debug_frame</name>
         <load_address>0xa74</load_address>
         <run_address>0xa74</run_address>
         <size>0x5c</size>
         <input_file_ref idref="fl-d7"/>
      </object_component>
      <object_component id="oc-133">
         <name>.debug_frame</name>
         <load_address>0xad0</load_address>
         <run_address>0xad0</run_address>
         <size>0x70</size>
         <input_file_ref idref="fl-d7"/>
      </object_component>
      <object_component id="oc-1cb">
         <name>.debug_frame</name>
         <load_address>0xb40</load_address>
         <run_address>0xb40</run_address>
         <size>0x60</size>
         <input_file_ref idref="fl-d7"/>
      </object_component>
      <object_component id="oc-139">
         <name>.debug_frame</name>
         <load_address>0xba0</load_address>
         <run_address>0xba0</run_address>
         <size>0x60</size>
         <input_file_ref idref="fl-d7"/>
      </object_component>
      <object_component id="oc-13f">
         <name>.debug_frame</name>
         <load_address>0xc00</load_address>
         <run_address>0xc00</run_address>
         <size>0x60</size>
         <input_file_ref idref="fl-d7"/>
      </object_component>
      <object_component id="oc-11a">
         <name>.debug_frame</name>
         <load_address>0xc60</load_address>
         <run_address>0xc60</run_address>
         <size>0x58</size>
         <input_file_ref idref="fl-d7"/>
      </object_component>
      <object_component id="oc-114">
         <name>.debug_frame</name>
         <load_address>0xcb8</load_address>
         <run_address>0xcb8</run_address>
         <size>0x54</size>
         <input_file_ref idref="fl-d7"/>
      </object_component>
      <object_component id="oc-6b">
         <name>.debug_frame</name>
         <load_address>0xd0c</load_address>
         <run_address>0xd0c</run_address>
         <size>0x54</size>
         <input_file_ref idref="fl-d7"/>
      </object_component>
      <object_component id="oc-2c">
         <name>.debug_frame</name>
         <load_address>0xd60</load_address>
         <run_address>0xd60</run_address>
         <size>0x54</size>
         <input_file_ref idref="fl-d7"/>
      </object_component>
      <object_component id="oc-26">
         <name>.debug_frame</name>
         <load_address>0xdb4</load_address>
         <run_address>0xdb4</run_address>
         <size>0x60</size>
         <input_file_ref idref="fl-d7"/>
      </object_component>
      <object_component id="oc-8f">
         <name>.debug_frame</name>
         <load_address>0xe14</load_address>
         <run_address>0xe14</run_address>
         <size>0x54</size>
         <input_file_ref idref="fl-d7"/>
      </object_component>
      <object_component id="oc-10a">
         <name>.debug_frame</name>
         <load_address>0xe68</load_address>
         <run_address>0xe68</run_address>
         <size>0x60</size>
         <input_file_ref idref="fl-d7"/>
      </object_component>
      <object_component id="oc-95">
         <name>.debug_frame</name>
         <load_address>0xec8</load_address>
         <run_address>0xec8</run_address>
         <size>0x70</size>
         <input_file_ref idref="fl-d7"/>
      </object_component>
      <object_component id="oc-4f">
         <name>.debug_frame</name>
         <load_address>0xf38</load_address>
         <run_address>0xf38</run_address>
         <size>0x64</size>
         <input_file_ref idref="fl-d7"/>
      </object_component>
      <object_component id="oc-182">
         <name>.debug_abbrev</name>
         <load_address>0x0</load_address>
         <run_address>0x0</run_address>
         <size>0xac</size>
         <input_file_ref idref="fl-3"/>
      </object_component>
      <object_component id="oc-28c">
         <name>.debug_abbrev</name>
         <load_address>0xac</load_address>
         <run_address>0xac</run_address>
         <size>0x29</size>
         <input_file_ref idref="fl-3"/>
      </object_component>
      <object_component id="oc-289">
         <name>.debug_abbrev</name>
         <load_address>0xd5</load_address>
         <run_address>0xd5</run_address>
         <size>0x6e</size>
         <input_file_ref idref="fl-3"/>
      </object_component>
      <object_component id="oc-241">
         <name>.debug_abbrev</name>
         <load_address>0x143</load_address>
         <run_address>0x143</run_address>
         <size>0x7b</size>
         <input_file_ref idref="fl-3"/>
      </object_component>
      <object_component id="oc-263">
         <name>.debug_abbrev</name>
         <load_address>0x1be</load_address>
         <run_address>0x1be</run_address>
         <size>0x6e</size>
         <input_file_ref idref="fl-3"/>
      </object_component>
      <object_component id="oc-f2">
         <name>.debug_abbrev</name>
         <load_address>0x22c</load_address>
         <run_address>0x22c</run_address>
         <size>0x5c</size>
         <input_file_ref idref="fl-3"/>
      </object_component>
      <object_component id="oc-82">
         <name>.debug_abbrev</name>
         <load_address>0x288</load_address>
         <run_address>0x288</run_address>
         <size>0x24</size>
         <input_file_ref idref="fl-3"/>
      </object_component>
      <object_component id="oc-7e">
         <name>.debug_abbrev</name>
         <load_address>0x2ac</load_address>
         <run_address>0x2ac</run_address>
         <size>0xa7</size>
         <input_file_ref idref="fl-8"/>
      </object_component>
      <object_component id="oc-47">
         <name>.debug_abbrev</name>
         <load_address>0x353</load_address>
         <run_address>0x353</run_address>
         <size>0x29</size>
         <input_file_ref idref="fl-8"/>
      </object_component>
      <object_component id="oc-7c">
         <name>.debug_abbrev</name>
         <load_address>0x37c</load_address>
         <run_address>0x37c</run_address>
         <size>0x40</size>
         <input_file_ref idref="fl-8"/>
      </object_component>
      <object_component id="oc-51">
         <name>.debug_abbrev</name>
         <load_address>0x3bc</load_address>
         <run_address>0x3bc</run_address>
         <size>0x5e</size>
         <input_file_ref idref="fl-8"/>
      </object_component>
      <object_component id="oc-7b">
         <name>.debug_abbrev</name>
         <load_address>0x41a</load_address>
         <run_address>0x41a</run_address>
         <size>0x40</size>
         <input_file_ref idref="fl-8"/>
      </object_component>
      <object_component id="oc-7d">
         <name>.debug_abbrev</name>
         <load_address>0x45a</load_address>
         <run_address>0x45a</run_address>
         <size>0x40</size>
         <input_file_ref idref="fl-8"/>
      </object_component>
      <object_component id="oc-78">
         <name>.debug_abbrev</name>
         <load_address>0x49a</load_address>
         <run_address>0x49a</run_address>
         <size>0x1f</size>
         <input_file_ref idref="fl-8"/>
      </object_component>
      <object_component id="oc-28b">
         <name>.debug_abbrev</name>
         <load_address>0x4b9</load_address>
         <run_address>0x4b9</run_address>
         <size>0x52</size>
         <input_file_ref idref="fl-10"/>
      </object_component>
      <object_component id="oc-28a">
         <name>.debug_abbrev</name>
         <load_address>0x50b</load_address>
         <run_address>0x50b</run_address>
         <size>0x52</size>
         <input_file_ref idref="fl-10"/>
      </object_component>
      <object_component id="oc-74">
         <name>.debug_abbrev</name>
         <load_address>0x55d</load_address>
[...]
            <object_component_ref idref="oc-136"/>
            <object_component_ref idref="oc-13c"/>
            <object_component_ref idref="oc-117"/>
            <object_component_ref idref="oc-111"/>
            <object_component_ref idref="oc-68"/>
            <object_component_ref idref="oc-29"/>
            <object_component_ref idref="oc-23"/>
            <object_component_ref idref="oc-8c"/>
            <object_component_ref idref="oc-107"/>
            <object_component_ref idref="oc-92"/>
            <object_component_ref idref="oc-4c"/>
         </contents>
      </logical_group>
      <logical_group id="lg-2b7" display="never" color="cyan">
         <name>.debug_pubtypes</name>
         <load_address>0x0</load_address>
         <run_address>0x0</run_address>
         <size>0x1273</size>
         <contents>
            <object_component_ref idref="oc-129"/>
            <object_component_ref idref="oc-f1"/>
            <object_component_ref idref="oc-81"/>
            <object_component_ref idref="oc-77"/>
            <object_component_ref idref="oc-273"/>
            <object_component_ref idref="oc-65"/>
            <object_component_ref idref="oc-101"/>
            <object_component_ref idref="oc-bd"/>
            <object_component_ref idref="oc-1c2"/>
            <object_component_ref idref="oc-86"/>
            <object_component_ref idref="oc-c2"/>
            <object_component_ref idref="oc-c7"/>
            <object_component_ref idref="oc-59"/>
            <object_component_ref idref="oc-d6"/>
            <object_component_ref idref="oc-f6"/>
            <object_component_ref idref="oc-257"/>
            <object_component_ref idref="oc-d1"/>
            <object_component_ref idref="oc-98"/>
            <object_component_ref idref="oc-54"/>
            <object_component_ref idref="oc-fb"/>
            <object_component_ref idref="oc-cc"/>
            <object_component_ref idref="oc-b5"/>
            <object_component_ref idref="oc-25c"/>
            <object_component_ref idref="oc-db"/>
            <object_component_ref idref="oc-e6"/>
            <object_component_ref idref="oc-e0"/>
         </contents>
      </logical_group>
      <logical_group id="lg-2b9" display="never" color="cyan">
         <name>.debug_pubnames</name>
         <load_address>0x0</load_address>
         <run_address>0x0</run_address>
         <size>0x869</size>
         <contents>
            <object_component_ref idref="oc-262"/>
            <object_component_ref idref="oc-245"/>
            <object_component_ref idref="oc-1b7"/>
            <object_component_ref idref="oc-1cf"/>
            <object_component_ref idref="oc-1a"/>
            <object_component_ref idref="oc-3e"/>
            <object_component_ref idref="oc-1e"/>
            <object_component_ref idref="oc-38"/>
            <object_component_ref idref="oc-44"/>
            <object_component_ref idref="oc-253"/>
            <object_component_ref idref="oc-24d"/>
            <object_component_ref idref="oc-34"/>
            <object_component_ref idref="oc-a5"/>
            <object_component_ref idref="oc-60"/>
            <object_component_ref idref="oc-153"/>
            <object_component_ref idref="oc-147"/>
            <object_component_ref idref="oc-64"/>
            <object_component_ref idref="oc-142"/>
            <object_component_ref idref="oc-31"/>
            <object_component_ref idref="oc-281"/>
            <object_component_ref idref="oc-27d"/>
            <object_component_ref idref="oc-10d"/>
            <object_component_ref idref="oc-1f9"/>
            <object_component_ref idref="oc-1ff"/>
            <object_component_ref idref="oc-205"/>
            <object_component_ref idref="oc-218"/>
            <object_component_ref idref="oc-20b"/>
            <object_component_ref idref="oc-211"/>
            <object_component_ref idref="oc-1b1"/>
            <object_component_ref idref="oc-187"/>
            <object_component_ref idref="oc-18d"/>
            <object_component_ref idref="oc-1bd"/>
            <object_component_ref idref="oc-193"/>
            <object_component_ref idref="oc-220"/>
            <object_component_ref idref="oc-226"/>
            <object_component_ref idref="oc-22c"/>
            <object_component_ref idref="oc-199"/>
            <object_component_ref idref="oc-233"/>
            <object_component_ref idref="oc-19f"/>
            <object_component_ref idref="oc-23a"/>
            <object_component_ref idref="oc-1a5"/>
            <object_component_ref idref="oc-1ab"/>
            <object_component_ref idref="oc-131"/>
            <object_component_ref idref="oc-1c9"/>
            <object_component_ref idref="oc-137"/>
            <object_component_ref idref="oc-13d"/>
            <object_component_ref idref="oc-118"/>
            <object_component_ref idref="oc-112"/>
            <object_component_ref idref="oc-69"/>
            <object_component_ref idref="oc-2a"/>
            <object_component_ref idref="oc-24"/>
            <object_component_ref idref="oc-8d"/>
            <object_component_ref idref="oc-108"/>
            <object_component_ref idref="oc-93"/>
            <object_component_ref idref="oc-4d"/>
         </contents>
      </logical_group>
      <load_segment id="lg-2cc" display="no" color="cyan">
         <name>SEGMENT_0</name>
         <load_address>0x56000</load_address>
         <run_address>0x56000</run_address>
         <size>0x1038</size>
         <flags>0x5</flags>
         <contents>
            <logical_group_ref idref="lg-3"/>
            <logical_group_ref idref="lg-4"/>
            <logical_group_ref idref="lg-5"/>
            <logical_group_ref idref="lg-8"/>
         </contents>
      </load_segment>
      <load_segment id="lg-2cd" display="no" color="cyan">
         <name>SEGMENT_1</name>
         <load_address>0x57fa8</load_address>
         <run_address>0x57fa8</run_address>
         <size>0x58</size>
         <flags>0x4</flags>
         <contents>
            <logical_group_ref idref="lg-e"/>
         </contents>
      </load_segment>
      <load_segment id="lg-2ce" display="no" color="cyan">
         <name>SEGMENT_2</name>
         <run_address>0x20000000</run_address>
         <size>0x10c</size>
         <flags>0x6</flags>
         <contents>
            <logical_group_ref idref="lg-13"/>
            <logical_group_ref idref="lg-12"/>
         </contents>
      </load_segment>
      <load_segment id="lg-2cf" display="no" color="cyan">
         <name>SEGMENT_3</name>
         <run_address>0x20013c00</run_address>
         <size>0x100</size>
         <flags>0x6</flags>
         <contents>
            <logical_group_ref idref="lg-15"/>
         </contents>
      </load_segment>
   </logical_group_list>
   <placement_map>
      <memory_area display="yes" color="green">
         <name>FLASH_BIM</name>
         <page_id>0x0</page_id>
         <origin>0x56000</origin>
         <length>0x1f54</length>
         <used_space>0x1032</used_space>
         <unused_space>0xf22</unused_space>
         <attributes>RX</attributes>
         <usage_details>
            <allocated_space>
               <start_address>0x56000</start_address>
               <size>0xd8</size>
               <logical_group_ref idref="lg-3"/>
            </allocated_space>
            <allocated_space>
               <start_address>0x560d8</start_address>
               <size>0xee2</size>
               <logical_group_ref idref="lg-4"/>
            </allocated_space>
            <available_space>
               <start_address>0x56fba</start_address>
               <size>0x2</size>
            </available_space>
            <allocated_space>
               <start_address>0x56fbc</start_address>
               <size>0x48</size>
               <logical_group_ref idref="lg-5"/>
            </allocated_space>
            <available_space>
               <start_address>0x57004</start_address>
               <size>0x4</size>
            </available_space>
            <allocated_space>
               <start_address>0x57008</start_address>
               <size>0x30</size>
               <logical_group_ref idref="lg-8"/>
            </allocated_space>
            <available_space>
               <start_address>0x57038</start_address>
               <size>0xf1c</size>
            </available_space>
         </usage_details>
      </memory_area>
      <memory_area display="no" color="green">
         <name>FLASH_CERT</name>
         <page_id>0x0</page_id>
         <origin>0x57f54</origin>
         <length>0x4c</length>
         <used_space>0x0</used_space>
         <unused_space>0x4c</unused_space>
         <attributes>RX</attributes>
         <usage_details>
         </usage_details>
      </memory_area>
      <memory_area display="no" color="green">
         <name>FLASH_FNPTR</name>
         <page_id>0x0</page_id>
         <origin>0x57fa0</origin>
         <length>0x4</length>
         <used_space>0x0</used_space>
         <unused_space>0x4</unused_space>
         <attributes>RX</attributes>
         <usage_details>
         </usage_details>
      </memory_area>
      <memory_area display="no" color="green">
         <name>FLASH_CCFG</name>
         <page_id>0x0</page_id>
         <origin>0x57fa8</origin>
         <length>0x58</length>
         <used_space>0x58</used_space>
         <unused_space>0x0</unused_space>
         <attributes>RX</attributes>
         <usage_details>
            <allocated_space>
               <start_address>0x57fa8</start_address>
               <size>0x58</size>
               <logical_group_ref idref="lg-e"/>
            </allocated_space>
         </usage_details>
      </memory_area>
      <memory_area display="yes" color="green">
         <name>SRAM</name>
         <page_id>0x0</page_id>
         <origin>0x20000000</origin>
         <length>0x13d00</length>
         <used_space>0x20c</used_space>
         <unused_space>0x13af4</unused_space>
         <attributes>RWX</attributes>
         <usage_details>
            <allocated_space>
               <start_address>0x20000000</start_address>
               <size>0x104</size>
               <logical_group_ref idref="lg-13"/>
            </allocated_space>
            <allocated_space>
               <start_address>0x20000104</start_address>
               <size>0x8</size>
               <logical_group_ref idref="lg-12"/>
            </allocated_space>
            <available_space>
               <start_address>0x2000010c</start_address>
               <size>0x13af4</size>
            </available_space>
            <allocated_space>
               <start_address>0x20013c00</start_address>
               <size>0x100</size>
               <logical_group_ref idref="lg-15"/>
            </allocated_space>
         </usage_details>
      </memory_area>
   </placement_map>
   <cptbl_list>
      <cptbl>
         <name>__TI_cinit_table</name>
         <cprec>
            <name>.bss</name>
            <load_address>0x57018</load_address>
            <load_size>0x8</load_size>
            <run_address>0x20000000</run_address>
            <run_size>0x104</run_size>
            <compression>zero_init</compression>
         </cprec>
         <cprec>
            <name>.data</name>
            <load_address>0x57020</load_address>
            <load_size>0x7</load_size>
            <run_address>0x20000104</run_address>
            <run_size>0x8</run_size>
            <compression>lzss</compression>
         </cprec>
      </cptbl>
   </cptbl_list>
   <handler_table>
      <handler_table_name>__TI_handler_table</handler_table_name>
      <handler>
         <index>0x0</index>
         <name>__TI_decompress_lzss</name>
      </handler>
      <handler>
         <index>0x1</index>
         <name>__TI_decompress_none</name>
      </handler>
      <handler>
         <index>0x2</index>
         <name>__TI_zero_init</name>
      </handler>
   </handler_table>
   <symbol_table>
      <symbol id="sm-1">
         <name>__STACK_TOP</name>
         <value>0x20013d00</value>
      </symbol>
      <symbol id="sm-2">
         <name>__TI_CINIT_Base</name>
         <value>0x57028</value>
      </symbol>
      <symbol id="sm-3">
         <name>__TI_CINIT_Limit</name>
         <value>0x57038</value>
      </symbol>
      <symbol id="sm-4">
         <name>__TI_Handler_Table_Base</name>
         <value>0x57008</value>
      </symbol>
      <symbol id="sm-5">
         <name>__TI_Handler_Table_Limit</name>
         <value>0x57014</value>
      </symbol>
      <symbol id="sm-6">
         <name>binit</name>
         <value>0xffffffff</value>
      </symbol>
      <symbol id="sm-7">
         <name>__binit__</name>
         <value>0xffffffff</value>
      </symbol>
      <symbol id="sm-8">
         <name>__STACK_SIZE</name>
         <value>0x100</value>
      </symbol>
      <symbol id="sm-9">
         <name>__STACK_END</name>
         <value>0x20013d00</value>
      </symbol>
      <symbol id="sm-a">
         <name>__c_args__</name>
         <value>0xffffffff</value>
      </symbol>
      <symbol id="sm-b">
         <name>__TI_pprof_out_hndl</name>
         <value>0xffffffff</value>
      </symbol>
      <symbol id="sm-c">
         <name>__TI_prof_data_start</name>
         <value>0xffffffff</value>
      </symbol>
      <symbol id="sm-d">
         <name>__TI_prof_data_size</name>
         <value>0xffffffff</value>
      </symbol>
      <symbol id="sm-291">
         <name>crcBuf</name>
         <value>0x20000000</value>
      </symbol>
      <symbol id="sm-292">
         <name>NOROM_FlashProgram</name>
         <value>0x56efd</value>
         <object_component_ref idref="oc-229"/>
      </symbol>
      <symbol id="sm-293">
         <name>NOROM_SetupTrimDevice</name>
         <value>0x56705</value>
         <object_component_ref idref="oc-4a"/>
      </symbol>
      <symbol id="sm-294">
         <name>CRC32_memCpy</name>
         <value>0x56ec5</value>
         <object_component_ref idref="oc-237"/>
      </symbol>
      <symbol id="sm-295">
         <name>bspSpiRead</name>
         <value>0x56c85</value>
         <object_component_ref idref="oc-215"/>
      </symbol>
      <symbol id="sm-296">
         <name>__ccfg</name>
         <value>0x57fa8</value>
         <object_component_ref idref="oc-2f"/>
      </symbol>
      <symbol id="sm-297">
         <name>extFlashOpen</name>
         <value>0x5651d</value>
         <object_component_ref idref="oc-184"/>
      </symbol>
      <symbol id="sm-298">
         <name>extFlashWrite</name>
         <value>0x5697d</value>
         <object_component_ref idref="oc-19c"/>
      </symbol>
      <symbol id="sm-299">
         <name>main</name>
         <value>0x56e59</value>
         <object_component_ref idref="oc-115"/>
      </symbol>
      <symbol id="sm-29a">
         <name>NOROM_SetupStepVddrTrimTo</name>
         <value>0x56879</value>
         <object_component_ref idref="oc-105"/>
      </symbol>
      <symbol id="sm-29b">
         <name>__TI_zero_init_nomemset</name>
         <value>0x56f19</value>
         <object_component_ref idref="oc-66"/>
      </symbol>
      <symbol id="sm-29c">
         <name>NOROM_ChipInfo_GetChipFamily</name>
         <value>0x56ee1</value>
         <object_component_ref idref="oc-8a"/>
      </symbol>
      <symbol id="sm-29d">
         <name>CRC32_calc</name>
         <value>0x56415</value>
         <object_component_ref idref="oc-1a2"/>
      </symbol>
      <symbol id="sm-29e">
         <name>readFlash</name>
         <value>0x56dd5</value>
         <object_component_ref idref="oc-1c6"/>
      </symbol>
      <symbol id="sm-29f">
         <name>bspSpiWrite</name>
         <value>0x56da5</value>
         <object_component_ref idref="oc-202"/>
      </symbol>
      <symbol id="sm-2a0">
         <name>extFlashRead</name>
         <value>0x56bf1</value>
         <object_component_ref idref="oc-18a"/>
      </symbol>
      <symbol id="sm-2a1">
         <name>__TI_decompress_lzss</name>
         <value>0x56ac1</value>
         <object_component_ref idref="oc-21"/>
      </symbol>
      <symbol id="sm-2a2">
         <name>writeFlashPg</name>
         <value>0x56ea5</value>
         <object_component_ref idref="oc-1a8"/>
      </symbol>
      <symbol id="sm-2a3">
         <name>extFlashClose</name>
         <value>0x56901</value>
         <object_component_ref idref="oc-1ae"/>
      </symbol>
      <symbol id="sm-2a4">
         <name>__TI_decompress_none</name>
         <value>0x56f81</value>
         <object_component_ref idref="oc-27"/>
      </symbol>
      <symbol id="sm-2a5">
         <name>_system_pre_init</name>
         <value>0x56fb3</value>
         <object_component_ref idref="oc-10f"/>
      </symbol>
      <symbol id="sm-2dc">
         <name>OAD_IMG_ID</name>
         <value>0x56fec</value>
         <object_component_ref idref="oc-260"/>
      </symbol>
      <symbol id="sm-2dd">
         <name>jumpToPrgEntry</name>
         <value>0x56fa7</value>
         <object_component_ref idref="oc-1b4"/>
      </symbol>
      <symbol id="sm-2de">
         <name>metadataIDCheck</name>
         <value>0x56e81</value>
         <object_component_ref idref="oc-242"/>
      </symbol>
      <symbol id="sm-2df">
         <name>imgIDCheck</name>
         <value>0x56e31</value>
         <object_component_ref idref="oc-1cc"/>
      </symbol>
      <symbol id="sm-2e0">
         <name>OAD_EXTFL_ID</name>
         <value>0x56ff4</value>
         <object_component_ref idref="oc-260"/>
      </symbol>
      <symbol id="sm-317">
         <name>ResetISR</name>
         <value>0x56f51</value>
         <object_component_ref idref="oc-1b"/>
      </symbol>
      <symbol id="sm-318">
         <name>g_pfnVectors</name>
         <value>0x56000</value>
         <object_component_ref idref="oc-18"/>
      </symbol>
      <symbol id="sm-32a">
         <name>NOROM_CPUcpsie</name>
         <value>0x56f9b</value>
         <object_component_ref idref="oc-24f"/>
      </symbol>
      <symbol id="sm-32b">
         <name>NOROM_CPUcpsid</name>
         <value>0x56f8f</value>
         <object_component_ref idref="oc-249"/>
      </symbol>
      <symbol id="sm-33e">
         <name>__stack</name>
         <value>0x20013c00</value>
         <object_component_ref idref="oc-32"/>
      </symbol>
      <symbol id="sm-33f">
         <name>_c_int00_noargs</name>
         <value>0x56d3d</value>
         <object_component_ref idref="oc-a2"/>
      </symbol>
      <symbol id="sm-35b">
         <name>memcpy</name>
         <value>0x567dd</value>
         <object_component_ref idref="oc-5d"/>
      </symbol>
      <symbol id="sm-35c">
         <name>__aeabi_memcpy</name>
         <value>0x567dd</value>
         <object_component_ref idref="oc-5d"/>
      </symbol>
      <symbol id="sm-35d">
         <name>__aeabi_memcpy8</name>
         <value>0x567dd</value>
         <object_component_ref idref="oc-5d"/>
      </symbol>
      <symbol id="sm-35e">
         <name>__aeabi_memcpy4</name>
         <value>0x567dd</value>
         <object_component_ref idref="oc-5d"/>
      </symbol>
      <symbol id="sm-377">
         <name>__TI_auto_init_nobinit_nopinit</name>
         <value>0x56c41</value>
         <object_component_ref idref="oc-150"/>
      </symbol>
      <symbol id="sm-382">
         <name>C$$EXIT</name>
         <value>0x56fb7</value>
         <object_component_ref idref="oc-144"/>
      </symbol>
      <symbol id="sm-383">
         <name>abort</name>
         <value>0x56fb7</value>
         <object_component_ref idref="oc-144"/>
      </symbol>
      <symbol id="sm-385">
         <name>__TI_static_base__</name>
         <value>0x57008</value>
      </symbol>
      <symbol id="sm-388">
         <name>__mpu_init</name>
         <value>0x0</value>
      </symbol>
      <symbol id="sm-389">
         <name>_system_post_cinit</name>
         <value>0x0</value>
      </symbol>
   </symbol_table>
   <title>Link successful</title>
</link_info>
