<?xml version="1.0" encoding="ISO-8859-1" ?>
<link_info>
   <banner>TI ARM Linker Unix v18.12.2.LTS</banner>
   <copyright>Copyright (c) 1996-2018 Texas Instruments Incorporated</copyright>
   <link_time>0x5e181a5e</link_time>
   <link_errors>0x0</link_errors>
   <output_file>cc26x2r1lp_bim_offchip.out</output_file>
   <entry_point>
      <name>ResetISR</name>
      <address>0x57a0f</address>
   </entry_point>
   <input_file_list>
      <input_file id="fl-2">
         <path>./Application/</path>
         <kind>object</kind>
         <file>bim_main.obj</file>
         <name>bim_main.obj</name>
      </input_file>
      <input_file id="fl-4">
         <path>./Application/</path>
         <kind>object</kind>
         <file>ccfg_app.obj</file>
         <name>ccfg_app.obj</name>
      </input_file>
      <input_file id="fl-5">
         <path>./Application/</path>
         <kind>object</kind>
         <file>crc32.obj</file>
         <name>crc32.obj</name>
      </input_file>
      <input_file id="fl-6">
         <path>./Application/</path>
         <kind>object</kind>
         <file>flash_interface_internal.obj</file>
         <name>flash_interface_internal.obj</name>
      </input_file>
      <input_file id="fl-8">
         <path>./Application/</path>
         <kind>object</kind>
         <file>sign_util.obj</file>
         <name>sign_util.obj</name>
      </input_file>
      <input_file id="fl-a">
         <path>./ExternalFlash/</path>
         <kind>object</kind>
         <file>ext_flash.obj</file>
         <name>ext_flash.obj</name>
      </input_file>
      <input_file id="fl-b">
         <path>./SPI/</path>
         <kind>object</kind>
         <file>bsp_spi.obj</file>
         <name>bsp_spi.obj</name>
      </input_file>
      <input_file id="fl-14">
         <path>/home/ntuee/ti/simplelink_cc26x2_sdk_2_30_00_34/source/ti/devices/cc13x2_cc26x2_v1/driverlib/bin/ccs/</path>
         <kind>archive</kind>
         <file>driverlib.lib</file>
         <name>flash.obj</name>
      </input_file>
      <input_file id="fl-15">
         <path>/home/ntuee/ti/simplelink_cc26x2_sdk_2_30_00_34/source/ti/devices/cc13x2_cc26x2_v1/driverlib/bin/ccs/</path>
         <kind>archive</kind>
         <file>driverlib.lib</file>
         <name>setup.obj</name>
      </input_file>
      <input_file id="fl-16">
         <path>/home/ntuee/ti/simplelink_cc26x2_sdk_2_30_00_34/source/ti/devices/cc13x2_cc26x2_v1/driverlib/bin/ccs/</path>
         <kind>archive</kind>
         <file>driverlib.lib</file>
         <name>setup_rom.obj</name>
      </input_file>
      <input_file id="fl-17">
         <path>/home/ntuee/ti/simplelink_cc26x2_sdk_2_30_00_34/source/ti/devices/cc13x2_cc26x2_v1/driverlib/bin/ccs/</path>
         <kind>archive</kind>
         <file>driverlib.lib</file>
         <name>aux_sysif.obj</name>
      </input_file>
      <input_file id="fl-18">
         <path>/home/ntuee/ti/simplelink_cc26x2_sdk_2_30_00_34/source/ti/devices/cc13x2_cc26x2_v1/driverlib/bin/ccs/</path>
         <kind>archive</kind>
         <file>driverlib.lib</file>
         <name>chipinfo.obj</name>
      </input_file>
      <input_file id="fl-d1">
         <path>/home/ntuee/ti/ccs910/ccs/tools/compiler/ti-cgt-arm_18.12.2.LTS/lib/</path>
         <kind>archive</kind>
         <file>rtsv7M4_T_le_v4SPD16_eabi.lib</file>
         <name>copy_zero_init.c.obj</name>
      </input_file>
      <input_file id="fl-d2">
         <path>/home/ntuee/ti/ccs910/ccs/tools/compiler/ti-cgt-arm_18.12.2.LTS/lib/</path>
         <kind>archive</kind>
         <file>rtsv7M4_T_le_v4SPD16_eabi.lib</file>
         <name>copy_decompress_none.c.obj</name>
      </input_file>
      <input_file id="fl-d3">
         <path>/home/ntuee/ti/ccs910/ccs/tools/compiler/ti-cgt-arm_18.12.2.LTS/lib/</path>
         <kind>archive</kind>
         <file>rtsv7M4_T_le_v4SPD16_eabi.lib</file>
         <name>copy_decompress_lzss.c.obj</name>
      </input_file>
      <input_file id="fl-d7">
         <path>/home/ntuee/ti/ccs910/ccs/tools/compiler/ti-cgt-arm_18.12.2.LTS/lib/</path>
         <kind>archive</kind>
         <file>rtsv7M4_T_le_v4SPD16_eabi.lib</file>
         <name>pre_init.c.obj</name>
      </input_file>
      <input_file id="fl-d8">
         <path>/home/ntuee/ti/ccs910/ccs/tools/compiler/ti-cgt-arm_18.12.2.LTS/lib/</path>
         <kind>archive</kind>
         <file>rtsv7M4_T_le_v4SPD16_eabi.lib</file>
         <name>cpy_tbl.c.obj</name>
      </input_file>
      <input_file id="fl-da">
         <path>/home/ntuee/ti/ccs910/ccs/tools/compiler/ti-cgt-arm_18.12.2.LTS/lib/</path>
         <kind>archive</kind>
         <file>rtsv7M4_T_le_v4SPD16_eabi.lib</file>
         <name>_lock.c.obj</name>
      </input_file>
      <input_file id="fl-dc">
         <path>/tmp/</path>
         <kind>object</kind>
         <file>TI1ngcNyPeJ</file>
         <name>TI1ngcNyPeJ</name>
      </input_file>
      <input_file id="fl-3">
         <path>./Application/</path>
         <kind>object</kind>
         <file>bim_util.obj</file>
         <name>bim_util.obj</name>
      </input_file>
      <input_file id="fl-7">
         <path>./Application/</path>
         <kind>object</kind>
         <file>led_debug.obj</file>
         <name>led_debug.obj</name>
      </input_file>
      <input_file id="fl-9">
         <path>./Application/</path>
         <kind>object</kind>
         <file>startup_ccs.obj</file>
         <name>startup_ccs.obj</name>
      </input_file>
      <input_file id="fl-e">
         <path>/home/ntuee/ti/simplelink_cc26x2_sdk_2_30_00_34/source/ti/ble5stack/rom/ble_rom_releases/cc26x2_pg1/Final_Release/</path>
         <kind>object</kind>
         <file>ble_rom.symbols</file>
         <name>ble_rom.symbols</name>
      </input_file>
      <input_file id="fl-12">
         <kind>object</kind>
         <file>&lt;internal&gt;</file>
         <name>&lt;internal&gt;</name>
      </input_file>
      <input_file id="fl-13">
         <path>/home/ntuee/ti/simplelink_cc26x2_sdk_2_30_00_34/source/ti/devices/cc13x2_cc26x2_v1/driverlib/bin/ccs/</path>
         <kind>archive</kind>
         <file>driverlib.lib</file>
         <name>cpu.obj</name>
      </input_file>
      <input_file id="fl-19">
         <path>/home/ntuee/ti/simplelink_cc26x2_sdk_2_30_00_34/source/ti/ble5stack/common/cc26xx/sha2/</path>
         <kind>archive</kind>
         <file>SHA2CC26XX.a</file>
         <name>SHA2CC26XX.o</name>
      </input_file>
      <input_file id="fl-1a">
         <path>/home/ntuee/ti/simplelink_cc26x2_sdk_2_30_00_34/source/ti/ble5stack/common/cc26xx/sha2/</path>
         <kind>archive</kind>
         <file>SHA2CC26XX.a</file>
         <name>sha256.o</name>
      </input_file>
      <input_file id="fl-d0">
         <path>/home/ntuee/ti/ccs910/ccs/tools/compiler/ti-cgt-arm_18.12.2.LTS/lib/</path>
         <kind>archive</kind>
         <file>rtsv7M4_T_le_v4SPD16_eabi.lib</file>
         <name>memset_t2.asm.obj</name>
      </input_file>
      <input_file id="fl-d4">
         <path>/home/ntuee/ti/ccs910/ccs/tools/compiler/ti-cgt-arm_18.12.2.LTS/lib/</path>
         <kind>archive</kind>
         <file>rtsv7M4_T_le_v4SPD16_eabi.lib</file>
         <name>boot_cortex_m.c.obj</name>
      </input_file>
      <input_file id="fl-d5">
         <path>/home/ntuee/ti/ccs910/ccs/tools/compiler/ti-cgt-arm_18.12.2.LTS/lib/</path>
         <kind>archive</kind>
         <file>rtsv7M4_T_le_v4SPD16_eabi.lib</file>
         <name>memcpy_t2.asm.obj</name>
      </input_file>
      <input_file id="fl-d6">
         <path>/home/ntuee/ti/ccs910/ccs/tools/compiler/ti-cgt-arm_18.12.2.LTS/lib/</path>
         <kind>archive</kind>
         <file>rtsv7M4_T_le_v4SPD16_eabi.lib</file>
         <name>autoinit.c.obj</name>
      </input_file>
      <input_file id="fl-d9">
         <path>/home/ntuee/ti/ccs910/ccs/tools/compiler/ti-cgt-arm_18.12.2.LTS/lib/</path>
         <kind>archive</kind>
         <file>rtsv7M4_T_le_v4SPD16_eabi.lib</file>
         <name>exit.c.obj</name>
      </input_file>
      <input_file id="fl-db">
         <path>/home/ntuee/ti/ccs910/ccs/tools/compiler/ti-cgt-arm_18.12.2.LTS/lib/</path>
         <kind>archive</kind>
         <file>rtsv7M4_T_le_v4SPD16_eabi.lib</file>
         <name>args_main.c.obj</name>
      </input_file>
   </input_file_list>
   <object_component_list>
      <object_component id="oc-18">
         <name>.intvecs</name>
         <load_address>0x56000</load_address>
         <run_address>0x56000</run_address>
         <size>0xd8</size>
         <input_file_ref idref="fl-9"/>
      </object_component>
      <object_component id="oc-5bb">
         <name>.text</name>
         <load_address>0x560d8</load_address>
         <run_address>0x560d8</run_address>
         <size>0x558</size>
         <input_file_ref idref="fl-1a"/>
      </object_component>
      <object_component id="oc-600">
         <name>.text:checkImagesExtFlash$0</name>
         <load_address>0x56630</load_address>
         <run_address>0x56630</run_address>
         <size>0x26c</size>
         <input_file_ref idref="fl-2"/>
      </object_component>
      <object_component id="oc-4ed">
         <name>.text:TrimAfterColdResetWakeupFromShutDown$8</name>
         <load_address>0x5689c</load_address>
         <run_address>0x5689c</run_address>
         <size>0x22c</size>
         <input_file_ref idref="fl-15"/>
      </object_component>
      <object_component id="oc-57c">
         <name>.text:bimVerifyImage_ecc</name>
         <load_address>0x56ac8</load_address>
         <run_address>0x56ac8</run_address>
         <size>0x11c</size>
         <input_file_ref idref="fl-8"/>
      </object_component>
      <object_component id="oc-7c4">
         <name>.tramp.ECDSA_verif.1</name>
         <load_address>0x56be4</load_address>
         <run_address>0x56be4</run_address>
         <size>0x8</size>
         <input_file_ref idref="fl-e"/>
      </object_component>
      <object_component id="oc-68b">
         <name>.text:CRC32_calc</name>
         <load_address>0x56bec</load_address>
         <run_address>0x56bec</run_address>
         <size>0x118</size>
         <input_file_ref idref="fl-5"/>
      </object_component>
      <object_component id="oc-667">
         <name>.text:extFlashOpen</name>
         <load_address>0x56d04</load_address>
         <run_address>0x56d04</run_address>
         <size>0x104</size>
         <input_file_ref idref="fl-a"/>
      </object_component>
      <object_component id="oc-49d">
         <name>.text:NOROM_SetupTrimDevice</name>
         <load_address>0x56e08</load_address>
         <run_address>0x56e08</run_address>
         <size>0xd8</size>
         <input_file_ref idref="fl-15"/>
      </object_component>
      <object_component id="oc-685">
         <name>.text:Bim_copyImage$0</name>
         <load_address>0x56ee0</load_address>
         <run_address>0x56ee0</run_address>
         <size>0xd0</size>
         <input_file_ref idref="fl-2"/>
      </object_component>
      <object_component id="oc-69d">
         <name>.text:computeSha2Hash</name>
         <load_address>0x56fb0</load_address>
         <run_address>0x56fb0</run_address>
         <size>0xcc</size>
         <input_file_ref idref="fl-8"/>
      </object_component>
      <object_component id="oc-4b0">
         <name>.text</name>
         <load_address>0x5707c</load_address>
         <run_address>0x5707c</run_address>
         <size>0x9c</size>
         <input_file_ref idref="fl-d5"/>
      </object_component>
      <object_component id="oc-598">
         <name>.text:NOROM_SetupStepVddrTrimTo</name>
         <load_address>0x57118</load_address>
         <run_address>0x57118</run_address>
         <size>0x88</size>
         <input_file_ref idref="fl-16"/>
      </object_component>
      <object_component id="oc-6a9">
         <name>.text:extFlashClose</name>
         <load_address>0x571a0</load_address>
         <run_address>0x571a0</run_address>
         <size>0x7c</size>
         <input_file_ref idref="fl-a"/>
      </object_component>
      <object_component id="oc-55b">
         <name>.text</name>
         <load_address>0x5721c</load_address>
         <run_address>0x5721c</run_address>
         <size>0x7a</size>
         <input_file_ref idref="fl-d0"/>
      </object_component>
      <object_component id="oc-48e">
         <name>.text:FaultISR</name>
         <load_address>0x57296</load_address>
         <run_address>0x57296</run_address>
         <size>0x2</size>
         <input_file_ref idref="fl-9"/>
      </object_component>
      <object_component id="oc-673">
         <name>.text:Bim_verifyImage$0</name>
         <load_address>0x57298</load_address>
         <run_address>0x57298</run_address>
         <size>0x74</size>
         <input_file_ref idref="fl-2"/>
      </object_component>
      <object_component id="oc-679">
         <name>.text:extFlashWrite</name>
         <load_address>0x5730c</load_address>
         <run_address>0x5730c</run_address>
         <size>0x6e</size>
         <input_file_ref idref="fl-a"/>
      </object_component>
      <object_component id="oc-4c7">
         <name>.text:Bim_payloadVerify</name>
         <load_address>0x5737a</load_address>
         <run_address>0x5737a</run_address>
         <size>0x6c</size>
         <input_file_ref idref="fl-2"/>
      </object_component>
      <object_component id="oc-606">
         <name>.text:checkImagesIntFlash$0</name>
         <load_address>0x573e6</load_address>
         <run_address>0x573e6</run_address>
         <size>0x6c</size>
         <input_file_ref idref="fl-2"/>
      </object_component>
      <object_component id="oc-60c">
         <name>.text:Bim_revertFactoryImage$0</name>
         <load_address>0x57452</load_address>
         <run_address>0x57452</run_address>
         <size>0x6a</size>
         <input_file_ref idref="fl-2"/>
      </object_component>
      <object_component id="oc-21">
         <name>.text:decompress:lzss:__TI_decompress_lzss</name>
         <load_address>0x574bc</load_address>
         <run_address>0x574bc</run_address>
         <size>0x68</size>
         <input_file_ref idref="fl-d3"/>
      </object_component>
      <object_component id="oc-709">
         <name>.text:extFlashVerifyPart$5</name>
         <load_address>0x57524</load_address>
         <run_address>0x57524</run_address>
         <size>0x68</size>
         <input_file_ref idref="fl-a"/>
      </object_component>
      <object_component id="oc-703">
         <name>.text:extFlashWaitReady$5</name>
         <load_address>0x5758c</load_address>
         <run_address>0x5758c</run_address>
         <size>0x60</size>
         <input_file_ref idref="fl-a"/>
      </object_component>
      <object_component id="oc-561">
         <name>.text</name>
         <load_address>0x575ec</load_address>
         <run_address>0x575ec</run_address>
         <size>0x54</size>
         <input_file_ref idref="fl-19"/>
      </object_component>
      <object_component id="oc-66d">
         <name>.text:extFlashRead</name>
         <load_address>0x57640</load_address>
         <run_address>0x57640</run_address>
         <size>0x50</size>
         <input_file_ref idref="fl-a"/>
      </object_component>
      <object_component id="oc-622">
         <name>.text:__TI_auto_init_nobinit_nopinit:__TI_auto_init_nobinit_nopinit</name>
         <load_address>0x57690</load_address>
         <run_address>0x57690</run_address>
         <size>0x44</size>
         <input_file_ref idref="fl-d6"/>
      </object_component>
      <object_component id="oc-710">
         <name>.text:bspSpiRead</name>
         <load_address>0x576d4</load_address>
         <run_address>0x576d4</run_address>
         <size>0x40</size>
         <input_file_ref idref="fl-b"/>
      </object_component>
      <object_component id="oc-6b5">
         <name>.text:isLastMetaData$0</name>
         <load_address>0x57714</load_address>
         <run_address>0x57714</run_address>
         <size>0x40</size>
         <input_file_ref idref="fl-2"/>
      </object_component>
      <object_component id="oc-720">
         <name>.text:disableCache$3</name>
         <load_address>0x57754</load_address>
         <run_address>0x57754</run_address>
         <size>0x38</size>
         <input_file_ref idref="fl-6"/>
      </object_component>
      <object_component id="oc-4ff">
         <name>.text:_c_int00_noargs:_c_int00_noargs</name>
         <load_address>0x5778c</load_address>
         <run_address>0x5778c</run_address>
         <size>0x34</size>
         <input_file_ref idref="fl-d4"/>
      </object_component>
      <object_component id="oc-67f">
         <name>.text:Bim_findImageStartAddr$0</name>
         <load_address>0x577c0</load_address>
         <run_address>0x577c0</run_address>
         <size>0x32</size>
         <input_file_ref idref="fl-2"/>
      </object_component>
      <object_component id="oc-494">
         <name>.text:IntDefaultHandler</name>
         <load_address>0x577f2</load_address>
         <run_address>0x577f2</run_address>
         <size>0x2</size>
         <input_file_ref idref="fl-9"/>
      </object_component>
      <object_component id="oc-6fd">
         <name>.text:bspSpiWrite</name>
         <load_address>0x577f4</load_address>
         <run_address>0x577f4</run_address>
         <size>0x30</size>
         <input_file_ref idref="fl-b"/>
      </object_component>
      <object_component id="oc-6c1">
         <name>.text:readFlash</name>
         <load_address>0x57824</load_address>
         <run_address>0x57824</run_address>
         <size>0x2e</size>
         <input_file_ref idref="fl-6"/>
      </object_component>
      <object_component id="oc-488">
         <name>.text:NmiSR</name>
         <load_address>0x57852</load_address>
         <run_address>0x57852</run_address>
         <size>0x2</size>
         <input_file_ref idref="fl-9"/>
      </object_component>
      <object_component id="oc-718">
         <name>.text:extFlashWriteEnable$5</name>
         <load_address>0x57854</load_address>
         <run_address>0x57854</run_address>
         <size>0x2c</size>
         <input_file_ref idref="fl-a"/>
      </object_component>
      <object_component id="oc-6a3">
         <name>.text:writeFlash</name>
         <load_address>0x57880</load_address>
         <run_address>0x57880</run_address>
         <size>0x2a</size>
         <input_file_ref idref="fl-6"/>
      </object_component>
      <object_component id="oc-6c7">
         <name>.text:imgIDCheck</name>
         <load_address>0x578ac</load_address>
         <run_address>0x578ac</run_address>
         <size>0x28</size>
         <input_file_ref idref="fl-3"/>
      </object_component>
      <object_component id="oc-5a8">
         <name>.text:main</name>
         <load_address>0x578d4</load_address>
         <run_address>0x578d4</run_address>
         <size>0x28</size>
         <input_file_ref idref="fl-2"/>
      </object_component>
      <object_component id="oc-73e">
         <name>.text:metadataIDCheck</name>
         <load_address>0x578fc</load_address>
         <run_address>0x578fc</run_address>
         <size>0x24</size>
         <input_file_ref idref="fl-3"/>
      </object_component>
      <object_component id="oc-576">
         <name>.text:verifyCertElement</name>
         <load_address>0x57920</load_address>
         <run_address>0x57920</run_address>
         <size>0x24</size>
         <input_file_ref idref="fl-8"/>
      </object_component>
      <object_component id="oc-691">
         <name>.text:writeFlashPg</name>
         <load_address>0x57944</load_address>
         <run_address>0x57944</run_address>
         <size>0x20</size>
         <input_file_ref idref="fl-6"/>
      </object_component>
      <object_component id="oc-4e7">
         <name>.text:NOROM_ChipInfo_GetChipFamily</name>
         <load_address>0x57964</load_address>
         <run_address>0x57964</run_address>
         <size>0x1c</size>
         <input_file_ref idref="fl-18"/>
      </object_component>
      <object_component id="oc-72f">
         <name>.text:NOROM_FlashProgram</name>
         <load_address>0x57980</load_address>
         <run_address>0x57980</run_address>
         <size>0x1c</size>
         <input_file_ref idref="fl-14"/>
      </object_component>
      <object_component id="oc-4b9">
         <name>.text:decompress:ZI:__TI_zero_init_nomemset:__TI_zero_init_nomemset</name>
         <load_address>0x5799c</load_address>
         <run_address>0x5799c</run_address>
         <size>0x1c</size>
         <input_file_ref idref="fl-d1"/>
      </object_component>
      <object_component id="oc-726">
         <name>.text:enableCache$3</name>
         <load_address>0x579b8</load_address>
         <run_address>0x579b8</run_address>
         <size>0x1c</size>
         <input_file_ref idref="fl-6"/>
      </object_component>
      <object_component id="oc-697">
         <name>.text:CRC32_memCpy</name>
         <load_address>0x579d4</load_address>
         <run_address>0x579d4</run_address>
         <size>0x14</size>
         <input_file_ref idref="fl-5"/>
      </object_component>
      <object_component id="oc-5ed">
         <name>.text:reverseOrder$4</name>
         <load_address>0x579e8</load_address>
         <run_address>0x579e8</run_address>
         <size>0x14</size>
         <input_file_ref idref="fl-8"/>
      </object_component>
      <object_component id="oc-5f3">
         <name>.text:copyBytes$4</name>
         <load_address>0x579fc</load_address>
         <run_address>0x579fc</run_address>
         <size>0x12</size>
         <input_file_ref idref="fl-8"/>
      </object_component>
      <object_component id="oc-1b">
         <name>.text:ResetISR</name>
         <load_address>0x57a0e</load_address>
         <run_address>0x57a0e</run_address>
         <size>0x10</size>
         <input_file_ref idref="fl-9"/>
      </object_component>
      <object_component id="oc-6f1">
         <name>.text:extFlashDeselect$5</name>
         <load_address>0x57a20</load_address>
         <run_address>0x57a20</run_address>
         <size>0x10</size>
         <input_file_ref idref="fl-a"/>
      </object_component>
      <object_component id="oc-6f7">
         <name>.text:extFlashSelect$5</name>
         <load_address>0x57a30</load_address>
         <run_address>0x57a30</run_address>
         <size>0x10</size>
         <input_file_ref idref="fl-a"/>
      </object_component>
      <object_component id="oc-27">
         <name>.text:decompress:none:__TI_decompress_none</name>
         <load_address>0x57a40</load_address>
         <run_address>0x57a40</run_address>
         <size>0xe</size>
         <input_file_ref idref="fl-d2"/>
      </object_component>
      <object_component id="oc-745">
         <name>.text:NOROM_CPUcpsid</name>
         <load_address>0x57a4e</load_address>
         <run_address>0x57a4e</run_address>
         <size>0xc</size>
         <input_file_ref idref="fl-13"/>
      </object_component>
      <object_component id="oc-74b">
         <name>.text:NOROM_CPUcpsie</name>
         <load_address>0x57a5a</load_address>
         <run_address>0x57a5a</run_address>
         <size>0xc</size>
         <input_file_ref idref="fl-13"/>
      </object_component>
      <object_component id="oc-6af">
         <name>.text:jumpToPrgEntry</name>
         <load_address>0x57a66</load_address>
         <run_address>0x57a66</run_address>
         <size>0xc</size>
         <input_file_ref idref="fl-3"/>
      </object_component>
      <object_component id="oc-5a2">
         <name>.text:_system_pre_init</name>
         <load_address>0x57a72</load_address>
         <run_address>0x57a72</run_address>
         <size>0x4</size>
         <input_file_ref idref="fl-d7"/>
      </object_component>
      <object_component id="oc-616">
         <name>.text:abort:abort</name>
         <load_address>0x57a76</load_address>
         <run_address>0x57a76</run_address>
         <size>0x4</size>
         <input_file_ref idref="fl-d9"/>
      </object_component>
      <object_component id="oc-772">
         <name>.const:$O3$$</name>
         <load_address>0x57a7c</load_address>
         <run_address>0x57a7c</run_address>
         <size>0x30</size>
         <input_file_ref idref="fl-a"/>
      </object_component>
      <object_component id="oc-757">
         <name>.const:$O1$$</name>
         <load_address>0x57aac</load_address>
         <run_address>0x57aac</run_address>
         <size>0x10</size>
         <input_file_ref idref="fl-3"/>
      </object_component>
      <object_component id="oc-59e">
         <name>.const:$O4$$</name>
         <load_address>0x57abc</load_address>
         <run_address>0x57abc</run_address>
         <size>0x8</size>
         <input_file_ref idref="fl-17"/>
      </object_component>
      <object_component id="oc-7bf">
         <name>__TI_handler_table</name>
         <load_address>0x57ac8</load_address>
         <run_address>0x57ac8</run_address>
         <size>0xc</size>
      </object_component>
      <object_component id="oc-7c1">
         <name>.cinit..data.load</name>
         <load_address>0x57ad4</load_address>
         <run_address>0x57ad4</run_address>
         <size>0x9</size>
      </object_component>
      <object_component id="oc-7c2">
         <name>.cinit..bss.load</name>
         <load_address>0x57ae0</load_address>
         <run_address>0x57ae0</run_address>
         <size>0x8</size>
      </object_component>
      <object_component id="oc-7c0">
         <name>__TI_cinit_table</name>
         <load_address>0x57ae8</load_address>
         <run_address>0x57ae8</run_address>
         <size>0x10</size>
      </object_component>
      <object_component id="oc-47c">
         <name>.cert_element:retain</name>
         <load_address>0x57f54</load_address>
         <run_address>0x57f54</run_address>
         <size>0x4c</size>
         <input_file_ref idref="fl-2"/>
      </object_component>
      <object_component id="oc-47f">
         <name>.fnPtr:retain</name>
         <load_address>0x57fa0</load_address>
         <run_address>0x57fa0</run_address>
         <size>0x4</size>
         <input_file_ref idref="fl-2"/>
      </object_component>
      <object_component id="oc-482">
         <name>.ccfg:retain</name>
         <load_address>0x57fa8</load_address>
         <run_address>0x57fa8</run_address>
         <size>0x58</size>
         <input_file_ref idref="fl-4"/>
      </object_component>
      <object_component id="oc-737">
         <name>.data:finalHash</name>
         <load_address>0x20002488</load_address>
         <run_address>0x20002488</run_address>
         <size>0x20</size>
         <input_file_ref idref="fl-8"/>
      </object_component>
      <object_component id="oc-612">
         <name>.data:$O1$$</name>
         <load_address>0x20000000</load_address>
         <run_address>0x20000000</run_address>
         <size>0x2488</size>
         <input_file_ref idref="fl-2"/>
      </object_component>
      <object_component id="oc-776">
         <name>.data:$O2$$</name>
         <load_address>0x200024a8</load_address>
         <run_address>0x200024a8</run_address>
         <size>0x8</size>
         <input_file_ref idref="fl-a"/>
      </object_component>
      <object_component id="oc-72d">
         <name>.common:crcBuf</name>
         <uninitialized>true</uninitialized>
         <run_address>0x200024b0</run_address>
         <size>0x100</size>
      </object_component>
      <object_component id="oc-485">
         <name>.stack</name>
         <uninitialized>true</uninitialized>
         <run_address>0x20013c00</run_address>
         <size>0x4</size>
         <input_file_ref idref="fl-d4"/>
      </object_component>
      <object_component id="oc-7c3">
         <name>.stack</name>
         <uninitialized>true</uninitialized>
         <run_address>0x20013c00</run_address>
         <size>0x0</size>
      </object_component>
      <object_component id="oc-5fa">
         <name>.debug_info</name>
         <load_address>0x0</load_address>
         <run_address>0x0</run_address>
         <size>0x4a1</size>
         <input_file_ref idref="fl-3"/>
      </object_component>
      <object_component id="oc-758">
         <name>.debug_info</name>
         <load_address>0x4a1</load_address>
         <run_address>0x4a1</run_address>
         <size>0x16d</size>
         <input_file_ref idref="fl-3"/>
      </object_component>
      <object_component id="oc-73f">
         <name>.debug_info</name>
         <load_address>0x60e</load_address>
         <run_address>0x60e</run_address>
         <size>0x23e</size>
         <input_file_ref idref="fl-3"/>
      </object_component>
      <object_component id="oc-6b0">
         <name>.debug_info</name>
         <load_address>0x84c</load_address>
         <run_address>0x84c</run_address>
         <size>0x249</size>
         <input_file_ref idref="fl-3"/>
      </object_component>
      <object_component id="oc-6c8">
         <name>.debug_info</name>
         <load_address>0xa95</load_address>
         <run_address>0xa95</run_address>
         <size>0x234</size>
         <input_file_ref idref="fl-3"/>
      </object_component>
      <object_component id="oc-583">
         <name>.debug_info</name>
         <load_address>0xcc9</load_address>
         <run_address>0xcc9</run_address>
         <size>0x297</size>
         <input_file_ref idref="fl-3"/>
      </object_component>
      <object_component id="oc-4dd">
         <name>.debug_info</name>
         <load_address>0xf60</load_address>
         <run_address>0xf60</run_address>
         <size>0xbb</size>
         <input_file_ref idref="fl-3"/>
      </object_component>
      <object_component id="oc-49c">
         <name>.debug_info</name>
         <load_address>0x101b</load_address>
         <run_address>0x101b</run_address>
         <size>0x405</size>
         <input_file_ref idref="fl-9"/>
      </object_component>
      <object_component id="oc-19">
         <name>.debug_info</name>
         <load_address>0x1420</load_address>
         <run_address>0x1420</run_address>
         <size>0x160</size>
         <input_file_ref idref="fl-9"/>
      </object_component>
      <object_component id="oc-48f">
         <name>.debug_info</name>
         <load_address>0x1580</load_address>
         <run_address>0x1580</run_address>
         <size>0x240</size>
         <input_file_ref idref="fl-9"/>
      </object_component>
      <object_component id="oc-1c">
         <name>.debug_info</name>
         <load_address>0x17c0</load_address>
         <run_address>0x17c0</run_address>
         <size>0x277</size>
         <input_file_ref idref="fl-9"/>
      </object_component>
      <object_component id="oc-489">
         <name>.debug_info</name>
         <load_address>0x1a37</load_address>
         <run_address>0x1a37</run_address>
         <size>0x23a</size>
         <input_file_ref idref="fl-9"/>
      </object_component>
      <object_component id="oc-495">
         <name>.debug_info</name>
         <load_address>0x1c71</load_address>
         <run_address>0x1c71</run_address>
         <size>0x252</size>
         <input_file_ref idref="fl-9"/>
      </object_component>
      <object_component id="oc-4d3">
         <name>.debug_info</name>
         <load_address>0x1ec3</load_address>
         <run_address>0x1ec3</run_address>
         <size>0x84</size>
         <input_file_ref idref="fl-9"/>
      </object_component>
      <object_component id="oc-74d">
         <name>.debug_info</name>
         <load_address>0x1f47</load_address>
         <run_address>0x1f47</run_address>
         <size>0x16a</size>
         <input_file_ref idref="fl-13"/>
      </object_component>
      <object_component id="oc-747">
         <name>.debug_info</name>
         <load_address>0x20b1</load_address>
         <run_address>0x20b1</run_address>
         <size>0x16a</size>
         <input_file_ref idref="fl-13"/>
      </object_component>
      <object_component id="oc-5e7">
         <name>.debug_info</name>
         <load_address>0x221b</load_address>
         <run_address>0x221b</run_address>
         <size>0x130</size>
         <input_file_ref idref="fl-19"/>
      </object_component>
      <object_component id="oc-564">
         <name>.debug_info</name>
         <load_address>0x234b</load_address>
         <run_address>0x234b</run_address>
         <size>0x10e</size>
         <input_file_ref idref="fl-19"/>
      </object_component>
      <object_component id="oc-569">
         <name>.debug_info</name>
         <load_address>0x2459</load_address>
         <run_address>0x2459</run_address>
         <size>0xcf</size>
         <input_file_ref idref="fl-19"/>
      </object_component>
      <object_component id="oc-56e">
         <name>.debug_info</name>
         <load_address>0x2528</load_address>
         <run_address>0x2528</run_address>
         <size>0xf0</size>
         <input_file_ref idref="fl-19"/>
      </object_component>
      <object_component id="oc-573">
         <name>.debug_info</name>
         <load_address>0x2618</load_address>
         <run_address>0x2618</run_address>
         <size>0xde</size>
         <input_file_ref idref="fl-19"/>
      </object_component>
      <object_component id="oc-655">
         <name>.debug_info</name>
         <load_address>0x26f6</load_address>
         <run_address>0x26f6</run_address>
         <size>0x1a4</size>
         <input_file_ref idref="fl-1a"/>
      </object_component>
      <object_component id="oc-5bc">
         <name>.debug_info</name>
         <load_address>0x289a</load_address>
         <run_address>0x289a</run_address>
         <size>0xa1</size>
         <input_file_ref idref="fl-1a"/>
      </object_component>
      <object_component id="oc-5bd">
         <name>.debug_info</name>
         <load_address>0x293b</load_address>
         <run_address>0x293b</run_address>
         <size>0xa3</size>
         <input_file_ref idref="fl-1a"/>
      </object_component>
      <object_component id="oc-5c0">
         <name>.debug_info</name>
         <load_address>0x29de</load_address>
         <run_address>0x29de</run_address>
         <size>0xee</size>
         <input_file_ref idref="fl-1a"/>
      </object_component>
      <object_component id="oc-5c5">
         <name>.debug_info</name>
         <load_address>0x2acc</load_address>
         <run_address>0x2acc</run_address>
         <size>0x128</size>
         <input_file_ref idref="fl-1a"/>
      </object_component>
      <object_component id="oc-5ca">
         <name>.debug_info</name>
         <load_address>0x2bf4</load_address>
         <run_address>0x2bf4</run_address>
         <size>0x12d</size>
         <input_file_ref idref="fl-1a"/>
      </object_component>
      <object_component id="oc-5cf">
         <name>.debug_info</name>
         <load_address>0x2d21</load_address>
         <run_address>0x2d21</run_address>
         <size>0x17a</size>
         <input_file_ref idref="fl-1a"/>
      </object_component>
      <object_component id="oc-5d4">
         <name>.debug_info</name>
         <load_address>0x2e9b</load_address>
         <run_address>0x2e9b</run_address>
         <size>0xdf</size>
         <input_file_ref idref="fl-1a"/>
      </object_component>
      <object_component id="oc-5d9">
         <name>.debug_info</name>
         <load_address>0x2f7a</load_address>
         <run_address>0x2f7a</run_address>
         <size>0x147</size>
         <input_file_ref idref="fl-1a"/>
      </object_component>
      <object_component id="oc-5de">
         <name>.debug_info</name>
         <load_address>0x30c1</load_address>
         <run_address>0x30c1</run_address>
         <size>0x134</size>
         <input_file_ref idref="fl-1a"/>
      </object_component>
      <object_component id="oc-5e3">
         <name>.debug_info</name>
         <load_address>0x31f5</load_address>
         <run_address>0x31f5</run_address>
         <size>0x12e</size>
         <input_file_ref idref="fl-1a"/>
      </object_component>
      <object_component id="oc-65b">
         <name>.debug_info</name>
         <load_address>0x3323</load_address>
         <run_address>0x3323</run_address>
         <size>0xfd</size>
         <input_file_ref idref="fl-1a"/>
      </object_component>
      <object_component id="oc-55c">
         <name>.debug_info</name>
         <load_address>0x3420</load_address>
         <run_address>0x3420</run_address>
         <size>0x148</size>
         <input_file_ref idref="fl-d0"/>
      </object_component>
      <object_component id="oc-486">
         <name>.debug_info</name>
         <load_address>0x3568</load_address>
         <run_address>0x3568</run_address>
         <size>0x10c</size>
         <input_file_ref idref="fl-d4"/>
      </object_component>
      <object_component id="oc-500">
         <name>.debug_info</name>
         <load_address>0x3674</load_address>
         <run_address>0x3674</run_address>
         <size>0x1aa</size>
         <input_file_ref idref="fl-d4"/>
      </object_component>
      <object_component id="oc-4b1">
         <name>.debug_info</name>
         <load_address>0x381e</load_address>
         <run_address>0x381e</run_address>
         <size>0x11a</size>
         <input_file_ref idref="fl-d5"/>
      </object_component>
      <object_component id="oc-6dc">
         <name>.debug_info</name>
         <load_address>0x3938</load_address>
         <run_address>0x3938</run_address>
         <size>0x4b4</size>
         <input_file_ref idref="fl-d6"/>
      </object_component>
      <object_component id="oc-623">
         <name>.debug_info</name>
         <load_address>0x3dec</load_address>
         <run_address>0x3dec</run_address>
         <size>0x1a7</size>
         <input_file_ref idref="fl-d6"/>
      </object_component>
      <object_component id="oc-769">
         <name>.debug_info</name>
         <load_address>0x3f93</load_address>
         <run_address>0x3f93</run_address>
         <size>0x39</size>
         <input_file_ref idref="fl-d6"/>
      </object_component>
      <object_component id="oc-617">
         <name>.debug_info</name>
         <load_address>0x3fcc</load_address>
         <run_address>0x3fcc</run_address>
         <size>0x123</size>
         <input_file_ref idref="fl-d9"/>
      </object_component>
      <object_component id="oc-4b6">
         <name>.debug_info</name>
         <load_address>0x40ef</load_address>
         <run_address>0x40ef</run_address>
         <size>0xed3</size>
         <input_file_ref idref="fl-dc"/>
      </object_component>
      <object_component id="oc-47d">
         <name>.debug_info</name>
         <load_address>0x4fc2</load_address>
         <run_address>0x4fc2</run_address>
         <size>0xfd</size>
         <input_file_ref idref="fl-dc"/>
      </object_component>
      <object_component id="oc-480">
         <name>.debug_info</name>
         <load_address>0x50bf</load_address>
         <run_address>0x50bf</run_address>
         <size>0xe5</size>
         <input_file_ref idref="fl-dc"/>
      </object_component>
      <object_component id="oc-483">
         <name>.debug_info</name>
         <load_address>0x51a4</load_address>
         <run_address>0x51a4</run_address>
         <size>0xe6</size>
         <input_file_ref idref="fl-dc"/>
      </object_component>
      <object_component id="oc-738">
         <name>.debug_info</name>
         <load_address>0x528a</load_address>
         <run_address>0x528a</run_address>
         <size>0xeb</size>
         <input_file_ref idref="fl-dc"/>
      </object_component>
      <object_component id="oc-613">
         <name>.debug_info</name>
         <load_address>0x5375</load_address>
         <run_address>0x5375</run_address>
         <size>0x161</size>
         <input_file_ref idref="fl-dc"/>
      </object_component>
      <object_component id="oc-777">
         <name>.debug_info</name>
         <load_address>0x54d6</load_address>
         <run_address>0x54d6</run_address>
         <size>0x10e</size>
         <input_file_ref idref="fl-dc"/>
      </object_component>
      <object_component id="oc-773">
         <name>.debug_info</name>
         <load_address>0x55e4</load_address>
         <run_address>0x55e4</run_address>
         <size>0x155</size>
         <input_file_ref idref="fl-dc"/>
      </object_component>
      <object_component id="oc-59f">
         <name>.debug_info</name>
         <load_address>0x5739</load_address>
         <run_address>0x5739</run_address>
         <size>0x132</size>
         <input_file_ref idref="fl-dc"/>
      </object_component>
      <object_component id="oc-577">
         <name>.debug_info</name>
         <load_address>0x586b</load_address>
         <run_address>0x586b</run_address>
         <size>0x224</size>
         <input_file_ref idref="fl-dc"/>
      </object_component>
      <object_component id="oc-5ee">
         <name>.debug_info</name>
         <load_address>0x5a8f</load_address>
         <run_address>0x5a8f</run_address>
         <size>0x20d</size>
         <input_file_ref idref="fl-dc"/>
      </object_component>
      <object_component id="oc-5f4">
         <name>.debug_info</name>
         <load_address>0x5c9c</load_address>
         <run_address>0x5c9c</run_address>
         <size>0x1e8</size>
         <input_file_ref idref="fl-dc"/>
      </object_component>
      <object_component id="oc-57d">
         <name>.debug_info</name>
         <load_address>0x5e84</load_address>
         <run_address>0x5e84</run_address>
         <size>0x433</size>
         <input_file_ref idref="fl-dc"/>
      </object_component>
      <object_component id="oc-4c8">
         <name>.debug_info</name>
         <load_address>0x62b7</load_address>
         <run_address>0x62b7</run_address>
         <size>0x419</size>
         <input_file_ref idref="fl-dc"/>
      </object_component>
      <object_component id="oc-6f2">
         <name>.debug_info</name>
         <load_address>0x66d0</load_address>
         <run_address>0x66d0</run_address>
         <size>0x212</size>
         <input_file_ref idref="fl-dc"/>
      </object_component>
      <object_component id="oc-6f8">
         <name>.debug_info</name>
         <load_address>0x68e2</load_address>
         <run_address>0x68e2</run_address>
         <size>0x20e</size>
         <input_file_ref idref="fl-dc"/>
      </object_component>
      <object_component id="oc-6fe">
         <name>.debug_info</name>
         <load_address>0x6af0</load_address>
         <run_address>0x6af0</run_address>
         <size>0x25f</size>
         <input_file_ref idref="fl-dc"/>
      </object_component>
      <object_component id="oc-711">
         <name>.debug_info</name>
         <load_address>0x6d4f</load_address>
         <run_address>0x6d4f</run_address>
         <size>0x25d</size>
         <input_file_ref idref="fl-dc"/>
      </object_component>
      <object_component id="oc-704">
         <name>.debug_info</name>
         <load_address>0x6fac</load_address>
         <run_address>0x6fac</run_address>
         <size>0x2e4</size>
         <input_file_ref idref="fl-dc"/>
      </object_component>
      <object_component id="oc-70a">
         <name>.debug_info</name>
         <load_address>0x7290</load_address>
         <run_address>0x7290</run_address>
         <size>0x2b0</size>
         <input_file_ref idref="fl-dc"/>
      </object_component>
      <object_component id="oc-6aa">
         <name>.debug_info</name>
         <load_address>0x7540</load_address>
         <run_address>0x7540</run_address>
         <size>0x297</size>
         <input_file_ref idref="fl-dc"/>
      </object_component>
      <object_component id="oc-668">
         <name>.debug_info</name>
         <load_address>0x77d7</load_address>
         <run_address>0x77d7</run_address>
         <size>0x339</size>
         <input_file_ref idref="fl-dc"/>
      </object_component>
      <object_component id="oc-66e">
         <name>.debug_info</name>
         <load_address>0x7b10</load_address>
         <run_address>0x7b10</run_address>
         <size>0x32f</size>
         <input_file_ref idref="fl-dc"/>
      </object_component>
      <object_component id="oc-6b6">
         <name>.debug_info</name>
         <load_address>0x7e3f</load_address>
         <run_address>0x7e3f</run_address>
         <size>0x28b</size>
         <input_file_ref idref="fl-dc"/>
      </object_component>
      <object_component id="oc-698">
         <name>.debug_info</name>
         <load_address>0x80ca</load_address>
         <run_address>0x80ca</run_address>
         <size>0x211</size>
         <input_file_ref idref="fl-dc"/>
      </object_component>
      <object_component id="oc-69e">
         <name>.debug_info</name>
         <load_address>0x82db</load_address>
         <run_address>0x82db</run_address>
         <size>0x3a3</size>
         <input_file_ref idref="fl-dc"/>
      </object_component>
      <object_component id="oc-674">
         <name>.debug_info</name>
         <load_address>0x867e</load_address>
         <run_address>0x867e</run_address>
         <size>0x330</size>
         <input_file_ref idref="fl-dc"/>
      </object_component>
      <object_component id="oc-719">
         <name>.debug_info</name>
         <load_address>0x89ae</load_address>
         <run_address>0x89ae</run_address>
         <size>0x282</size>
         <input_file_ref idref="fl-dc"/>
      </object_component>
      <object_component id="oc-67a">
         <name>.debug_info</name>
         <load_address>0x8c30</load_address>
         <run_address>0x8c30</run_address>
         <size>0x33b</size>
         <input_file_ref idref="fl-dc"/>
      </object_component>
      <object_component id="oc-680">
         <name>.debug_info</name>
         <load_address>0x8f6b</load_address>
         <run_address>0x8f6b</run_address>
         <size>0x2be</size>
         <input_file_ref idref="fl-dc"/>
      </object_component>
      <object_component id="oc-721">
         <name>.debug_info</name>
         <load_address>0x9229</load_address>
         <run_address>0x9229</run_address>
         <size>0x22f</size>
         <input_file_ref idref="fl-dc"/>
      </object_component>
      <object_component id="oc-727">
         <name>.debug_info</name>
         <load_address>0x9458</load_address>
         <run_address>0x9458</run_address>
         <size>0x22e</size>
         <input_file_ref idref="fl-dc"/>
      </object_component>
      <object_component id="oc-730">
         <name>.debug_info</name>
         <load_address>0x9686</load_address>
         <run_address>0x9686</run_address>
         <size>0x1ba</size>
         <input_file_ref idref="fl-dc"/>
      </object_component>
      <object_component id="oc-6a4">
         <name>.debug_info</name>
         <load_address>0x9840</load_address>
         <run_address>0x9840</run_address>
         <size>0x2db</size>
         <input_file_ref idref="fl-dc"/>
      </object_component>
      <object_component id="oc-686">
         <name>.debug_info</name>
         <load_address>0x9b1b</load_address>
         <run_address>0x9b1b</run_address>
         <size>0x3a2</size>
         <input_file_ref idref="fl-dc"/>
      </object_component>
      <object_component id="oc-68c">
         <name>.debug_info</name>
         <load_address>0x9ebd</load_address>
         <run_address>0x9ebd</run_address>
         <size>0x328</size>
         <input_file_ref idref="fl-dc"/>
      </object_component>
      <object_component id="oc-692">
         <name>.debug_info</name>
         <load_address>0xa1e5</load_address>
         <run_address>0xa1e5</run_address>
         <size>0x2a6</size>
         <input_file_ref idref="fl-dc"/>
      </object_component>
      <object_component id="oc-601">
         <name>.debug_info</name>
         <load_address>0xa48b</load_address>
         <run_address>0xa48b</run_address>
         <size>0x673</size>
         <input_file_ref idref="fl-dc"/>
      </object_component>
      <object_component id="oc-6c2">
         <name>.debug_info</name>
         <load_address>0xaafe</load_address>
         <run_address>0xaafe</run_address>
         <size>0x294</size>
         <input_file_ref idref="fl-dc"/>
      </object_component>
      <object_component id="oc-607">
         <name>.debug_info</name>
         <load_address>0xad92</load_address>
         <run_address>0xad92</run_address>
         <size>0x280</size>
         <input_file_ref idref="fl-dc"/>
      </object_component>
      <object_component id="oc-60d">
         <name>.debug_info</name>
         <load_address>0xb012</load_address>
         <run_address>0xb012</run_address>
         <size>0x332</size>
         <input_file_ref idref="fl-dc"/>
      </object_component>
      <object_component id="oc-5a9">
         <name>.debug_info</name>
         <load_address>0xb344</load_address>
         <run_address>0xb344</run_address>
         <size>0x26e</size>
         <input_file_ref idref="fl-dc"/>
      </object_component>
      <object_component id="oc-5a3">
         <name>.debug_info</name>
         <load_address>0xb5b2</load_address>
         <run_address>0xb5b2</run_address>
         <size>0x129</size>
         <input_file_ref idref="fl-dc"/>
      </object_component>
      <object_component id="oc-4ba">
         <name>.debug_info</name>
         <load_address>0xb6db</load_address>
         <run_address>0xb6db</run_address>
         <size>0x1a2</size>
         <input_file_ref idref="fl-dc"/>
      </object_component>
      <object_component id="oc-28">
         <name>.debug_info</name>
         <load_address>0xb87d</load_address>
         <run_address>0xb87d</run_address>
         <size>0x1b4</size>
         <input_file_ref idref="fl-dc"/>
      </object_component>
      <object_component id="oc-22">
         <name>.debug_info</name>
         <load_address>0xba31</load_address>
         <run_address>0xba31</run_address>
         <size>0x21a</size>
         <input_file_ref idref="fl-dc"/>
      </object_component>
      <object_component id="oc-4e8">
         <name>.debug_info</name>
         <load_address>0xbc4b</load_address>
         <run_address>0xbc4b</run_address>
         <size>0x182</size>
         <input_file_ref idref="fl-dc"/>
      </object_component>
      <object_component id="oc-599">
         <name>.debug_info</name>
         <load_address>0xbdcd</load_address>
         <run_address>0xbdcd</run_address>
         <size>0x26d</size>
         <input_file_ref idref="fl-dc"/>
      </object_component>
      <object_component id="oc-4ee">
         <name>.debug_info</name>
         <load_address>0xc03a</load_address>
         <run_address>0xc03a</run_address>
         <size>0x411</size>
         <input_file_ref idref="fl-dc"/>
      </object_component>
      <object_component id="oc-49e">
         <name>.debug_info</name>
         <load_address>0xc44b</load_address>
         <run_address>0xc44b</run_address>
         <size>0x29e</size>
         <input_file_ref idref="fl-dc"/>
      </object_component>
      <object_component id="oc-593">
         <name>.debug_info</name>
         <load_address>0xc6e9</load_address>
         <run_address>0xc6e9</run_address>
         <size>0x227</size>
         <input_file_ref idref="fl-dc"/>
      </object_component>
      <object_component id="oc-519">
         <name>.debug_info</name>
         <load_address>0xc910</load_address>
         <run_address>0xc910</run_address>
         <size>0x4fb</size>
         <input_file_ref idref="fl-dc"/>
      </object_component>
      <object_component id="oc-51e">
         <name>.debug_info</name>
         <load_address>0xce0b</load_address>
         <run_address>0xce0b</run_address>
         <size>0x72</size>
         <input_file_ref idref="fl-dc"/>
      </object_component>
      <object_component id="oc-523">
         <name>.debug_info</name>
         <load_address>0xce7d</load_address>
         <run_address>0xce7d</run_address>
         <size>0x22a</size>
         <input_file_ref idref="fl-dc"/>
      </object_component>
      <object_component id="oc-6bc">
         <name>.debug_info</name>
         <load_address>0xd0a7</load_address>
         <run_address>0xd0a7</run_address>
         <size>0x72</size>
         <input_file_ref idref="fl-dc"/>
      </object_component>
      <object_component id="oc-4e2">
         <name>.debug_info</name>
         <load_address>0xd119</load_address>
         <run_address>0xd119</run_address>
         <size>0x26b</size>
         <input_file_ref idref="fl-dc"/>
      </object_component>
      <object_component id="oc-528">
         <name>.debug_info</name>
         <load_address>0xd384</load_address>
         <run_address>0xd384</run_address>
         <size>0x72</size>
         <input_file_ref idref="fl-dc"/>
      </object_component>
      <object_component id="oc-52d">
         <name>.debug_info</name>
         <load_address>0xd3f6</load_address>
         <run_address>0xd3f6</run_address>
         <size>0x1ee</size>
         <input_file_ref idref="fl-dc"/>
      </object_component>
      <object_component id="oc-4ab">
         <name>.debug_info</name>
         <load_address>0xd5e4</load_address>
         <run_address>0xd5e4</run_address>
         <size>0x8b</size>
         <input_file_ref idref="fl-dc"/>
      </object_component>
      <object_component id="oc-541">
         <name>.debug_info</name>
         <load_address>0xd66f</load_address>
         <run_address>0xd66f</run_address>
         <size>0x2c</size>
         <input_file_ref idref="fl-dc"/>
      </object_component>
      <object_component id="oc-588">
         <name>.debug_info</name>
         <load_address>0xd69b</load_address>
         <run_address>0xd69b</run_address>
         <size>0x263</size>
         <input_file_ref idref="fl-dc"/>
      </object_component>
      <object_component id="oc-546">
         <name>.debug_info</name>
         <load_address>0xd8fe</load_address>
         <run_address>0xd8fe</run_address>
         <size>0xd5</size>
         <input_file_ref idref="fl-dc"/>
      </object_component>
      <object_component id="oc-537">
         <name>.debug_info</name>
         <load_address>0xd9d3</load_address>
         <run_address>0xd9d3</run_address>
         <size>0xa1</size>
         <input_file_ref idref="fl-dc"/>
      </object_component>
      <object_component id="oc-53c">
         <name>.debug_info</name>
         <load_address>0xda74</load_address>
         <run_address>0xda74</run_address>
         <size>0x7a</size>
         <input_file_ref idref="fl-dc"/>
      </object_component>
      <object_component id="oc-4f4">
         <name>.debug_info</name>
         <load_address>0xdaee</load_address>
         <run_address>0xdaee</run_address>
         <size>0x18b</size>
         <input_file_ref idref="fl-dc"/>
      </object_component>
      <object_component id="oc-4a6">
         <name>.debug_info</name>
         <load_address>0xdc79</load_address>
         <run_address>0xdc79</run_address>
         <size>0x60</size>
         <input_file_ref idref="fl-dc"/>
      </object_component>
      <object_component id="oc-58d">
         <name>.debug_info</name>
         <load_address>0xdcd9</load_address>
         <run_address>0xdcd9</run_address>
         <size>0x53</size>
         <input_file_ref idref="fl-dc"/>
      </object_component>
      <object_component id="oc-532">
         <name>.debug_info</name>
         <load_address>0xdd2c</load_address>
         <run_address>0xdd2c</run_address>
         <size>0x39</size>
         <input_file_ref idref="fl-dc"/>
      </object_component>
      <object_component id="oc-511">
         <name>.debug_info</name>
         <load_address>0xdd65</load_address>
         <run_address>0xdd65</run_address>
         <size>0x39</size>
         <input_file_ref idref="fl-dc"/>
      </object_component>
      <object_component id="oc-752">
         <name>.debug_info</name>
         <load_address>0xdd9e</load_address>
         <run_address>0xdd9e</run_address>
         <size>0x2c</size>
         <input_file_ref idref="fl-dc"/>
      </object_component>
      <object_component id="oc-54b">
         <name>.debug_info</name>
         <load_address>0xddca</load_address>
         <run_address>0xddca</run_address>
         <size>0x2c</size>
         <input_file_ref idref="fl-dc"/>
      </object_component>
      <object_component id="oc-556">
         <name>.debug_info</name>
         <load_address>0xddf6</load_address>
         <run_address>0xddf6</run_address>
         <size>0x2c</size>
         <input_file_ref idref="fl-dc"/>
      </object_component>
      <object_component id="oc-550">
         <name>.debug_info</name>
         <load_address>0xde22</load_address>
         <run_address>0xde22</run_address>
         <size>0xcd</size>
         <input_file_ref idref="fl-dc"/>
      </object_component>
      <object_component id="oc-7c5">
         <name>.debug_info</name>
         <load_address>0xdeef</load_address>
         <run_address>0xdeef</run_address>
         <size>0x104</size>
      </object_component>
      <object_component id="oc-666">
         <name>.debug_line</name>
         <load_address>0x0</load_address>
         <run_address>0x0</run_address>
         <size>0x20</size>
         <input_file_ref idref="fl-3"/>
      </object_component>
      <object_component id="oc-785">
         <name>.debug_line</name>
         <load_address>0x20</load_address>
         <run_address>0x20</run_address>
         <size>0x7a</size>
         <input_file_ref idref="fl-3"/>
      </object_component>
      <object_component id="oc-742">
         <name>.debug_line</name>
         <load_address>0x9a</load_address>
         <run_address>0x9a</run_address>
         <size>0x9b</size>
         <input_file_ref idref="fl-3"/>
      </object_component>
      <object_component id="oc-6b3">
         <name>.debug_line</name>
         <load_address>0x135</load_address>
         <run_address>0x135</run_address>
         <size>0x8c</size>
         <input_file_ref idref="fl-3"/>
      </object_component>
      <object_component id="oc-6cb">
         <name>.debug_line</name>
         <load_address>0x1c1</load_address>
         <run_address>0x1c1</run_address>
         <size>0x9b</size>
         <input_file_ref idref="fl-3"/>
      </object_component>
      <object_component id="oc-586">
         <name>.debug_line</name>
         <load_address>0x25c</load_address>
         <run_address>0x25c</run_address>
         <size>0x7c</size>
         <input_file_ref idref="fl-3"/>
      </object_component>
      <object_component id="oc-4e0">
         <name>.debug_line</name>
         <load_address>0x2d8</load_address>
         <run_address>0x2d8</run_address>
         <size>0x79</size>
         <input_file_ref idref="fl-3"/>
      </object_component>
      <object_component id="oc-4dc">
         <name>.debug_line</name>
         <load_address>0x351</load_address>
         <run_address>0x351</run_address>
         <size>0x10b</size>
         <input_file_ref idref="fl-9"/>
      </object_component>
      <object_component id="oc-49b">
         <name>.debug_line</name>
         <load_address>0x45c</load_address>
         <run_address>0x45c</run_address>
         <size>0x92</size>
         <input_file_ref idref="fl-9"/>
      </object_component>
      <object_component id="oc-492">
         <name>.debug_line</name>
         <load_address>0x4ee</load_address>
         <run_address>0x4ee</run_address>
         <size>0xa7</size>
         <input_file_ref idref="fl-9"/>
      </object_component>
      <object_component id="oc-1f">
         <name>.debug_line</name>
         <load_address>0x595</load_address>
         <run_address>0x595</run_address>
         <size>0xa8</size>
         <input_file_ref idref="fl-9"/>
      </object_component>
      <object_component id="oc-48c">
         <name>.debug_line</name>
         <load_address>0x63d</load_address>
         <run_address>0x63d</run_address>
         <size>0xa7</size>
         <input_file_ref idref="fl-9"/>
      </object_component>
      <object_component id="oc-498">
         <name>.debug_line</name>
         <load_address>0x6e4</load_address>
         <run_address>0x6e4</run_address>
         <size>0xa7</size>
         <input_file_ref idref="fl-9"/>
      </object_component>
      <object_component id="oc-4d6">
         <name>.debug_line</name>
         <load_address>0x78b</load_address>
         <run_address>0x78b</run_address>
         <size>0x20</size>
         <input_file_ref idref="fl-9"/>
      </object_component>
      <object_component id="oc-74c">
         <name>.debug_line</name>
         <load_address>0x7ab</load_address>
         <run_address>0x7ab</run_address>
         <size>0x53</size>
         <input_file_ref idref="fl-13"/>
      </object_component>
      <object_component id="oc-746">
         <name>.debug_line</name>
         <load_address>0x7fe</load_address>
         <run_address>0x7fe</run_address>
         <size>0x53</size>
         <input_file_ref idref="fl-13"/>
      </object_component>
      <object_component id="oc-661">
         <name>.debug_line</name>
         <load_address>0x851</load_address>
         <run_address>0x851</run_address>
         <size>0x1b5</size>
         <input_file_ref idref="fl-19"/>
      </object_component>
      <object_component id="oc-563">
         <name>.debug_line</name>
         <load_address>0xa06</load_address>
         <run_address>0xa06</run_address>
         <size>0x70</size>
         <input_file_ref idref="fl-19"/>
      </object_component>
      <object_component id="oc-568">
         <name>.debug_line</name>
         <load_address>0xa76</load_address>
         <run_address>0xa76</run_address>
         <size>0x74</size>
         <input_file_ref idref="fl-19"/>
      </object_component>
      <object_component id="oc-56d">
         <name>.debug_line</name>
         <load_address>0xaea</load_address>
         <run_address>0xaea</run_address>
         <size>0x70</size>
         <input_file_ref idref="fl-19"/>
      </object_component>
      <object_component id="oc-572">
         <name>.debug_line</name>
         <load_address>0xb5a</load_address>
         <run_address>0xb5a</run_address>
         <size>0x74</size>
         <input_file_ref idref="fl-19"/>
      </object_component>
      <object_component id="oc-656">
         <name>.debug_line</name>
         <load_address>0xbce</load_address>
         <run_address>0xbce</run_address>
         <size>0x70</size>
         <input_file_ref idref="fl-1a"/>
      </object_component>
      <object_component id="oc-5bf">
         <name>.debug_line</name>
         <load_address>0xc3e</load_address>
         <run_address>0xc3e</run_address>
         <size>0x9f</size>
         <input_file_ref idref="fl-1a"/>
      </object_component>
      <object_component id="oc-5c4">
         <name>.debug_line</name>
         <load_address>0xcdd</load_address>
         <run_address>0xcdd</run_address>
         <size>0xdf</size>
         <input_file_ref idref="fl-1a"/>
      </object_component>
      <object_component id="oc-5c9">
         <name>.debug_line</name>
         <load_address>0xdbc</load_address>
         <run_address>0xdbc</run_address>
         <size>0x1b9</size>
         <input_file_ref idref="fl-1a"/>
      </object_component>
      <object_component id="oc-5ce">
         <name>.debug_line</name>
         <load_address>0xf75</load_address>
         <run_address>0xf75</run_address>
         <size>0xb6</size>
         <input_file_ref idref="fl-1a"/>
      </object_component>
      <object_component id="oc-5d3">
         <name>.debug_line</name>
         <load_address>0x102b</load_address>
         <run_address>0x102b</run_address>
         <size>0xd2</size>
         <input_file_ref idref="fl-1a"/>
      </object_component>
      <object_component id="oc-5d8">
         <name>.debug_line</name>
         <load_address>0x10fd</load_address>
         <run_address>0x10fd</run_address>
         <size>0x99</size>
         <input_file_ref idref="fl-1a"/>
      </object_component>
      <object_component id="oc-5dd">
         <name>.debug_line</name>
         <load_address>0x1196</load_address>
         <run_address>0x1196</run_address>
         <size>0xa4</size>
         <input_file_ref idref="fl-1a"/>
      </object_component>
      <object_component id="oc-5e2">
         <name>.debug_line</name>
         <load_address>0x123a</load_address>
         <run_address>0x123a</run_address>
         <size>0x79</size>
         <input_file_ref idref="fl-1a"/>
      </object_component>
      <object_component id="oc-55f">
         <name>.debug_line</name>
         <load_address>0x12b3</load_address>
         <run_address>0x12b3</run_address>
         <size>0x79</size>
         <input_file_ref idref="fl-d0"/>
      </object_component>
      <object_component id="oc-4d2">
         <name>.debug_line</name>
         <load_address>0x132c</load_address>
         <run_address>0x132c</run_address>
         <size>0x33</size>
         <input_file_ref idref="fl-d4"/>
      </object_component>
      <object_component id="oc-503">
         <name>.debug_line</name>
         <load_address>0x135f</load_address>
         <run_address>0x135f</run_address>
         <size>0x45</size>
         <input_file_ref idref="fl-d4"/>
      </object_component>
      <object_component id="oc-4b4">
         <name>.debug_line</name>
         <load_address>0x13a4</load_address>
         <run_address>0x13a4</run_address>
         <size>0x88</size>
         <input_file_ref idref="fl-d5"/>
      </object_component>
      <object_component id="oc-768">
         <name>.debug_line</name>
         <load_address>0x142c</load_address>
         <run_address>0x142c</run_address>
         <size>0xbf</size>
         <input_file_ref idref="fl-d6"/>
      </object_component>
      <object_component id="oc-626">
         <name>.debug_line</name>
         <load_address>0x14eb</load_address>
         <run_address>0x14eb</run_address>
         <size>0x6f</size>
         <input_file_ref idref="fl-d6"/>
      </object_component>
      <object_component id="oc-76c">
         <name>.debug_line</name>
         <load_address>0x155a</load_address>
         <run_address>0x155a</run_address>
         <size>0x2e</size>
         <input_file_ref idref="fl-d6"/>
      </object_component>
      <object_component id="oc-61a">
         <name>.debug_line</name>
         <load_address>0x1588</load_address>
         <run_address>0x1588</run_address>
         <size>0x3c</size>
         <input_file_ref idref="fl-d9"/>
      </object_component>
      <object_component id="oc-518">
         <name>.debug_line</name>
         <load_address>0x15c4</load_address>
         <run_address>0x15c4</run_address>
         <size>0x2ca</size>
         <input_file_ref idref="fl-dc"/>
      </object_component>
      <object_component id="oc-4c6">
         <name>.debug_line</name>
         <load_address>0x188e</load_address>
         <run_address>0x188e</run_address>
         <size>0x96</size>
         <input_file_ref idref="fl-dc"/>
      </object_component>
      <object_component id="oc-4ce">
         <name>.debug_line</name>
         <load_address>0x1924</load_address>
         <run_address>0x1924</run_address>
         <size>0x96</size>
         <input_file_ref idref="fl-dc"/>
      </object_component>
      <object_component id="oc-4d0">
         <name>.debug_line</name>
         <load_address>0x19ba</load_address>
         <run_address>0x19ba</run_address>
         <size>0x8b</size>
         <input_file_ref idref="fl-dc"/>
      </object_component>
      <object_component id="oc-780">
         <name>.debug_line</name>
         <load_address>0x1a45</load_address>
         <run_address>0x1a45</run_address>
         <size>0x85</size>
         <input_file_ref idref="fl-dc"/>
      </object_component>
      <object_component id="oc-6d0">
         <name>.debug_line</name>
         <load_address>0x1aca</load_address>
         <run_address>0x1aca</run_address>
         <size>0x96</size>
         <input_file_ref idref="fl-dc"/>
      </object_component>
      <object_component id="oc-78a">
         <name>.debug_line</name>
         <load_address>0x1b60</load_address>
         <run_address>0x1b60</run_address>
         <size>0xa4</size>
         <input_file_ref idref="fl-dc"/>
      </object_component>
      <object_component id="oc-788">
         <name>.debug_line</name>
         <load_address>0x1c04</load_address>
         <run_address>0x1c04</run_address>
         <size>0xa4</size>
         <input_file_ref idref="fl-dc"/>
      </object_component>
      <object_component id="oc-5fe">
         <name>.debug_line</name>
         <load_address>0x1ca8</load_address>
         <run_address>0x1ca8</run_address>
         <size>0x44</size>
         <input_file_ref idref="fl-dc"/>
      </object_component>
      <object_component id="oc-57a">
         <name>.debug_line</name>
         <load_address>0x1cec</load_address>
         <run_address>0x1cec</run_address>
         <size>0xa7</size>
         <input_file_ref idref="fl-dc"/>
      </object_component>
      <object_component id="oc-5f1">
         <name>.debug_line</name>
         <load_address>0x1d93</load_address>
         <run_address>0x1d93</run_address>
         <size>0xa6</size>
         <input_file_ref idref="fl-dc"/>
      </object_component>
      <object_component id="oc-5f7">
         <name>.debug_line</name>
         <load_address>0x1e39</load_address>
         <run_address>0x1e39</run_address>
         <size>0xa6</size>
         <input_file_ref idref="fl-dc"/>
      </object_component>
      <object_component id="oc-580">
         <name>.debug_line</name>
         <load_address>0x1edf</load_address>
         <run_address>0x1edf</run_address>
         <size>0xd5</size>
         <input_file_ref idref="fl-dc"/>
      </object_component>
      <object_component id="oc-4cb">
         <name>.debug_line</name>
         <load_address>0x1fb4</load_address>
         <run_address>0x1fb4</run_address>
         <size>0xcc</size>
         <input_file_ref idref="fl-dc"/>
      </object_component>
      <object_component id="oc-6f5">
         <name>.debug_line</name>
         <load_address>0x2080</load_address>
         <run_address>0x2080</run_address>
         <size>0x122</size>
         <input_file_ref idref="fl-dc"/>
      </object_component>
      <object_component id="oc-6fb">
         <name>.debug_line</name>
         <load_address>0x21a2</load_address>
         <run_address>0x21a2</run_address>
         <size>0x125</size>
         <input_file_ref idref="fl-dc"/>
      </object_component>
      <object_component id="oc-701">
         <name>.debug_line</name>
         <load_address>0x22c7</load_address>
         <run_address>0x22c7</run_address>
         <size>0xc7</size>
         <input_file_ref idref="fl-dc"/>
      </object_component>
      <object_component id="oc-714">
         <name>.debug_line</name>
         <load_address>0x238e</load_address>
         <run_address>0x238e</run_address>
         <size>0xd9</size>
         <input_file_ref idref="fl-dc"/>
      </object_component>
      <object_component id="oc-707">
         <name>.debug_line</name>
         <load_address>0x2467</load_address>
         <run_address>0x2467</run_address>
         <size>0x15c</size>
         <input_file_ref idref="fl-dc"/>
      </object_component>
      <object_component id="oc-70d">
         <name>.debug_line</name>
         <load_address>0x25c3</load_address>
         <run_address>0x25c3</run_address>
         <size>0xd9</size>
         <input_file_ref idref="fl-dc"/>
      </object_component>
      <object_component id="oc-6ad">
         <name>.debug_line</name>
         <load_address>0x269c</load_address>
         <run_address>0x269c</run_address>
         <size>0x1e1</size>
         <input_file_ref idref="fl-dc"/>
      </object_component>
      <object_component id="oc-66b">
         <name>.debug_line</name>
         <load_address>0x287d</load_address>
         <run_address>0x287d</run_address>
         <size>0x297</size>
         <input_file_ref idref="fl-dc"/>
      </object_component>
      <object_component id="oc-671">
         <name>.debug_line</name>
         <load_address>0x2b14</load_address>
         <run_address>0x2b14</run_address>
         <size>0xca</size>
         <input_file_ref idref="fl-dc"/>
      </object_component>
      <object_component id="oc-6b9">
         <name>.debug_line</name>
         <load_address>0x2bde</load_address>
         <run_address>0x2bde</run_address>
         <size>0xbb</size>
         <input_file_ref idref="fl-dc"/>
      </object_component>
      <object_component id="oc-69b">
         <name>.debug_line</name>
         <load_address>0x2c99</load_address>
         <run_address>0x2c99</run_address>
         <size>0x93</size>
         <input_file_ref idref="fl-dc"/>
      </object_component>
      <object_component id="oc-6a1">
         <name>.debug_line</name>
         <load_address>0x2d2c</load_address>
         <run_address>0x2d2c</run_address>
         <size>0xe8</size>
         <input_file_ref idref="fl-dc"/>
      </object_component>
      <object_component id="oc-677">
         <name>.debug_line</name>
         <load_address>0x2e14</load_address>
         <run_address>0x2e14</run_address>
         <size>0xbe</size>
         <input_file_ref idref="fl-dc"/>
      </object_component>
      <object_component id="oc-71c">
         <name>.debug_line</name>
         <load_address>0x2ed2</load_address>
         <run_address>0x2ed2</run_address>
         <size>0xc5</size>
         <input_file_ref idref="fl-dc"/>
      </object_component>
      <object_component id="oc-67d">
         <name>.debug_line</name>
         <load_address>0x2f97</load_address>
         <run_address>0x2f97</run_address>
         <size>0xe3</size>
         <input_file_ref idref="fl-dc"/>
      </object_component>
      <object_component id="oc-683">
         <name>.debug_line</name>
         <load_address>0x307a</load_address>
         <run_address>0x307a</run_address>
         <size>0xc5</size>
         <input_file_ref idref="fl-dc"/>
      </object_component>
      <object_component id="oc-724">
         <name>.debug_line</name>
         <load_address>0x313f</load_address>
         <run_address>0x313f</run_address>
         <size>0xc3</size>
         <input_file_ref idref="fl-dc"/>
      </object_component>
      <object_component id="oc-72a">
         <name>.debug_line</name>
         <load_address>0x3202</load_address>
         <run_address>0x3202</run_address>
         <size>0xb7</size>
         <input_file_ref idref="fl-dc"/>
      </object_component>
      <object_component id="oc-733">
         <name>.debug_line</name>
         <load_address>0x32b9</load_address>
         <run_address>0x32b9</run_address>
         <size>0x56</size>
         <input_file_ref idref="fl-dc"/>
      </object_component>
      <object_component id="oc-6a7">
         <name>.debug_line</name>
         <load_address>0x330f</load_address>
         <run_address>0x330f</run_address>
         <size>0xb7</size>
         <input_file_ref idref="fl-dc"/>
      </object_component>
      <object_component id="oc-689">
         <name>.debug_line</name>
         <load_address>0x33c6</load_address>
         <run_address>0x33c6</run_address>
         <size>0x1db</size>
         <input_file_ref idref="fl-dc"/>
      </object_component>
      <object_component id="oc-68f">
         <name>.debug_line</name>
         <load_address>0x35a1</load_address>
         <run_address>0x35a1</run_address>
         <size>0x15e</size>
         <input_file_ref idref="fl-dc"/>
      </object_component>
      <object_component id="oc-695">
         <name>.debug_line</name>
         <load_address>0x36ff</load_address>
         <run_address>0x36ff</run_address>
         <size>0xb6</size>
         <input_file_ref idref="fl-dc"/>
      </object_component>
      <object_component id="oc-604">
         <name>.debug_line</name>
         <load_address>0x37b5</load_address>
         <run_address>0x37b5</run_address>
         <size>0x212</size>
         <input_file_ref idref="fl-dc"/>
      </object_component>
      <object_component id="oc-6c5">
         <name>.debug_line</name>
         <load_address>0x39c7</load_address>
         <run_address>0x39c7</run_address>
         <size>0x142</size>
         <input_file_ref idref="fl-dc"/>
      </object_component>
      <object_component id="oc-60a">
         <name>.debug_line</name>
         <load_address>0x3b09</load_address>
         <run_address>0x3b09</run_address>
         <size>0xbe</size>
         <input_file_ref idref="fl-dc"/>
      </object_component>
      <object_component id="oc-610">
         <name>.debug_line</name>
         <load_address>0x3bc7</load_address>
         <run_address>0x3bc7</run_address>
         <size>0xd7</size>
         <input_file_ref idref="fl-dc"/>
      </object_component>
      <object_component id="oc-5ac">
         <name>.debug_line</name>
         <load_address>0x3c9e</load_address>
         <run_address>0x3c9e</run_address>
         <size>0x12f</size>
         <input_file_ref idref="fl-dc"/>
      </object_component>
      <object_component id="oc-5a6">
         <name>.debug_line</name>
         <load_address>0x3dcd</load_address>
         <run_address>0x3dcd</run_address>
         <size>0x40</size>
         <input_file_ref idref="fl-dc"/>
      </object_component>
      <object_component id="oc-4bd">
         <name>.debug_line</name>
         <load_address>0x3e0d</load_address>
         <run_address>0x3e0d</run_address>
         <size>0x56</size>
         <input_file_ref idref="fl-dc"/>
      </object_component>
      <object_component id="oc-2b">
         <name>.debug_line</name>
         <load_address>0x3e63</load_address>
         <run_address>0x3e63</run_address>
         <size>0x55</size>
         <input_file_ref idref="fl-dc"/>
      </object_component>
      <object_component id="oc-25">
         <name>.debug_line</name>
         <load_address>0x3eb8</load_address>
         <run_address>0x3eb8</run_address>
         <size>0xa9</size>
         <input_file_ref idref="fl-dc"/>
      </object_component>
      <object_component id="oc-4eb">
         <name>.debug_line</name>
         <load_address>0x3f61</load_address>
         <run_address>0x3f61</run_address>
         <size>0x5e</size>
         <input_file_ref idref="fl-dc"/>
      </object_component>
      <object_component id="oc-59c">
         <name>.debug_line</name>
         <load_address>0x3fbf</load_address>
         <run_address>0x3fbf</run_address>
         <size>0xbd</size>
         <input_file_ref idref="fl-dc"/>
      </object_component>
      <object_component id="oc-4f1">
         <name>.debug_line</name>
         <load_address>0x407c</load_address>
         <run_address>0x407c</run_address>
         <size>0x215</size>
         <input_file_ref idref="fl-dc"/>
      </object_component>
      <object_component id="oc-4a1">
         <name>.debug_line</name>
         <load_address>0x4291</load_address>
         <run_address>0x4291</run_address>
         <size>0x116</size>
         <input_file_ref idref="fl-dc"/>
      </object_component>
      <object_component id="oc-596">
         <name>.debug_line</name>
         <load_address>0x43a7</load_address>
         <run_address>0x43a7</run_address>
         <size>0x43</size>
         <input_file_ref idref="fl-dc"/>
      </object_component>
      <object_component id="oc-51c">
         <name>.debug_line</name>
         <load_address>0x43ea</load_address>
         <run_address>0x43ea</run_address>
         <size>0x82</size>
         <input_file_ref idref="fl-dc"/>
      </object_component>
      <object_component id="oc-521">
         <name>.debug_line</name>
         <load_address>0x446c</load_address>
         <run_address>0x446c</run_address>
         <size>0x87</size>
         <input_file_ref idref="fl-dc"/>
      </object_component>
      <object_component id="oc-526">
         <name>.debug_line</name>
[...]
         <value>0x20013eb4</value>
      </symbol>
      <symbol id="sm-782">
         <name>pGapScanRspData</name>
         <value>0x20013eb8</value>
      </symbol>
      <symbol id="sm-783">
         <name>pfnPeripheralCBs</name>
         <value>0x20013ebc</value>
      </symbol>
      <symbol id="sm-784">
         <name>pfnCentralCBs</name>
         <value>0x20013ec0</value>
      </symbol>
      <symbol id="sm-785">
         <name>pfnBondMgrCBs</name>
         <value>0x20013ec4</value>
      </symbol>
      <symbol id="sm-786">
         <name>serverInfoTbl</name>
         <value>0x20013ec8</value>
      </symbol>
      <symbol id="sm-787">
         <name>pServiceList</name>
         <value>0x20013ecc</value>
      </symbol>
      <symbol id="sm-788">
         <name>pfnServerProcessMsgCB</name>
         <value>0x20013ed0</value>
      </symbol>
      <symbol id="sm-789">
         <name>pfnClientProcessMsgCB</name>
         <value>0x20013ed4</value>
      </symbol>
      <symbol id="sm-78a">
         <name>prepareWritesTbl</name>
         <value>0x20013ed8</value>
      </symbol>
      <symbol id="sm-78b">
         <name>serviceCBsList</name>
         <value>0x20013edc</value>
      </symbol>
      <symbol id="sm-78c">
         <name>pAttrValue</name>
         <value>0x20013ee0</value>
      </symbol>
      <symbol id="sm-78d">
         <name>l2capChannels</name>
         <value>0x20013ee4</value>
      </symbol>
      <symbol id="sm-78e">
         <name>linkDB</name>
         <value>0x20013ee8</value>
      </symbol>
      <symbol id="sm-78f">
         <name>rfHandle</name>
         <value>0x20013eec</value>
      </symbol>
      <symbol id="sm-790">
         <name>rfDrvTblPtr</name>
         <value>0x20013ef0</value>
      </symbol>
      <symbol id="sm-791">
         <name>eccDrvTblPtr</name>
         <value>0x20013ef4</value>
      </symbol>
      <symbol id="sm-792">
         <name>cryptoDrvTblPtr</name>
         <value>0x20013ef8</value>
      </symbol>
      <symbol id="sm-793">
         <name>trngDrvTblPtr</name>
         <value>0x20013efc</value>
      </symbol>
      <symbol id="sm-794">
         <name>activeConns</name>
         <value>0x20013f00</value>
      </symbol>
      <symbol id="sm-795">
         <name>SysBootMsg</name>
         <value>0x20013f04</value>
      </symbol>
      <symbol id="sm-796">
         <name>sclkSrc</name>
         <value>0x20013f08</value>
      </symbol>
      <symbol id="sm-797">
         <name>buildInfo</name>
         <value>0x20013f0c</value>
      </symbol>
      <symbol id="sm-798">
         <name>advInfo</name>
         <value>0x20013f10</value>
      </symbol>
      <symbol id="sm-799">
         <name>scanInfo</name>
         <value>0x20013f14</value>
      </symbol>
      <symbol id="sm-79a">
         <name>initInfo</name>
         <value>0x20013f18</value>
      </symbol>
      <symbol id="sm-79b">
         <name>dtmInfo</name>
         <value>0x20013f1c</value>
      </symbol>
      <symbol id="sm-79c">
         <name>taskEndAction</name>
         <value>0x20013f20</value>
      </symbol>
      <symbol id="sm-79d">
         <name>encParams</name>
         <value>0x20013f24</value>
      </symbol>
      <symbol id="sm-79e">
         <name>encHandle</name>
         <value>0x20013f28</value>
      </symbol>
      <symbol id="sm-79f">
         <name>encKey</name>
         <value>0x20013f2c</value>
      </symbol>
      <symbol id="sm-7a0">
         <name>pPairingParams</name>
         <value>0x20013f30</value>
      </symbol>
      <symbol id="sm-7a1">
         <name>pfnResponderCBs</name>
         <value>0x20013f34</value>
      </symbol>
      <symbol id="sm-7a2">
         <name>pfnInitiatorCBs</name>
         <value>0x20013f38</value>
      </symbol>
      <symbol id="sm-7a3">
         <name>gapLimitedAdvertisingTimeout</name>
         <value>0x20013f3c</value>
      </symbol>
      <symbol id="sm-7a4">
         <name>attrLen</name>
         <value>0x20013f3e</value>
      </symbol>
      <symbol id="sm-7a5">
         <name>numHostBufs</name>
         <value>0x20013f40</value>
      </symbol>
      <symbol id="sm-7a6">
         <name>rfCmdHandle</name>
         <value>0x20013f42</value>
      </symbol>
      <symbol id="sm-7a7">
         <name>connInitialMaxTxOctets</name>
         <value>0x20013f44</value>
      </symbol>
      <symbol id="sm-7a8">
         <name>connInitialMaxTxTime</name>
         <value>0x20013f46</value>
      </symbol>
      <symbol id="sm-7a9">
         <name>supportedMaxTxOctets</name>
         <value>0x20013f48</value>
      </symbol>
      <symbol id="sm-7aa">
         <name>supportedMaxTxTime</name>
         <value>0x20013f4a</value>
      </symbol>
      <symbol id="sm-7ab">
         <name>supportedMaxRxOctets</name>
         <value>0x20013f4c</value>
      </symbol>
      <symbol id="sm-7ac">
         <name>supportedMaxRxTime</name>
         <value>0x20013f4e</value>
      </symbol>
      <symbol id="sm-7ad">
         <name>taskEndStatus</name>
         <value>0x20013f50</value>
      </symbol>
      <symbol id="sm-7ae">
         <name>postRfOperations</name>
         <value>0x20013f52</value>
      </symbol>
      <symbol id="sm-7af">
         <name>rfCfgAdiVal</name>
         <value>0x20013f54</value>
      </symbol>
      <symbol id="sm-7b0">
         <name>gapProfileRole</name>
         <value>0x20013f58</value>
      </symbol>
      <symbol id="sm-7b1">
         <name>gapDeviceAddrMode</name>
         <value>0x20013f59</value>
      </symbol>
      <symbol id="sm-7b2">
         <name>gapState</name>
         <value>0x20013f5a</value>
      </symbol>
      <symbol id="sm-7b3">
         <name>terminateAllTaskID</name>
         <value>0x20013f5b</value>
      </symbol>
      <symbol id="sm-7b4">
         <name>terminateReason</name>
         <value>0x20013f5c</value>
      </symbol>
      <symbol id="sm-7b5">
         <name>gapTaskID</name>
         <value>0x20013f5d</value>
      </symbol>
      <symbol id="sm-7b6">
         <name>gattNumConns</name>
         <value>0x20013f5e</value>
      </symbol>
      <symbol id="sm-7b7">
         <name>gattTaskID</name>
         <value>0x20013f5f</value>
      </symbol>
      <symbol id="sm-7b8">
         <name>GATTServApp_TaskID</name>
         <value>0x20013f60</value>
      </symbol>
      <symbol id="sm-7b9">
         <name>maxNumPrepareWrites</name>
         <value>0x20013f61</value>
      </symbol>
      <symbol id="sm-7ba">
         <name>hciPTMenabled</name>
         <value>0x20013f62</value>
      </symbol>
      <symbol id="sm-7bb">
         <name>ctrlToHostEnable</name>
         <value>0x20013f63</value>
      </symbol>
      <symbol id="sm-7bc">
         <name>l2capFlowCtrlMode</name>
         <value>0x20013f64</value>
      </symbol>
      <symbol id="sm-7bd">
         <name>l2capTaskID</name>
         <value>0x20013f65</value>
      </symbol>
      <symbol id="sm-7be">
         <name>l2capNumChannels</name>
         <value>0x20013f66</value>
      </symbol>
      <symbol id="sm-7bf">
         <name>l2capNumDataPkts</name>
         <value>0x20013f67</value>
      </symbol>
      <symbol id="sm-7c0">
         <name>l2capId</name>
         <value>0x20013f68</value>
      </symbol>
      <symbol id="sm-7c1">
         <name>linkDBNumConns</name>
         <value>0x20013f69</value>
      </symbol>
      <symbol id="sm-7c2">
         <name>linkDB_secureConnectionOnlyMode</name>
         <value>0x20013f6a</value>
      </symbol>
      <symbol id="sm-7c3">
         <name>maxPduSize</name>
         <value>0x20013f6b</value>
      </symbol>
      <symbol id="sm-7c4">
         <name>rfFeModeBias</name>
         <value>0x20013f6c</value>
      </symbol>
      <symbol id="sm-7c5">
         <name>maxNumTxDataBufs</name>
         <value>0x20013f6d</value>
      </symbol>
      <symbol id="sm-7c6">
         <name>LL_TaskID</name>
         <value>0x20013f6e</value>
      </symbol>
      <symbol id="sm-7c7">
         <name>llState</name>
         <value>0x20013f6f</value>
      </symbol>
      <symbol id="sm-7c8">
         <name>rssiCorrection</name>
         <value>0x20013f70</value>
      </symbol>
      <symbol id="sm-7c9">
         <name>curTxPowerVal</name>
         <value>0x20013f71</value>
      </symbol>
      <symbol id="sm-7ca">
         <name>maxTxPwrForDTM</name>
         <value>0x20013f72</value>
      </symbol>
      <symbol id="sm-7cb">
         <name>onePktPerEvt</name>
         <value>0x20013f73</value>
      </symbol>
      <symbol id="sm-7cc">
         <name>numComplPkts</name>
         <value>0x20013f74</value>
      </symbol>
      <symbol id="sm-7cd">
         <name>numComplPktsLimit</name>
         <value>0x20013f75</value>
      </symbol>
      <symbol id="sm-7ce">
         <name>numComplPktsFlush</name>
         <value>0x20013f76</value>
      </symbol>
      <symbol id="sm-7cf">
         <name>fastTxRespTime</name>
         <value>0x20013f77</value>
      </symbol>
      <symbol id="sm-7d0">
         <name>slOverride</name>
         <value>0x20013f78</value>
      </symbol>
      <symbol id="sm-7d1">
         <name>rxFifoFlowCtrl</name>
         <value>0x20013f79</value>
      </symbol>
      <symbol id="sm-7d2">
         <name>numTxDataBufs</name>
         <value>0x20013f7a</value>
      </symbol>
      <symbol id="sm-7d3">
         <name>maxNumConns</name>
         <value>0x20013f7b</value>
      </symbol>
      <symbol id="sm-7d4">
         <name>smTaskID</name>
         <value>0x20013f7c</value>
      </symbol>
      <symbol id="sm-7d5">
         <name>SM_appExpectingKey</name>
         <value>0x20013f7d</value>
      </symbol>
      <symbol id="sm-7d6">
         <name>eccRom_param_Gx</name>
         <value>0x20013f80</value>
      </symbol>
      <symbol id="sm-7d7">
         <name>ECC_DATA$$Base</name>
         <value>0x20013f80</value>
      </symbol>
      <symbol id="sm-7d8">
         <name>eccRom_param_Gy</name>
         <value>0x20013f84</value>
      </symbol>
      <symbol id="sm-7d9">
         <name>eccRom_workzone</name>
         <value>0x20013f88</value>
      </symbol>
      <symbol id="sm-7da">
         <name>eccRom_param_p</name>
         <value>0x20013f8c</value>
      </symbol>
      <symbol id="sm-7db">
         <name>eccRom_param_r</name>
         <value>0x20013f90</value>
      </symbol>
      <symbol id="sm-7dc">
         <name>eccRom_param_a</name>
         <value>0x20013f94</value>
      </symbol>
      <symbol id="sm-7dd">
         <name>eccRom_param_b</name>
         <value>0x20013f98</value>
      </symbol>
      <symbol id="sm-7de">
         <name>eccRom_windowSize</name>
         <value>0x20013f9c</value>
      </symbol>
      <symbol id="sm-7df">
         <name>aux64</name>
         <value>0x20013fa0</value>
      </symbol>
      <symbol id="sm-7e0">
         <name>MOD</name>
         <value>0x20013fa8</value>
      </symbol>
      <symbol id="sm-7e1">
         <name>LEN</name>
         <value>0x20013fac</value>
      </symbol>
      <symbol id="sm-7e2">
         <name>inScalar</name>
         <value>0x20013fb0</value>
      </symbol>
      <symbol id="sm-7e3">
         <name>inPointX</name>
         <value>0x20013fb4</value>
      </symbol>
      <symbol id="sm-7e4">
         <name>inPointY</name>
         <value>0x20013fb8</value>
      </symbol>
      <symbol id="sm-7e5">
         <name>outPointX</name>
         <value>0x20013fbc</value>
      </symbol>
      <symbol id="sm-7e6">
         <name>outPointY</name>
         <value>0x20013fc0</value>
      </symbol>
      <symbol id="sm-7e7">
         <name>SCAL</name>
         <value>0x20013fc4</value>
      </symbol>
      <symbol id="sm-7e8">
         <name>EXPX</name>
         <value>0x20013fc8</value>
      </symbol>
      <symbol id="sm-7e9">
         <name>EXPY</name>
         <value>0x20013fcc</value>
      </symbol>
      <symbol id="sm-7ea">
         <name>EXPZ</name>
         <value>0x20013fd0</value>
      </symbol>
      <symbol id="sm-7eb">
         <name>EXPW</name>
         <value>0x20013fd4</value>
      </symbol>
      <symbol id="sm-7ec">
         <name>ACCX</name>
         <value>0x20013fd8</value>
      </symbol>
      <symbol id="sm-7ed">
         <name>ACCY</name>
         <value>0x20013fdc</value>
      </symbol>
      <symbol id="sm-7ee">
         <name>ACCZ</name>
         <value>0x20013fe0</value>
      </symbol>
      <symbol id="sm-7ef">
         <name>TMP1</name>
         <value>0x20013fe4</value>
      </symbol>
      <symbol id="sm-7f0">
         <name>TMP2</name>
         <value>0x20013fe8</value>
      </symbol>
      <symbol id="sm-7f1">
         <name>TMP3</name>
         <value>0x20013fec</value>
      </symbol>
      <symbol id="sm-7f2">
         <name>TMP4</name>
         <value>0x20013ff0</value>
      </symbol>
      <symbol id="sm-7f3">
         <name>TMP5</name>
         <value>0x20013ff4</value>
      </symbol>
      <symbol id="sm-7f4">
         <name>TMP6</name>
         <value>0x20013ff8</value>
      </symbol>
      <symbol id="sm-7f5">
         <name>MSBMOD</name>
         <value>0x20013ffc</value>
      </symbol>
      <symbol id="sm-7f6">
         <name>ECC_DATA$$Limit</name>
         <value>0x20014000</value>
      </symbol>
      <symbol id="sm-7f7">
         <name>__checksum_begin</name>
         <value>0x10007000</value>
      </symbol>
      <symbol id="sm-7f8">
         <name>ROM_BASE_ADDR</name>
         <value>0x10007001</value>
      </symbol>
      <symbol id="sm-7f9">
         <name>__checksum_end</name>
         <value>0x1001dffd</value>
      </symbol>
      <symbol id="sm-7fa">
         <name>RAM_BASE_ADDR</name>
         <value>0x200134f8</value>
      </symbol>
      <symbol id="sm-7fb">
         <name>__checksum_value</name>
         <value>0x12d9</value>
      </symbol>
      <symbol id="sm-7fc">
         <name>A0_rw</name>
         <value>0x10007000</value>
      </symbol>
      <symbol id="sm-7fd">
         <name>P1_ro</name>
         <value>0x10007004</value>
      </symbol>
      <symbol id="sm-7fe">
         <name>A2_rw</name>
         <value>0x1001dffc</value>
      </symbol>
      <symbol id="sm-7ff">
         <name>A1_rw</name>
         <value>0x1001dffe</value>
      </symbol>
      <symbol id="sm-800">
         <name>Fill1</name>
         <value>0x1001d840</value>
      </symbol>
      <symbol id="sm-801">
         <name>A3_rw</name>
         <value>0x200134f8</value>
      </symbol>
      <symbol id="sm-802">
         <name>P2_rw</name>
         <value>0x20013508</value>
      </symbol>
      <symbol id="sm-803">
         <name>P2_zi_</name>
         <value>0x200135ac</value>
      </symbol>
      <symbol id="sm-804">
         <name>A4_rw</name>
         <value>0x20013f80</value>
      </symbol>
      <symbol id="sm-819">
         <name>NOROM_CPUcpsie</name>
         <value>0x57a5b</value>
         <object_component_ref idref="oc-74b"/>
      </symbol>
      <symbol id="sm-81a">
         <name>NOROM_CPUcpsid</name>
         <value>0x57a4f</value>
         <object_component_ref idref="oc-745"/>
      </symbol>
      <symbol id="sm-835">
         <name>SHA2CC26XX_execute</name>
         <value>0x57621</value>
         <object_component_ref idref="oc-561"/>
      </symbol>
      <symbol id="sm-836">
         <name>SHA2CC26XX_initialize</name>
         <value>0x57615</value>
         <object_component_ref idref="oc-561"/>
      </symbol>
      <symbol id="sm-837">
         <name>SHA2CC26XX_output</name>
         <value>0x57633</value>
         <object_component_ref idref="oc-561"/>
      </symbol>
      <symbol id="sm-838">
         <name>SHA2CC26XX_runFullAlgorithm</name>
         <value>0x575ed</value>
         <object_component_ref idref="oc-561"/>
      </symbol>
      <symbol id="sm-875">
         <name>SHA256_final</name>
         <value>0x56409</value>
         <object_component_ref idref="oc-5bb"/>
      </symbol>
      <symbol id="sm-876">
         <name>SHA256_full</name>
         <value>0x564cb</value>
         <object_component_ref idref="oc-5bb"/>
      </symbol>
      <symbol id="sm-877">
         <name>SHA256_init</name>
         <value>0x5634d</value>
         <object_component_ref idref="oc-5bb"/>
      </symbol>
      <symbol id="sm-878">
         <name>SHA256_nextState</name>
         <value>0x56199</value>
         <object_component_ref idref="oc-5bb"/>
      </symbol>
      <symbol id="sm-879">
         <name>SHA256_process</name>
         <value>0x56399</value>
         <object_component_ref idref="oc-5bb"/>
      </symbol>
      <symbol id="sm-87a">
         <name>SHA256_round</name>
         <value>0x5611f</value>
         <object_component_ref idref="oc-5bb"/>
      </symbol>
      <symbol id="sm-87b">
         <name>SHA256_saveBuffer</name>
         <value>0x56281</value>
         <object_component_ref idref="oc-5bb"/>
      </symbol>
      <symbol id="sm-87c">
         <name>SHA256_updateW</name>
         <value>0x560d9</value>
         <object_component_ref idref="oc-5bb"/>
      </symbol>
      <symbol id="sm-88b">
         <name>__aeabi_memset</name>
         <value>0x5721f</value>
         <object_component_ref idref="oc-55b"/>
      </symbol>
      <symbol id="sm-88c">
         <name>memset</name>
         <value>0x57225</value>
         <object_component_ref idref="oc-55b"/>
      </symbol>
      <symbol id="sm-88d">
         <name>__aeabi_memset8</name>
         <value>0x5721f</value>
         <object_component_ref idref="oc-55b"/>
      </symbol>
      <symbol id="sm-88e">
         <name>__aeabi_memset4</name>
         <value>0x5721f</value>
         <object_component_ref idref="oc-55b"/>
      </symbol>
      <symbol id="sm-88f">
         <name>__aeabi_memclr8</name>
         <value>0x5721d</value>
         <object_component_ref idref="oc-55b"/>
      </symbol>
      <symbol id="sm-890">
         <name>__aeabi_memclr4</name>
         <value>0x5721d</value>
         <object_component_ref idref="oc-55b"/>
      </symbol>
      <symbol id="sm-891">
         <name>__aeabi_memclr</name>
         <value>0x5721d</value>
         <object_component_ref idref="oc-55b"/>
      </symbol>
      <symbol id="sm-8a4">
         <name>__stack</name>
         <value>0x20013c00</value>
         <object_component_ref idref="oc-485"/>
      </symbol>
      <symbol id="sm-8a5">
         <name>_c_int00_noargs</name>
         <value>0x5778d</value>
         <object_component_ref idref="oc-4ff"/>
      </symbol>
      <symbol id="sm-8c0">
         <name>memcpy</name>
         <value>0x5707d</value>
         <object_component_ref idref="oc-4b0"/>
      </symbol>
      <symbol id="sm-8c1">
         <name>__aeabi_memcpy</name>
         <value>0x5707d</value>
         <object_component_ref idref="oc-4b0"/>
      </symbol>
      <symbol id="sm-8c2">
         <name>__aeabi_memcpy8</name>
         <value>0x5707d</value>
         <object_component_ref idref="oc-4b0"/>
      </symbol>
      <symbol id="sm-8c3">
         <name>__aeabi_memcpy4</name>
         <value>0x5707d</value>
         <object_component_ref idref="oc-4b0"/>
      </symbol>
      <symbol id="sm-8dc">
         <name>__TI_auto_init_nobinit_nopinit</name>
         <value>0x57691</value>
         <object_component_ref idref="oc-622"/>
      </symbol>
      <symbol id="sm-8e7">
         <name>C$$EXIT</name>
         <value>0x57a77</value>
         <object_component_ref idref="oc-616"/>
      </symbol>
      <symbol id="sm-8e8">
         <name>abort</name>
         <value>0x57a77</value>
         <object_component_ref idref="oc-616"/>
      </symbol>
      <symbol id="sm-8ea">
         <name>__TI_static_base__</name>
         <value>0x57ac8</value>
      </symbol>
      <symbol id="sm-8ef">
         <name>__mpu_init</name>
         <value>0x0</value>
      </symbol>
      <symbol id="sm-8f0">
         <name>_system_post_cinit</name>
         <value>0x0</value>
      </symbol>
   </symbol_table>
   <title>Link successful</title>
</link_info>
